Archive member included to satisfy reference by file (symbol)

./out/lib/sapi_bm.a(sAPI_AnalogIO.o)
                              ./out/obj/baremetal.o (analogConfig)
./out/lib/sapi_bm.a(sAPI_Board.o)
                              ./out/obj/baremetal.o (boardConfig)
./out/lib/sapi_bm.a(sAPI_Delay.o)
                              ./out/obj/baremetal.o (delay)
./out/lib/sapi_bm.a(sAPI_DigitalIO.o)
                              ./out/obj/baremetal.o (digitalConfig)
./out/lib/sapi_bm.a(sAPI_Pwm.o)
                              ./out/obj/baremetal.o (pwmWrite)
./out/lib/sapi_bm.a(sAPI_Sct.o)
                              ./out/lib/sapi_bm.a(sAPI_Pwm.o) (Sct_Init)
./out/lib/sapi_bm.a(sAPI_Tick.o)
                              ./out/lib/sapi_bm.a(sAPI_Delay.o) (tickRateMS)
./out/lib/sapi_bm.a(sAPI_Uart.o)
                              ./out/obj/baremetal.o (uartConfig)
./out/lib/sapi_bm.a(sAPI_DataTypes.o)
                              ./out/lib/sapi_bm.a(sAPI_Tick.o) (sAPI_NullFuncPtr)
./out/lib/ext_drivers.a(adc_18xx_43xx.o)
                              ./out/lib/sapi_bm.a(sAPI_AnalogIO.o) (Chip_ADC_Init)
./out/lib/ext_drivers.a(chip_18xx_43xx.o)
                              ./out/lib/sapi_bm.a(sAPI_Tick.o) (SystemCoreClock)
./out/lib/ext_drivers.a(clock_18xx_43xx.o)
                              ./out/lib/ext_drivers.a(chip_18xx_43xx.o) (Chip_Clock_GetClockInputHz)
./out/lib/ext_drivers.a(cr_startup_lpc43xx.o)
                              (ResetISR)
./out/lib/ext_drivers.a(dac_18xx_43xx.o)
                              ./out/lib/sapi_bm.a(sAPI_AnalogIO.o) (Chip_DAC_Init)
./out/lib/ext_drivers.a(gpio_18xx_43xx.o)
                              ./out/lib/sapi_bm.a(sAPI_DigitalIO.o) (Chip_GPIO_Init)
./out/lib/ext_drivers.a(sct_18xx_43xx.o)
                              ./out/lib/sapi_bm.a(sAPI_Sct.o) (Chip_SCT_Init)
./out/lib/ext_drivers.a(sct_pwm_18xx_43xx.o)
                              ./out/lib/sapi_bm.a(sAPI_Sct.o) (Chip_SCTPWM_SetOutPin)
./out/lib/ext_drivers.a(sysinit.o)
                              ./out/lib/ext_drivers.a(clock_18xx_43xx.o) (ExtRateIn)
./out/lib/ext_drivers.a(sysinit_18xx_43xx.o)
                              ./out/lib/ext_drivers.a(sysinit.o) (Chip_SystemInit)
./out/lib/ext_drivers.a(uart_18xx_43xx.o)
                              ./out/lib/sapi_bm.a(sAPI_Uart.o) (Chip_UART_Init)
./out/lib/ext_drivers.a(fpu_init.o)
                              ./out/lib/ext_drivers.a(sysinit.o) (fpuInit)
./out/lib/ext_drivers.a(ring_buffer.o)
                              ./out/lib/ext_drivers.a(uart_18xx_43xx.o) (RingBuffer_Insert)
./out/lib/sapi_bm.a(sAPI_IsrVector.o)
                              ./out/lib/ext_drivers.a(cr_startup_lpc43xx.o) (g_pfnVectors)
./out/lib/sapi_bm.a(sAPI_Timer.o)
                              ./out/lib/sapi_bm.a(sAPI_IsrVector.o) (TIMER0_IRQHandler)
./out/lib/ext_drivers.a(timer_18xx_43xx.o)
                              ./out/lib/sapi_bm.a(sAPI_Timer.o) (Chip_TIMER_Init)
/usr/local/Caskroom/gcc-arm-embedded/5_4-2016q2,20160622/gcc-arm-none-eabi-5_4-2016q2/bin/../lib/gcc/arm-none-eabi/5.4.1/armv7e-m/softfp/libgcc.a(_arm_addsubdf3.o)
                              ./out/obj/baremetal.o (__aeabi_dsub)
/usr/local/Caskroom/gcc-arm-embedded/5_4-2016q2,20160622/gcc-arm-none-eabi-5_4-2016q2/bin/../lib/gcc/arm-none-eabi/5.4.1/armv7e-m/softfp/libgcc.a(_arm_muldivdf3.o)
                              ./out/obj/baremetal.o (__aeabi_dmul)
/usr/local/Caskroom/gcc-arm-embedded/5_4-2016q2,20160622/gcc-arm-none-eabi-5_4-2016q2/bin/../lib/gcc/arm-none-eabi/5.4.1/armv7e-m/softfp/libgcc.a(_arm_fixunsdfsi.o)
                              ./out/obj/baremetal.o (__aeabi_d2uiz)
/usr/local/Caskroom/gcc-arm-embedded/5_4-2016q2,20160622/gcc-arm-none-eabi-5_4-2016q2/bin/../lib/gcc/arm-none-eabi/5.4.1/armv7e-m/softfp/libgcc.a(_aeabi_uldivmod.o)
                              ./out/lib/sapi_bm.a(sAPI_Delay.o) (__aeabi_uldivmod)
/usr/local/Caskroom/gcc-arm-embedded/5_4-2016q2,20160622/gcc-arm-none-eabi-5_4-2016q2/bin/../lib/gcc/arm-none-eabi/5.4.1/armv7e-m/softfp/libgcc.a(_udivmoddi4.o)
                              /usr/local/Caskroom/gcc-arm-embedded/5_4-2016q2,20160622/gcc-arm-none-eabi-5_4-2016q2/bin/../lib/gcc/arm-none-eabi/5.4.1/armv7e-m/softfp/libgcc.a(_aeabi_uldivmod.o) (__udivmoddi4)
/usr/local/Caskroom/gcc-arm-embedded/5_4-2016q2,20160622/gcc-arm-none-eabi-5_4-2016q2/bin/../lib/gcc/arm-none-eabi/5.4.1/armv7e-m/softfp/libgcc.a(_dvmd_tls.o)
                              /usr/local/Caskroom/gcc-arm-embedded/5_4-2016q2,20160622/gcc-arm-none-eabi-5_4-2016q2/bin/../lib/gcc/arm-none-eabi/5.4.1/armv7e-m/softfp/libgcc.a(_aeabi_uldivmod.o) (__aeabi_ldiv0)
/usr/local/Caskroom/gcc-arm-embedded/5_4-2016q2,20160622/gcc-arm-none-eabi-5_4-2016q2/bin/../lib/gcc/arm-none-eabi/5.4.1/../../../../arm-none-eabi/lib/armv7e-m/softfp/libc.a(lib_a-atoi.o)
                              ./out/obj/gps.o (atoi)
[...]
Memory Configuration

Name             Origin             Length             Attributes
MFlashA512       0x000000001a000000 0x0000000000080000 xr
MFlashB512       0x000000001b000000 0x0000000000080000 xr
RamLoc32         0x0000000010000000 0x0000000000008000 xrw
RamLoc40         0x0000000010080000 0x000000000000a000 xrw
RamAHB32         0x0000000020000000 0x0000000000008000 xrw
RamAHB16         0x0000000020008000 0x0000000000004000 xrw
RamAHB_ETB16     0x000000002000c000 0x0000000000004000 xrw
*default*        0x0000000000000000 0xffffffffffffffff

Linker script and memory map

LOAD ./out/obj/baremetal.o
LOAD ./out/obj/gprs.o
LOAD ./out/obj/gps.o
LOAD ./out/obj/crp.o
START GROUP
LOAD ./out/lib/sapi_bm.a
LOAD ./out/lib/ext_drivers.a
LOAD ./out/lib/ext_base.a
END GROUP
START GROUP
LOAD /usr/local/Caskroom/gcc-arm-embedded/5_4-2016q2,20160622/gcc-arm-none-eabi-5_4-2016q2/bin/../lib/gcc/arm-none-eabi/5.4.1/armv7e-m/softfp/libgcc.a
LOAD /usr/local/Caskroom/gcc-arm-embedded/5_4-2016q2,20160622/gcc-arm-none-eabi-5_4-2016q2/bin/../lib/gcc/arm-none-eabi/5.4.1/../../../../arm-none-eabi/lib/armv7e-m/softfp/libc.a
LOAD /usr/local/Caskroom/gcc-arm-embedded/5_4-2016q2,20160622/gcc-arm-none-eabi-5_4-2016q2/bin/../lib/gcc/arm-none-eabi/5.4.1/../../../../arm-none-eabi/lib/armv7e-m/softfp/libm.a
END GROUP
                0x000000001a080000                __top_MFlashA512 = 0x1a080000
                0x000000001b080000                __top_MFlashB512 = 0x1b080000
                0x0000000010008000                __top_RamLoc32 = 0x10008000
                0x000000001008a000                __top_RamLoc40 = 0x1008a000
                0x0000000020008000                __top_RamAHB32 = 0x20008000
                0x000000002000c000                __top_RamAHB16 = 0x2000c000
                0x0000000020010000                __top_RamAHB_ETB16 = 0x20010000

.text_Flash2    0x000000001b000000        0x0
 FILL mask 0xff
 *(.text_Flash2*)
 *(.text_MFlashB512*)
 *(.text.$Flash2*)
 *(.text.$MFlashB512*)
 *(.rodata.$Flash2*)
 *(.rodata.$MFlashB512*)

.text           0x000000001a000000     0x526c
 FILL mask 0xff
                0x000000001a000000                __vectors_start__ = ABSOLUTE (.)
 *(.isr_vector)
 .isr_vector    0x000000001a000000      0x114 ./out/lib/sapi_bm.a(sAPI_IsrVector.o)
                0x000000001a000000                g_pfnVectors
                0x000000001a000114                . = ALIGN (0x4)
                0x000000001a000114                __section_table_start = .
                0x000000001a000114                __data_section_table = .
                0x000000001a000114        0x4 LONG 0x1a005274 LOADADDR (.data)
                0x000000001a000118        0x4 LONG 0x10000000 ADDR (.data)
                0x000000001a00011c        0x4 LONG 0x4a4 SIZEOF (.data)
                0x000000001a000120        0x4 LONG 0x1a005274 LOADADDR (.data_RAM2)
                0x000000001a000124        0x4 LONG 0x10080000 ADDR (.data_RAM2)
                0x000000001a000128        0x4 LONG 0x0 SIZEOF (.data_RAM2)
                0x000000001a00012c        0x4 LONG 0x1a005274 LOADADDR (.data_RAM3)
                0x000000001a000130        0x4 LONG 0x20000000 ADDR (.data_RAM3)
                0x000000001a000134        0x4 LONG 0x0 SIZEOF (.data_RAM3)
                0x000000001a000138        0x4 LONG 0x1a005274 LOADADDR (.data_RAM4)
                0x000000001a00013c        0x4 LONG 0x20008000 ADDR (.data_RAM4)
                0x000000001a000140        0x4 LONG 0x0 SIZEOF (.data_RAM4)
                0x000000001a000144        0x4 LONG 0x1a005274 LOADADDR (.data_RAM5)
                0x000000001a000148        0x4 LONG 0x2000c000 ADDR (.data_RAM5)
                0x000000001a00014c        0x4 LONG 0x0 SIZEOF (.data_RAM5)
                0x000000001a000150                __data_section_table_end = .
                0x000000001a000150                __bss_section_table = .
                0x000000001a000150        0x4 LONG 0x100004a8 ADDR (.bss)
                0x000000001a000154        0x4 LONG 0x344 SIZEOF (.bss)
                0x000000001a000158        0x4 LONG 0x10080000 ADDR (.bss_RAM2)
                0x000000001a00015c        0x4 LONG 0x0 SIZEOF (.bss_RAM2)
                0x000000001a000160        0x4 LONG 0x20000000 ADDR (.bss_RAM3)
                0x000000001a000164        0x4 LONG 0x0 SIZEOF (.bss_RAM3)
                0x000000001a000168        0x4 LONG 0x20008000 ADDR (.bss_RAM4)
                0x000000001a00016c        0x4 LONG 0x0 SIZEOF (.bss_RAM4)
                0x000000001a000170        0x4 LONG 0x2000c000 ADDR (.bss_RAM5)
                0x000000001a000174        0x4 LONG 0x0 SIZEOF (.bss_RAM5)
                0x000000001a000178                __bss_section_table_end = .
                0x000000001a000178                __section_table_end = .
 *(.after_vectors*)
 .after_vectors
                0x000000001a000178       0x2c ./out/lib/sapi_bm.a(sAPI_Tick.o)
                0x000000001a000178                SysTick_Handler
 .after_vectors
                0x000000001a0001a4       0x44 ./out/lib/sapi_bm.a(sAPI_Uart.o)
                0x000000001a0001a4                UART0_IRQHandler
 .after_vectors
                0x000000001a0001e8       0x7c ./out/lib/ext_drivers.a(cr_startup_lpc43xx.o)
                0x000000001a0001e8                data_init
                0x000000001a00022c                bss_init
 .after_vectors
                0x000000001a000264       0x40 ./out/lib/sapi_bm.a(sAPI_IsrVector.o)
                0x00000000000002fc                . = 0x2fc
 *fill*         0x000000001a0002a4       0x58 ff
                0x000000001a0002fc                PROVIDE (__CRP_WORD_START__, .)
 *(.crp)
 .crp           0x000000001a0002fc        0x4 ./out/obj/crp.o
                0x000000001a0002fc                CRP_WORD
                0x000000001a000300                PROVIDE (__CRP_WORD_END__, .)
                0x0000000000000001                ASSERT (! ((__CRP_WORD_START__ == __CRP_WORD_END__)), Linker CRP Enabled, but no CRP_WORD provided within application)
 *(.text*)
 .text.itoa     0x000000001a000300       0xac ./out/obj/baremetal.o
                0x000000001a000300                itoa
 .text.promedio
                0x000000001a0003ac      0x104 ./out/obj/baremetal.o
                0x000000001a0003ac                promedio
 .text.procesaLectura
                0x000000001a0004b0      0x130 ./out/obj/baremetal.o
                0x000000001a0004b0                procesaLectura
 .text.cuentaPasajero
                0x000000001a0005e0       0xe8 ./out/obj/baremetal.o
                0x000000001a0005e0                cuentaPasajero
 .text.determinarUmbral
                0x000000001a0006c8       0xfc ./out/obj/baremetal.o
                0x000000001a0006c8                determinarUmbral
 .text.sendCounter
                0x000000001a0007c4       0x80 ./out/obj/baremetal.o
                0x000000001a0007c4                sendCounter
 .text.main     0x000000001a000844      0x310 ./out/obj/baremetal.o
                0x000000001a000844                main
 .text.GPRS_leerRespuesta
                0x000000001a000b54       0x28 ./out/obj/gprs.o
                0x000000001a000b54                GPRS_leerRespuesta
 .text.gpsFrameFieldInit
                0x000000001a000b7c       0x38 ./out/obj/gps.o
                0x000000001a000b7c                gpsFrameFieldInit
 .text.gpsFrameVarInit
                0x000000001a000bb4       0x4c ./out/obj/gps.o
                0x000000001a000bb4                gpsFrameVarInit
 .text.gpsSetCharacterReceived
                0x000000001a000c00       0x20 ./out/obj/gps.o
                0x000000001a000c00                gpsSetCharacterReceived
 .text.gpsReadCharacterReceived
                0x000000001a000c20       0x18 ./out/obj/gps.o
                0x000000001a000c20                gpsReadCharacterReceived
 .text.gpsReadFlagCharacterReceived
                0x000000001a000c38       0x18 ./out/obj/gps.o
                0x000000001a000c38                gpsReadFlagCharacterReceived
 .text.gpsSetFlagCharacterReceived
                0x000000001a000c50       0x18 ./out/obj/gps.o
                0x000000001a000c50                gpsSetFlagCharacterReceived
 .text.gpsClearFlagCharacterReceived
                0x000000001a000c68       0x18 ./out/obj/gps.o
                0x000000001a000c68                gpsClearFlagCharacterReceived
 .text.gpsReadFlagReady
                0x000000001a000c80       0x18 ./out/obj/gps.o
                0x000000001a000c80                gpsReadFlagReady
 .text.gpsClearFlagReady
                0x000000001a000c98       0x18 ./out/obj/gps.o
                0x000000001a000c98                gpsClearFlagReady
 .text.gpsReadLatitudeUbidots
                0x000000001a000cb0       0xc0 ./out/obj/gps.o
                0x000000001a000cb0                gpsReadLatitudeUbidots
 .text.gpsReadLongitudeUbidots
                0x000000001a000d70       0xc4 ./out/obj/gps.o
                0x000000001a000d70                gpsReadLongitudeUbidots
 .text.gpsValidateCharacter
                0x000000001a000e34       0x64 ./out/obj/gps.o
                0x000000001a000e34                gpsValidateCharacter
 .text.gpsFrameParse
                0x000000001a000e98      0x218 ./out/obj/gps.o
                0x000000001a000e98                gpsFrameParse
 .text.Chip_DAC_ConfigDAConverterControl
                0x000000001a0010b0       0x2c ./out/lib/sapi_bm.a(sAPI_AnalogIO.o)
 .text.analogConfig
                0x000000001a0010dc       0xd8 ./out/lib/sapi_bm.a(sAPI_AnalogIO.o)
                0x000000001a0010dc                analogConfig
 .text.analogRead
                0x000000001a0011b4       0x68 ./out/lib/sapi_bm.a(sAPI_AnalogIO.o)
                0x000000001a0011b4                analogRead
 .text.boardConfig
                0x000000001a00121c        0xc ./out/lib/sapi_bm.a(sAPI_Board.o)
                0x000000001a00121c                boardConfig
 .text.delay    0x000000001a001228       0x50 ./out/lib/sapi_bm.a(sAPI_Delay.o)
                0x000000001a001228                delay
 .text.delayConfig
                0x000000001a001278       0x3c ./out/lib/sapi_bm.a(sAPI_Delay.o)
                0x000000001a001278                delayConfig
 .text.delayRead
                0x000000001a0012b4       0x60 ./out/lib/sapi_bm.a(sAPI_Delay.o)
                0x000000001a0012b4                delayRead
 .text.Chip_SCU_PinMuxSet
                0x000000001a001314       0x34 ./out/lib/sapi_bm.a(sAPI_DigitalIO.o)
 .text.Chip_SCU_PinMux
                0x000000001a001348       0x3c ./out/lib/sapi_bm.a(sAPI_DigitalIO.o)
 .text.Chip_GPIO_SetPinState
                0x000000001a001384       0x38 ./out/lib/sapi_bm.a(sAPI_DigitalIO.o)
 .text.digitalObtainPinConfig
                0x000000001a0013bc       0x98 ./out/lib/sapi_bm.a(sAPI_DigitalIO.o)
 .text.digitalConfig
                0x000000001a001454      0x1ac ./out/lib/sapi_bm.a(sAPI_DigitalIO.o)
                0x000000001a001454                digitalConfig
 .text.pwmInitTimers
                0x000000001a001600       0x10 ./out/lib/sapi_bm.a(sAPI_Pwm.o)
 .text.pwmAttach
                0x000000001a001610       0x60 ./out/lib/sapi_bm.a(sAPI_Pwm.o)
 .text.pwmDetach
                0x000000001a001670       0x40 ./out/lib/sapi_bm.a(sAPI_Pwm.o)
 .text.pwmWrite
                0x000000001a0016b0       0x4c ./out/lib/sapi_bm.a(sAPI_Pwm.o)
                0x000000001a0016b0                pwmWrite
 .text.pwmConfig
                0x000000001a0016fc       0x68 ./out/lib/sapi_bm.a(sAPI_Pwm.o)
                0x000000001a0016fc                pwmConfig
 .text.pwmIsAttached
                0x000000001a001764       0x50 ./out/lib/sapi_bm.a(sAPI_Pwm.o)
                0x000000001a001764                pwmIsAttached
 .text.Chip_SCU_PinMuxSet
                0x000000001a0017b4       0x34 ./out/lib/sapi_bm.a(sAPI_Sct.o)
 .text.Chip_SCU_PinMux
                0x000000001a0017e8       0x3c ./out/lib/sapi_bm.a(sAPI_Sct.o)
 .text.Chip_SCT_ClearControl
                0x000000001a001824       0x24 ./out/lib/sapi_bm.a(sAPI_Sct.o)
 .text.Chip_SCT_SetMatchReload
                0x000000001a001848       0x28 ./out/lib/sapi_bm.a(sAPI_Sct.o)
 .text.Chip_SCTPWM_GetTicksPerCycle
                0x000000001a001870       0x1c ./out/lib/sapi_bm.a(sAPI_Sct.o)
 .text.Chip_SCTPWM_PercentageToTicks
                0x000000001a00188c       0x30 ./out/lib/sapi_bm.a(sAPI_Sct.o)
 .text.Chip_SCTPWM_SetDutyCycle
                0x000000001a0018bc       0x24 ./out/lib/sapi_bm.a(sAPI_Sct.o)
 .text.Chip_SCTPWM_Init
                0x000000001a0018e0       0x18 ./out/lib/sapi_bm.a(sAPI_Sct.o)
 .text.Chip_SCTPWM_Start
                0x000000001a0018f8       0x1c ./out/lib/sapi_bm.a(sAPI_Sct.o)
 .text.Sct_Init
                0x000000001a001914       0x2c ./out/lib/sapi_bm.a(sAPI_Sct.o)
                0x000000001a001914                Sct_Init
 .text.Sct_EnablePwmFor
                0x000000001a001940       0x60 ./out/lib/sapi_bm.a(sAPI_Sct.o)
                0x000000001a001940                Sct_EnablePwmFor
 .text.Sct_Uint8ToTicks
                0x000000001a0019a0       0x30 ./out/lib/sapi_bm.a(sAPI_Sct.o)
                0x000000001a0019a0                Sct_Uint8ToTicks
 .text.Sct_SetDutyCycle
                0x000000001a0019d0       0x34 ./out/lib/sapi_bm.a(sAPI_Sct.o)
                0x000000001a0019d0                Sct_SetDutyCycle
 .text.NVIC_SetPriority
                0x000000001a001a04       0x54 ./out/lib/sapi_bm.a(sAPI_Tick.o)
 .text.SysTick_Config
                0x000000001a001a58       0x44 ./out/lib/sapi_bm.a(sAPI_Tick.o)
 .text.tickConfig
                0x000000001a001a9c       0x98 ./out/lib/sapi_bm.a(sAPI_Tick.o)
                0x000000001a001a9c                tickConfig
 .text.tickRead
                0x000000001a001b34       0x18 ./out/lib/sapi_bm.a(sAPI_Tick.o)
                0x000000001a001b34                tickRead
 .text.NVIC_EnableIRQ
                0x000000001a001b4c       0x34 ./out/lib/sapi_bm.a(sAPI_Uart.o)
 .text.NVIC_SetPriority
                0x000000001a001b80       0x54 ./out/lib/sapi_bm.a(sAPI_Uart.o)
 .text.Chip_SCU_PinMuxSet
                0x000000001a001bd4       0x34 ./out/lib/sapi_bm.a(sAPI_Uart.o)
 .text.Chip_SCU_PinMux
                0x000000001a001c08       0x3c ./out/lib/sapi_bm.a(sAPI_Uart.o)
 .text.Chip_UART_TXEnable
                0x000000001a001c44       0x1c ./out/lib/sapi_bm.a(sAPI_Uart.o)
 .text.Chip_UART_SendByte
                0x000000001a001c60       0x20 ./out/lib/sapi_bm.a(sAPI_Uart.o)
 .text.Chip_UART_ReadByte
                0x000000001a001c80       0x1c ./out/lib/sapi_bm.a(sAPI_Uart.o)
 .text.Chip_UART_IntEnable
                0x000000001a001c9c       0x24 ./out/lib/sapi_bm.a(sAPI_Uart.o)
 .text.Chip_UART_SetupFIFOS
                0x000000001a001cc0       0x1c ./out/lib/sapi_bm.a(sAPI_Uart.o)
 .text.Chip_UART_ReadLineStatus
                0x000000001a001cdc       0x18 ./out/lib/sapi_bm.a(sAPI_Uart.o)
 .text.uartConfig
                0x000000001a001cf4      0x110 ./out/lib/sapi_bm.a(sAPI_Uart.o)
                0x000000001a001cf4                uartConfig
 .text.uartReadByte
                0x000000001a001e04       0x90 ./out/lib/sapi_bm.a(sAPI_Uart.o)
                0x000000001a001e04                uartReadByte
 .text.uartWriteByte
                0x000000001a001e94       0x90 ./out/lib/sapi_bm.a(sAPI_Uart.o)
                0x000000001a001e94                uartWriteByte
 .text.uartWriteString
                0x000000001a001f24       0x34 ./out/lib/sapi_bm.a(sAPI_Uart.o)
                0x000000001a001f24                uartWriteString
 .text.UART2_IRQHandler
                0x000000001a001f58       0x10 ./out/lib/sapi_bm.a(sAPI_Uart.o)
                0x000000001a001f58                UART2_IRQHandler
 .text.UART3_IRQHandler
                0x000000001a001f68       0x1c ./out/lib/sapi_bm.a(sAPI_Uart.o)
                0x000000001a001f68                UART3_IRQHandler
 .text.sAPI_NullFuncPtr
                0x000000001a001f84       0x18 ./out/lib/sapi_bm.a(sAPI_DataTypes.o)
                0x000000001a001f84                sAPI_NullFuncPtr
 .text.getFullConvClk
                0x000000001a001f9c       0x10 ./out/lib/ext_drivers.a(adc_18xx_43xx.o)
 .text.Chip_ADC_GetClockIndex
                0x000000001a001fac       0x2c ./out/lib/ext_drivers.a(adc_18xx_43xx.o)
 .text.getClkDiv
                0x000000001a001fd8       0x68 ./out/lib/ext_drivers.a(adc_18xx_43xx.o)
 .text.setStartMode
                0x000000001a002040       0x30 ./out/lib/ext_drivers.a(adc_18xx_43xx.o)
                0x000000001a002040                setStartMode
 .text.readAdcVal
                0x000000001a002070       0x44 ./out/lib/ext_drivers.a(adc_18xx_43xx.o)
                0x000000001a002070                readAdcVal
 .text.Chip_ADC_Init
                0x000000001a0020b4       0x88 ./out/lib/ext_drivers.a(adc_18xx_43xx.o)
                0x000000001a0020b4                Chip_ADC_Init
 .text.Chip_ADC_DeInit
                0x000000001a00213c       0x2c ./out/lib/ext_drivers.a(adc_18xx_43xx.o)
                0x000000001a00213c                Chip_ADC_DeInit
 .text.Chip_ADC_ReadValue
                0x000000001a002168       0x24 ./out/lib/ext_drivers.a(adc_18xx_43xx.o)
                0x000000001a002168                Chip_ADC_ReadValue
 .text.Chip_ADC_ReadStatus
                0x000000001a00218c       0x78 ./out/lib/ext_drivers.a(adc_18xx_43xx.o)
                0x000000001a00218c                Chip_ADC_ReadStatus
 .text.Chip_ADC_Int_SetChannelCmd
                0x000000001a002204       0x4c ./out/lib/ext_drivers.a(adc_18xx_43xx.o)
                0x000000001a002204                Chip_ADC_Int_SetChannelCmd
 .text.Chip_ADC_SetStartMode
                0x000000001a002250       0x50 ./out/lib/ext_drivers.a(adc_18xx_43xx.o)
                0x000000001a002250                Chip_ADC_SetStartMode
 .text.Chip_ADC_SetSampleRate
                0x000000001a0022a0       0x64 ./out/lib/ext_drivers.a(adc_18xx_43xx.o)
                0x000000001a0022a0                Chip_ADC_SetSampleRate
 .text.Chip_ADC_EnableChannel
                0x000000001a002304       0x58 ./out/lib/ext_drivers.a(adc_18xx_43xx.o)
                0x000000001a002304                Chip_ADC_EnableChannel
 .text.Chip_ADC_SetBurstCmd
                0x000000001a00235c       0x3c ./out/lib/ext_drivers.a(adc_18xx_43xx.o)
                0x000000001a00235c                Chip_ADC_SetBurstCmd
 .text.SystemCoreClockUpdate
                0x000000001a002398       0x18 ./out/lib/ext_drivers.a(chip_18xx_43xx.o)
                0x000000001a002398                SystemCoreClockUpdate
 .text.ABS      0x000000001a0023b0       0x24 ./out/lib/ext_drivers.a(clock_18xx_43xx.o)
 .text.pll_calc_divs
                0x000000001a0023d4      0x124 ./out/lib/ext_drivers.a(clock_18xx_43xx.o)
 .text.pll_get_frac
                0x000000001a0024f8      0x178 ./out/lib/ext_drivers.a(clock_18xx_43xx.o)
 .text.Chip_Clock_GetDivRate
                0x000000001a002670       0x40 ./out/lib/ext_drivers.a(clock_18xx_43xx.o)
 .text.Chip_Clock_FindBaseClock
                0x000000001a0026b0       0x90 ./out/lib/ext_drivers.a(clock_18xx_43xx.o)
 .text.Chip_Clock_EnableCrystal
                0x000000001a002740       0x70 ./out/lib/ext_drivers.a(clock_18xx_43xx.o)
                0x000000001a002740                Chip_Clock_EnableCrystal
 .text.Chip_Clock_CalcMainPLLValue
                0x000000001a0027b0       0xd8 ./out/lib/ext_drivers.a(clock_18xx_43xx.o)
                0x000000001a0027b0                Chip_Clock_CalcMainPLLValue
 .text.Chip_Clock_GetMainPLLHz
                0x000000001a002888       0xc0 ./out/lib/ext_drivers.a(clock_18xx_43xx.o)
                0x000000001a002888                Chip_Clock_GetMainPLLHz
 .text.Chip_Clock_GetDividerSource
                0x000000001a002948       0x40 ./out/lib/ext_drivers.a(clock_18xx_43xx.o)
                0x000000001a002948                Chip_Clock_GetDividerSource
 .text.Chip_Clock_GetDividerDivisor
                0x000000001a002988       0x38 ./out/lib/ext_drivers.a(clock_18xx_43xx.o)
                0x000000001a002988                Chip_Clock_GetDividerDivisor
 .text.Chip_Clock_GetClockInputHz
                0x000000001a0029c0      0x140 ./out/lib/ext_drivers.a(clock_18xx_43xx.o)
                0x000000001a0029c0                Chip_Clock_GetClockInputHz
 .text.Chip_Clock_GetBaseClocktHz
                0x000000001a002b00       0x24 ./out/lib/ext_drivers.a(clock_18xx_43xx.o)
                0x000000001a002b00                Chip_Clock_GetBaseClocktHz
 .text.Chip_Clock_SetBaseClock
                0x000000001a002b24       0x9c ./out/lib/ext_drivers.a(clock_18xx_43xx.o)
                0x000000001a002b24                Chip_Clock_SetBaseClock
 .text.Chip_Clock_GetBaseClock
                0x000000001a002bc0       0x4c ./out/lib/ext_drivers.a(clock_18xx_43xx.o)
                0x000000001a002bc0                Chip_Clock_GetBaseClock
 .text.Chip_Clock_EnableOpts
                0x000000001a002c0c       0x7c ./out/lib/ext_drivers.a(clock_18xx_43xx.o)
                0x000000001a002c0c                Chip_Clock_EnableOpts
 .text.Chip_Clock_Disable
                0x000000001a002c88       0x60 ./out/lib/ext_drivers.a(clock_18xx_43xx.o)
                0x000000001a002c88                Chip_Clock_Disable
 .text.Chip_Clock_GetRate
                0x000000001a002ce8       0x88 ./out/lib/ext_drivers.a(clock_18xx_43xx.o)
                0x000000001a002ce8                Chip_Clock_GetRate
 .text.ResetISR
                0x000000001a002d70       0xe4 ./out/lib/ext_drivers.a(cr_startup_lpc43xx.o)
                0x000000001a002d70                ResetISR
 .text.Chip_DAC_Init
                0x000000001a002e54       0x24 ./out/lib/ext_drivers.a(dac_18xx_43xx.o)
                0x000000001a002e54                Chip_DAC_Init
 .text.Chip_DAC_DeInit
                0x000000001a002e78       0x18 ./out/lib/ext_drivers.a(dac_18xx_43xx.o)
                0x000000001a002e78                Chip_DAC_DeInit
 .text.Chip_DAC_UpdateValue
                0x000000001a002e90       0x34 ./out/lib/ext_drivers.a(dac_18xx_43xx.o)
                0x000000001a002e90                Chip_DAC_UpdateValue
 .text.Chip_DAC_SetBias
                0x000000001a002ec4       0x34 ./out/lib/ext_drivers.a(dac_18xx_43xx.o)
                0x000000001a002ec4                Chip_DAC_SetBias
 .text.Chip_GPIO_Init
                0x000000001a002ef8       0x14 ./out/lib/ext_drivers.a(gpio_18xx_43xx.o)
                0x000000001a002ef8                Chip_GPIO_Init
 .text.Chip_GPIO_SetDir
                0x000000001a002f0c       0x64 ./out/lib/ext_drivers.a(gpio_18xx_43xx.o)
                0x000000001a002f0c                Chip_GPIO_SetDir
 .text.Chip_SCT_Init
                0x000000001a002f70       0x1c ./out/lib/ext_drivers.a(sct_18xx_43xx.o)
                0x000000001a002f70                Chip_SCT_Init
 .text.Chip_SCT_Config
                0x000000001a002f8c       0x1c ./out/lib/ext_drivers.a(sct_pwm_18xx_43xx.o)
 .text.Chip_SCT_SetMatchCount
                0x000000001a002fa8       0x28 ./out/lib/ext_drivers.a(sct_pwm_18xx_43xx.o)
 .text.Chip_SCT_SetControl
                0x000000001a002fd0       0x24 ./out/lib/ext_drivers.a(sct_pwm_18xx_43xx.o)
 .text.Chip_SCT_SetMatchReload
                0x000000001a002ff4       0x28 ./out/lib/ext_drivers.a(sct_pwm_18xx_43xx.o)
 .text.Chip_SCTPWM_Stop
                0x000000001a00301c       0x24 ./out/lib/ext_drivers.a(sct_pwm_18xx_43xx.o)
 .text.Chip_SCTPWM_SetOutPin
                0x000000001a003040       0x9c ./out/lib/ext_drivers.a(sct_pwm_18xx_43xx.o)
                0x000000001a003040                Chip_SCTPWM_SetOutPin
 .text.Chip_SCTPWM_SetRate
                0x000000001a0030dc       0x70 ./out/lib/ext_drivers.a(sct_pwm_18xx_43xx.o)
                0x000000001a0030dc                Chip_SCTPWM_SetRate
 .text.SystemInit
                0x000000001a00314c       0x20 ./out/lib/ext_drivers.a(sysinit.o)
                0x000000001a00314c                SystemInit
 .text.Chip_Clock_DisableMainPLL
                0x000000001a00316c       0x20 ./out/lib/ext_drivers.a(sysinit_18xx_43xx.o)
 .text.Chip_Clock_SetupMainPLL
                0x000000001a00318c       0x44 ./out/lib/ext_drivers.a(sysinit_18xx_43xx.o)
 .text.Chip_Clock_MainPLLLocked
                0x000000001a0031d0       0x24 ./out/lib/ext_drivers.a(sysinit_18xx_43xx.o)
 .text.Chip_SetupCoreClock
                0x000000001a0031f4      0x15c ./out/lib/ext_drivers.a(sysinit_18xx_43xx.o)
                0x000000001a0031f4                Chip_SetupCoreClock
 .text.Chip_SetupIrcClocking
                0x000000001a003350       0x18 ./out/lib/ext_drivers.a(sysinit_18xx_43xx.o)
                0x000000001a003350                Chip_SetupIrcClocking
 .text.Chip_SystemInit
                0x000000001a003368        0xc ./out/lib/ext_drivers.a(sysinit_18xx_43xx.o)
                0x000000001a003368                Chip_SystemInit
 .text.Chip_UART_TXDisable
                0x000000001a003374       0x1c ./out/lib/ext_drivers.a(uart_18xx_43xx.o)
 .text.Chip_UART_SetupFIFOS
                0x000000001a003390       0x1c ./out/lib/ext_drivers.a(uart_18xx_43xx.o)
 .text.Chip_UART_ConfigData
                0x000000001a0033ac       0x1c ./out/lib/ext_drivers.a(uart_18xx_43xx.o)
 .text.Chip_UART_EnableDivisorAccess
                0x000000001a0033c8       0x20 ./out/lib/ext_drivers.a(uart_18xx_43xx.o)
 .text.Chip_UART_DisableDivisorAccess
                0x000000001a0033e8       0x20 ./out/lib/ext_drivers.a(uart_18xx_43xx.o)
 .text.Chip_UART_SetDivisorLatches
                0x000000001a003408       0x28 ./out/lib/ext_drivers.a(uart_18xx_43xx.o)
 .text.Chip_UART_GetIndex
                0x000000001a003430       0x60 ./out/lib/ext_drivers.a(uart_18xx_43xx.o)
 .text.Chip_UART_Init
                0x000000001a003490       0x84 ./out/lib/ext_drivers.a(uart_18xx_43xx.o)
                0x000000001a003490                Chip_UART_Init
 .text.Chip_UART_SetBaud
                0x000000001a003514       0x6c ./out/lib/ext_drivers.a(uart_18xx_43xx.o)
                0x000000001a003514                Chip_UART_SetBaud
 .text.fpuInit  0x000000001a003580       0x74 ./out/lib/ext_drivers.a(fpu_init.o)
                0x000000001a003580                fpuInit
 .text.Chip_TIMER_MatchPending
                0x000000001a0035f4       0x34 ./out/lib/sapi_bm.a(sAPI_Timer.o)
 .text.Chip_TIMER_ClearMatch
                0x000000001a003628       0x28 ./out/lib/sapi_bm.a(sAPI_Timer.o)
 .text.errorOcurred
                0x000000001a003650        0x8 ./out/lib/sapi_bm.a(sAPI_Timer.o)
 .text.doNothing
                0x000000001a003658       0x10 ./out/lib/sapi_bm.a(sAPI_Timer.o)
 .text.TIMER0_IRQHandler
                0x000000001a003668       0x54 ./out/lib/sapi_bm.a(sAPI_Timer.o)
                0x000000001a003668                TIMER0_IRQHandler
 .text.TIMER1_IRQHandler
                0x000000001a0036bc       0x58 ./out/lib/sapi_bm.a(sAPI_Timer.o)
                0x000000001a0036bc                TIMER1_IRQHandler
 .text.TIMER2_IRQHandler
                0x000000001a003714       0x58 ./out/lib/sapi_bm.a(sAPI_Timer.o)
                0x000000001a003714                TIMER2_IRQHandler
 .text.TIMER3_IRQHandler
                0x000000001a00376c       0x58 ./out/lib/sapi_bm.a(sAPI_Timer.o)
                0x000000001a00376c                TIMER3_IRQHandler
 .text          0x000000001a0037c4      0x370 /usr/local/Caskroom/gcc-arm-embedded/5_4-2016q2,20160622/gcc-arm-none-eabi-5_4-2016q2/bin/../lib/gcc/arm-none-eabi/5.4.1/armv7e-m/softfp/libgcc.a(_arm_addsubdf3.o)
                0x000000001a0037c4                __aeabi_drsub
                0x000000001a0037cc                __subdf3
                0x000000001a0037cc                __aeabi_dsub
                0x000000001a0037d0                __aeabi_dadd
                0x000000001a0037d0                __adddf3
                0x000000001a003a48                __aeabi_ui2d
                0x000000001a003a48                __floatunsidf
                0x000000001a003a68                __floatsidf
                0x000000001a003a68                __aeabi_i2d
                0x000000001a003a8c                __extendsfdf2
                0x000000001a003a8c                __aeabi_f2d
                0x000000001a003ac8                __aeabi_ul2d
                0x000000001a003ac8                __floatundidf
                0x000000001a003ad8                __aeabi_l2d
                0x000000001a003ad8                __floatdidf
 .text          0x000000001a003b34      0x424 /usr/local/Caskroom/gcc-arm-embedded/5_4-2016q2,20160622/gcc-arm-none-eabi-5_4-2016q2/bin/../lib/gcc/arm-none-eabi/5.4.1/armv7e-m/softfp/libgcc.a(_arm_muldivdf3.o)
                0x000000001a003b34                __aeabi_dmul
                0x000000001a003b34                __muldf3
                0x000000001a003d88                __aeabi_ddiv
                0x000000001a003d88                __divdf3
 .text          0x000000001a003f58       0x40 /usr/local/Caskroom/gcc-arm-embedded/5_4-2016q2,20160622/gcc-arm-none-eabi-5_4-2016q2/bin/../lib/gcc/arm-none-eabi/5.4.1/armv7e-m/softfp/libgcc.a(_arm_fixunsdfsi.o)
                0x000000001a003f58                __fixunsdfsi
                0x000000001a003f58                __aeabi_d2uiz
 .text          0x000000001a003f98       0x30 /usr/local/Caskroom/gcc-arm-embedded/5_4-2016q2,20160622/gcc-arm-none-eabi-5_4-2016q2/bin/../lib/gcc/arm-none-eabi/5.4.1/armv7e-m/softfp/libgcc.a(_aeabi_uldivmod.o)
                0x000000001a003f98                __aeabi_uldivmod
 .text          0x000000001a003fc8      0x2e4 /usr/local/Caskroom/gcc-arm-embedded/5_4-2016q2,20160622/gcc-arm-none-eabi-5_4-2016q2/bin/../lib/gcc/arm-none-eabi/5.4.1/armv7e-m/softfp/libgcc.a(_udivmoddi4.o)
                0x000000001a003fc8                __udivmoddi4
 .text          0x000000001a0042ac        0x4 /usr/local/Caskroom/gcc-arm-embedded/5_4-2016q2,20160622/gcc-arm-none-eabi-5_4-2016q2/bin/../lib/gcc/arm-none-eabi/5.4.1/armv7e-m/softfp/libgcc.a(_dvmd_tls.o)
                0x000000001a0042ac                __aeabi_ldiv0
                0x000000001a0042ac                __aeabi_idiv0
 .text.atoi     0x000000001a0042b0        0x8 /usr/local/Caskroom/gcc-arm-embedded/5_4-2016q2,20160622/gcc-arm-none-eabi-5_4-2016q2/bin/../lib/gcc/arm-none-eabi/5.4.1/../../../../arm-none-eabi/lib/armv7e-m/softfp/libc.a(lib_a-atoi.o)
                0x000000001a0042b0                atoi
 .text.memset   0x000000001a0042b8       0x9c /usr/local/Caskroom/gcc-arm-embedded/5_4-2016q2,20160622/gcc-arm-none-eabi-5_4-2016q2/bin/../lib/gcc/arm-none-eabi/5.4.1/../../../../arm-none-eabi/lib/armv7e-m/softfp/libc.a(lib_a-memset.o)
                0x000000001a0042b8                memset
 .text.strcat   0x000000001a004354       0x40 /usr/local/Caskroom/gcc-arm-embedded/5_4-2016q2,20160622/gcc-arm-none-eabi-5_4-2016q2/bin/../lib/gcc/arm-none-eabi/5.4.1/../../../../arm-none-eabi/lib/armv7e-m/softfp/libc.a(lib_a-strcat.o)
                0x000000001a004354                strcat
 *fill*         0x000000001a004394        0xc ff
 .text          0x000000001a0043a0      0x2dc /usr/local/Caskroom/gcc-arm-embedded/5_4-2016q2,20160622/gcc-arm-none-eabi-5_4-2016q2/bin/../lib/gcc/arm-none-eabi/5.4.1/../../../../arm-none-eabi/lib/armv7e-m/softfp/libc.a(lib_a-strcmp.o)
                0x000000001a0043a8                strcmp
 .text.strcpy   0x000000001a00467c       0xbc /usr/local/Caskroom/gcc-arm-embedded/5_4-2016q2,20160622/gcc-arm-none-eabi-5_4-2016q2/bin/../lib/gcc/arm-none-eabi/5.4.1/../../../../arm-none-eabi/lib/armv7e-m/softfp/libc.a(lib_a-strcpy.o)
                0x000000001a00467c                strcpy
 *fill*         0x000000001a004738        0x8 ff
 .text          0x000000001a004740       0xdc /usr/local/Caskroom/gcc-arm-embedded/5_4-2016q2,20160622/gcc-arm-none-eabi-5_4-2016q2/bin/../lib/gcc/arm-none-eabi/5.4.1/../../../../arm-none-eabi/lib/armv7e-m/softfp/libc.a(lib_a-strlen.o)
                0x000000001a004740                strlen
 .text._strtol_r
                0x000000001a00481c      0x128 /usr/local/Caskroom/gcc-arm-embedded/5_4-2016q2,20160622/gcc-arm-none-eabi-5_4-2016q2/bin/../lib/gcc/arm-none-eabi/5.4.1/../../../../arm-none-eabi/lib/armv7e-m/softfp/libc.a(lib_a-strtol.o)
                0x000000001a00481c                _strtol_r
 .text.strtol   0x000000001a004944       0x18 /usr/local/Caskroom/gcc-arm-embedded/5_4-2016q2,20160622/gcc-arm-none-eabi-5_4-2016q2/bin/../lib/gcc/arm-none-eabi/5.4.1/../../../../arm-none-eabi/lib/armv7e-m/softfp/libc.a(lib_a-strtol.o)
                0x000000001a004944                strtol
 *(.rodata .rodata.* .constdata .constdata.*)
 .rodata        0x000000001a00495c      0x1a4 ./out/obj/baremetal.o
 .rodata        0x000000001a004b00      0x39f ./out/obj/gprs.o
 *fill*         0x000000001a004e9f        0x1 ff
 .rodata        0x000000001a004ea0       0xa6 ./out/obj/gps.o
 *fill*         0x000000001a004f46        0x2 ff
 .rodata.digitalPinsConfig
                0x000000001a004f48      0x136 ./out/lib/sapi_bm.a(sAPI_DigitalIO.o)
                0x000000001a004f48                digitalPinsConfig
 *fill*         0x000000001a00507e        0x2 ff
 .rodata.pwmMap
                0x000000001a005080        0xb ./out/lib/sapi_bm.a(sAPI_Pwm.o)
 *fill*         0x000000001a00508b        0x1 ff
 .rodata.periph_to_base
                0x000000001a00508c       0x6c ./out/lib/ext_drivers.a(clock_18xx_43xx.o)
 .rodata        0x000000001a0050f8        0xa ./out/lib/ext_drivers.a(clock_18xx_43xx.o)
 *fill*         0x000000001a005102        0x2 ff
 .rodata.ExtRateIn
                0x000000001a005104        0x4 ./out/lib/ext_drivers.a(sysinit.o)
                0x000000001a005104                ExtRateIn
 .rodata.OscRateIn
                0x000000001a005108        0x4 ./out/lib/ext_drivers.a(sysinit.o)
                0x000000001a005108                OscRateIn
 .rodata.InitClkStates
                0x000000001a00510c       0x48 ./out/lib/ext_drivers.a(sysinit_18xx_43xx.o)
 .rodata.UART_PClock
                0x000000001a005154        0x8 ./out/lib/ext_drivers.a(uart_18xx_43xx.o)
 .rodata.UART_BClock
                0x000000001a00515c        0x8 ./out/lib/ext_drivers.a(uart_18xx_43xx.o)
 .rodata._ctype_
                0x000000001a005164      0x101 /usr/local/Caskroom/gcc-arm-embedded/5_4-2016q2,20160622/gcc-arm-none-eabi-5_4-2016q2/bin/../lib/gcc/arm-none-eabi/5.4.1/../../../../arm-none-eabi/lib/armv7e-m/softfp/libc.a(lib_a-ctype_.o)
                0x000000001a005164                _ctype_
 *fill*         0x000000001a005265        0x3 ff
 .rodata.str1.4
                0x000000001a005268        0x4 /usr/local/Caskroom/gcc-arm-embedded/5_4-2016q2,20160622/gcc-arm-none-eabi-5_4-2016q2/bin/../lib/gcc/arm-none-eabi/5.4.1/../../../../arm-none-eabi/lib/armv7e-m/softfp/libc.a(lib_a-impure.o)
                                          0x2 (size before relaxing)
                0x000000001a00526c                . = ALIGN (0x4)

.glue_7         0x000000001a00526c        0x0
 .glue_7        0x000000001a00526c        0x0 linker stubs

.glue_7t        0x000000001a00526c        0x0
 .glue_7t       0x000000001a00526c        0x0 linker stubs

.vfp11_veneer   0x000000001a00526c        0x0
 .vfp11_veneer  0x000000001a00526c        0x0 linker stubs

.v4_bx          0x000000001a00526c        0x0
 .v4_bx         0x000000001a00526c        0x0 linker stubs

.iplt           0x000000001a00526c        0x0
 .iplt          0x000000001a00526c        0x0 ./out/obj/baremetal.o

.ARM.extab
 *(.ARM.extab* .gnu.linkonce.armextab.*)
                0x000000001a00526c                __exidx_start = .

.ARM.exidx      0x000000001a00526c        0x8
 *(.ARM.exidx* .gnu.linkonce.armexidx.*)
 .ARM.exidx     0x000000001a00526c        0x8 /usr/local/Caskroom/gcc-arm-embedded/5_4-2016q2,20160622/gcc-arm-none-eabi-5_4-2016q2/bin/../lib/gcc/arm-none-eabi/5.4.1/armv7e-m/softfp/libgcc.a(_udivmoddi4.o)
                0x000000001a005274                __exidx_end = .
                0x000000001a005274                _etext = .

.rel.dyn        0x000000001a005274        0x0
 .rel.iplt      0x000000001a005274        0x0 ./out/obj/baremetal.o

.data_RAM2      0x0000000010080000        0x0 load address 0x000000001a005274
 FILL mask 0xff
 *(.ramfunc.$RAM2)
 *(.ramfunc.$RamLoc40)
 *(.data.$RAM2*)
 *(.data.$RamLoc40*)
                0x0000000010080000                . = ALIGN (0x4)

.data_RAM3      0x0000000020000000        0x0 load address 0x000000001a005274
 FILL mask 0xff
 *(.ramfunc.$RAM3)
 *(.ramfunc.$RamAHB32)
 *(.data.$RAM3*)
 *(.data.$RamAHB32*)
                0x0000000020000000                . = ALIGN (0x4)

.data_RAM4      0x0000000020008000        0x0 load address 0x000000001a005274
 FILL mask 0xff
 *(.ramfunc.$RAM4)
 *(.ramfunc.$RamAHB16)
 *(.data.$RAM4*)
 *(.data.$RamAHB16*)
                0x0000000020008000                . = ALIGN (0x4)

.data_RAM5      0x000000002000c000        0x0 load address 0x000000001a005274
 FILL mask 0xff
 *(.ramfunc.$RAM5)
 *(.ramfunc.$RamAHB_ETB16)
 *(.data.$RAM5*)
 *(.data.$RamAHB_ETB16*)
                0x000000002000c000                . = ALIGN (0x4)

.uninit_RESERVED
                0x0000000010000000        0x0
 *(.bss.$RESERVED*)
                0x0000000010000000                . = ALIGN (0x4)
                0x0000000010000000                _end_uninit_RESERVED = .

.data           0x0000000010000000      0x4a4 load address 0x000000001a005274
 FILL mask 0xff
                0x0000000010000000                _data = .
 *(vtable)
 *(.ramfunc*)
 *(.data*)
 .data.gprsResponseFlag
                0x0000000010000000        0x1 ./out/obj/gprs.o
                0x0000000010000000                gprsResponseFlag
 *fill*         0x0000000010000001        0x3 ff
 .data.AttachedPWMList
                0x0000000010000004        0xb ./out/lib/sapi_bm.a(sAPI_Pwm.o)
 *fill*         0x000000001000000f        0x1 ff
 .data.SCTdataList
                0x0000000010000010       0x1c ./out/lib/sapi_bm.a(sAPI_Sct.o)
 .data.tickHookFunction
                0x000000001000002c        0x4 ./out/lib/sapi_bm.a(sAPI_Tick.o)
                0x000000001000002c                tickHookFunction
 .data.timer_dd
                0x0000000010000030       0x40 ./out/lib/sapi_bm.a(sAPI_Timer.o)
 .data.__ctype_ptr__
                0x0000000010000070        0x4 /usr/local/Caskroom/gcc-arm-embedded/5_4-2016q2,20160622/gcc-arm-none-eabi-5_4-2016q2/bin/../lib/gcc/arm-none-eabi/5.4.1/../../../../arm-none-eabi/lib/armv7e-m/softfp/libc.a(lib_a-ctype_.o)
                0x0000000010000070                __ctype_ptr__
 *fill*         0x0000000010000074        0x4 ff
 .data.impure_data
                0x0000000010000078      0x428 /usr/local/Caskroom/gcc-arm-embedded/5_4-2016q2,20160622/gcc-arm-none-eabi-5_4-2016q2/bin/../lib/gcc/arm-none-eabi/5.4.1/../../../../arm-none-eabi/lib/armv7e-m/softfp/libc.a(lib_a-impure.o)
 .data._impure_ptr
                0x00000000100004a0        0x4 /usr/local/Caskroom/gcc-arm-embedded/5_4-2016q2,20160622/gcc-arm-none-eabi-5_4-2016q2/bin/../lib/gcc/arm-none-eabi/5.4.1/../../../../arm-none-eabi/lib/armv7e-m/softfp/libc.a(lib_a-impure.o)
                0x00000000100004a0                _impure_ptr
                0x00000000100004a4                . = ALIGN (0x4)
                0x00000000100004a4                _edata = .

.igot.plt       0x00000000100004a4        0x0 load address 0x000000001a005718
 .igot.plt      0x00000000100004a4        0x0 ./out/obj/baremetal.o

.bss_RAM2       0x0000000010080000        0x0
 *(.bss.$RAM2*)
 *(.bss.$RamLoc40*)
                0x0000000010080000                . = ALIGN (0x4)

.bss_RAM3       0x0000000020000000        0x0
 *(.bss.$RAM3*)
 *(.bss.$RamAHB32*)
                0x0000000020000000                . = ALIGN (0x4)

.bss_RAM4       0x0000000020008000        0x0
 *(.bss.$RAM4*)
 *(.bss.$RamAHB16*)
                0x0000000020008000                . = ALIGN (0x4)

.bss_RAM5       0x000000002000c000        0x0
 *(.bss.$RAM5*)
 *(.bss.$RamAHB_ETB16*)
                0x000000002000c000                . = ALIGN (0x4)

.bss            0x00000000100004a8      0x344
                0x00000000100004a8                _bss = .
 *(.bss*)
 .bss.uartBuff  0x00000000100004a8        0xa ./out/obj/baremetal.o
 .bss.tickCounter.9794
                0x00000000100004b2        0x2 ./out/obj/baremetal.o
 .bss.state     0x00000000100004b4        0x1 ./out/obj/gps.o
                0x00000000100004b4                state
 *fill*         0x00000000100004b5        0x3 
 .bss.audio_usb_pll_freq
                0x00000000100004b8        0x8 ./out/lib/ext_drivers.a(clock_18xx_43xx.o)
 *(COMMON)
 COMMON         0x00000000100004c0        0xb ./out/obj/baremetal.o
                0x00000000100004c0                flagDatos
                0x00000000100004c1                flag3seg
                0x00000000100004c2                flag5ms
                0x00000000100004c3                flag20seg
                0x00000000100004c4                contador
                0x00000000100004c8                contadorString
 *fill*         0x00000000100004cb        0x1 
 COMMON         0x00000000100004cc      0x2a8 ./out/obj/gprs.o
                0x00000000100004cc                stringThree
                0x0000000010000504                gprsResponseString
                0x0000000010000604                stringOne
                0x000000001000063c                stringAEnviar
                0x000000001000073c                stringTwo
 COMMON         0x0000000010000774       0x5f ./out/obj/gps.o
                0x0000000010000774                gpsCoordinates
                0x0000000010000790                gpsFrameIndex
                0x0000000010000794                gpsData
                0x00000000100007d0                gpsFlags
                0x00000000100007d2                gpsCharacterReceived
 *fill*         0x00000000100007d3        0x5 
 COMMON         0x00000000100007d8       0x10 ./out/lib/sapi_bm.a(sAPI_Tick.o)
                0x00000000100007d8                tickCounter
                0x00000000100007e0                tickRateMS
 COMMON         0x00000000100007e8        0x4 ./out/lib/ext_drivers.a(chip_18xx_43xx.o)
                0x00000000100007e8                SystemCoreClock
                0x00000000100007ec                . = ALIGN (0x4)
                0x00000000100007ec                _ebss = .
                [!provide]                        PROVIDE (end, .)

.noinit_RAM2    0x0000000010080000        0x0
 *(.noinit.$RAM2*)
 *(.noinit.$RamLoc40*)
                0x0000000010080000                . = ALIGN (0x4)

.noinit_RAM3    0x0000000020000000        0x0
 *(.noinit.$RAM3*)
 *(.noinit.$RamAHB32*)
                0x0000000020000000                . = ALIGN (0x4)

.noinit_RAM4    0x0000000020008000        0x0
 *(.noinit.$RAM4*)
 *(.noinit.$RamAHB16*)
                0x0000000020008000                . = ALIGN (0x4)

.noinit_RAM5    0x000000002000c000        0x0
 *(.noinit.$RAM5*)
 *(.noinit.$RamAHB_ETB16*)
                0x000000002000c000                . = ALIGN (0x4)

.noinit         0x00000000100007ec        0x0
                0x00000000100007ec                _noinit = .
 *(.noinit*)
                0x00000000100007ec                . = ALIGN (0x4)
                0x00000000100007ec                _end_noinit = .
                [!provide]                        PROVIDE (_pvHeapStart, .)
                0x0000000010008000                PROVIDE (_vStackTop, (__top_RamLoc32 - 0x0))
OUTPUT(./out/bin/baremetalSapi.axf elf32-littlearm)

.debug_info     0x0000000000000000     0xdc72
 .debug_info    0x0000000000000000      0xc6e ./out/obj/baremetal.o
 .debug_info    0x0000000000000c6e      0x744 ./out/obj/gprs.o
 .debug_info    0x00000000000013b2      0x983 ./out/obj/gps.o
 .debug_info    0x0000000000001d35       0x3f ./out/obj/crp.o
 .debug_info    0x0000000000001d74      0x410 ./out/lib/sapi_bm.a(sAPI_AnalogIO.o)
 .debug_info    0x0000000000002184       0xbd ./out/lib/sapi_bm.a(sAPI_Board.o)
 .debug_info    0x0000000000002241      0x246 ./out/lib/sapi_bm.a(sAPI_Delay.o)
 .debug_info    0x0000000000002487      0xc47 ./out/lib/sapi_bm.a(sAPI_DigitalIO.o)
 .debug_info    0x00000000000030ce      0x815 ./out/lib/sapi_bm.a(sAPI_Pwm.o)
 .debug_info    0x00000000000038e3     0x104b ./out/lib/sapi_bm.a(sAPI_Sct.o)
 .debug_info    0x000000000000492e      0xbd5 ./out/lib/sapi_bm.a(sAPI_Tick.o)
 .debug_info    0x0000000000005503      0xbff ./out/lib/sapi_bm.a(sAPI_Uart.o)
 .debug_info    0x0000000000006102       0xf7 ./out/lib/sapi_bm.a(sAPI_DataTypes.o)
 .debug_info    0x00000000000061f9      0x97e ./out/lib/ext_drivers.a(adc_18xx_43xx.o)
 .debug_info    0x0000000000006b77      0xa47 ./out/lib/ext_drivers.a(chip_18xx_43xx.o)
 .debug_info    0x00000000000075be     0x15b1 ./out/lib/ext_drivers.a(clock_18xx_43xx.o)
 .debug_info    0x0000000000008b6f      0x1c8 ./out/lib/ext_drivers.a(cr_startup_lpc43xx.o)
 .debug_info    0x0000000000008d37      0x3b1 ./out/lib/ext_drivers.a(dac_18xx_43xx.o)
 .debug_info    0x00000000000090e8      0x456 ./out/lib/ext_drivers.a(gpio_18xx_43xx.o)
 .debug_info    0x000000000000953e      0x989 ./out/lib/ext_drivers.a(sct_18xx_43xx.o)
 .debug_info    0x0000000000009ec7      0xa57 ./out/lib/ext_drivers.a(sct_pwm_18xx_43xx.o)
 .debug_info    0x000000000000a91e      0x5b8 ./out/lib/ext_drivers.a(sysinit.o)
 .debug_info    0x000000000000aed6      0x913 ./out/lib/ext_drivers.a(sysinit_18xx_43xx.o)
 .debug_info    0x000000000000b7e9     0x10d9 ./out/lib/ext_drivers.a(uart_18xx_43xx.o)
 .debug_info    0x000000000000c8c2      0x145 ./out/lib/ext_drivers.a(fpu_init.o)
 .debug_info    0x000000000000ca07       0xeb ./out/lib/sapi_bm.a(sAPI_IsrVector.o)
 .debug_info    0x000000000000caf2     0x1180 ./out/lib/sapi_bm.a(sAPI_Timer.o)

.debug_abbrev   0x0000000000000000     0x2776
 .debug_abbrev  0x0000000000000000      0x1e9 ./out/obj/baremetal.o
 .debug_abbrev  0x00000000000001e9      0x13b ./out/obj/gprs.o
 .debug_abbrev  0x0000000000000324      0x1f7 ./out/obj/gps.o
 .debug_abbrev  0x000000000000051b       0x36 ./out/obj/crp.o
 .debug_abbrev  0x0000000000000551      0x146 ./out/lib/sapi_bm.a(sAPI_AnalogIO.o)
 .debug_abbrev  0x0000000000000697       0x6a ./out/lib/sapi_bm.a(sAPI_Board.o)
 .debug_abbrev  0x0000000000000701      0x105 ./out/lib/sapi_bm.a(sAPI_Delay.o)
 .debug_abbrev  0x0000000000000806      0x1e9 ./out/lib/sapi_bm.a(sAPI_DigitalIO.o)
 .debug_abbrev  0x00000000000009ef      0x141 ./out/lib/sapi_bm.a(sAPI_Pwm.o)
 .debug_abbrev  0x0000000000000b30      0x239 ./out/lib/sapi_bm.a(sAPI_Sct.o)
 .debug_abbrev  0x0000000000000d69      0x21d ./out/lib/sapi_bm.a(sAPI_Tick.o)
 .debug_abbrev  0x0000000000000f86      0x2ab ./out/lib/sapi_bm.a(sAPI_Uart.o)
 .debug_abbrev  0x0000000000001231       0x84 ./out/lib/sapi_bm.a(sAPI_DataTypes.o)
 .debug_abbrev  0x00000000000012b5      0x1bf ./out/lib/ext_drivers.a(adc_18xx_43xx.o)
 .debug_abbrev  0x0000000000001474      0x155 ./out/lib/ext_drivers.a(chip_18xx_43xx.o)
 .debug_abbrev  0x00000000000015c9      0x2cb ./out/lib/ext_drivers.a(clock_18xx_43xx.o)
 .debug_abbrev  0x0000000000001894       0xc0 ./out/lib/ext_drivers.a(cr_startup_lpc43xx.o)
 .debug_abbrev  0x0000000000001954       0xfb ./out/lib/ext_drivers.a(dac_18xx_43xx.o)
 .debug_abbrev  0x0000000000001a4f      0x111 ./out/lib/ext_drivers.a(gpio_18xx_43xx.o)
 .debug_abbrev  0x0000000000001b60      0x19d ./out/lib/ext_drivers.a(sct_18xx_43xx.o)
 .debug_abbrev  0x0000000000001cfd      0x203 ./out/lib/ext_drivers.a(sct_pwm_18xx_43xx.o)
 .debug_abbrev  0x0000000000001f00       0xce ./out/lib/ext_drivers.a(sysinit.o)
 .debug_abbrev  0x0000000000001fce      0x18e ./out/lib/ext_drivers.a(sysinit_18xx_43xx.o)
 .debug_abbrev  0x000000000000215c      0x2c0 ./out/lib/ext_drivers.a(uart_18xx_43xx.o)
 .debug_abbrev  0x000000000000241c       0x84 ./out/lib/ext_drivers.a(fpu_init.o)
 .debug_abbrev  0x00000000000024a0       0x72 ./out/lib/sapi_bm.a(sAPI_IsrVector.o)
 .debug_abbrev  0x0000000000002512      0x264 ./out/lib/sapi_bm.a(sAPI_Timer.o)

.debug_aranges  0x0000000000000000      0xa78
 .debug_aranges
                0x0000000000000000       0x50 ./out/obj/baremetal.o
 .debug_aranges
                0x0000000000000050       0x38 ./out/obj/gprs.o
 .debug_aranges
                0x0000000000000088       0xb0 ./out/obj/gps.o
 .debug_aranges
                0x0000000000000138       0x18 ./out/obj/crp.o
 .debug_aranges
                0x0000000000000150       0x38 ./out/lib/sapi_bm.a(sAPI_AnalogIO.o)
 .debug_aranges
                0x0000000000000188       0x20 ./out/lib/sapi_bm.a(sAPI_Board.o)
 .debug_aranges
                0x00000000000001a8       0x40 ./out/lib/sapi_bm.a(sAPI_Delay.o)
 .debug_aranges
                0x00000000000001e8       0x58 ./out/lib/sapi_bm.a(sAPI_DigitalIO.o)
 .debug_aranges
                0x0000000000000240       0x50 ./out/lib/sapi_bm.a(sAPI_Pwm.o)
 .debug_aranges
                0x0000000000000290       0x90 ./out/lib/sapi_bm.a(sAPI_Sct.o)
 .debug_aranges
                0x0000000000000320       0x48 ./out/lib/sapi_bm.a(sAPI_Tick.o)
 .debug_aranges
                0x0000000000000368       0xa0 ./out/lib/sapi_bm.a(sAPI_Uart.o)
 .debug_aranges
                0x0000000000000408       0x20 ./out/lib/sapi_bm.a(sAPI_DataTypes.o)
 .debug_aranges
                0x0000000000000428       0x98 ./out/lib/ext_drivers.a(adc_18xx_43xx.o)
 .debug_aranges
                0x00000000000004c0       0x40 ./out/lib/ext_drivers.a(chip_18xx_43xx.o)
 .debug_aranges
                0x0000000000000500      0x138 ./out/lib/ext_drivers.a(clock_18xx_43xx.o)
 .debug_aranges
                0x0000000000000638       0x30 ./out/lib/ext_drivers.a(cr_startup_lpc43xx.o)
 .debug_aranges
                0x0000000000000668       0x38 ./out/lib/ext_drivers.a(dac_18xx_43xx.o)
 .debug_aranges
                0x00000000000006a0       0x68 ./out/lib/ext_drivers.a(gpio_18xx_43xx.o)
 .debug_aranges
                0x0000000000000708       0x38 ./out/lib/ext_drivers.a(sct_18xx_43xx.o)
 .debug_aranges
                0x0000000000000740       0x50 ./out/lib/ext_drivers.a(sct_pwm_18xx_43xx.o)
 .debug_aranges
                0x0000000000000790       0x20 ./out/lib/ext_drivers.a(sysinit.o)
 .debug_aranges
                0x00000000000007b0       0x50 ./out/lib/ext_drivers.a(sysinit_18xx_43xx.o)
 .debug_aranges
                0x0000000000000800      0x118 ./out/lib/ext_drivers.a(uart_18xx_43xx.o)
 .debug_aranges
                0x0000000000000918       0x20 ./out/lib/ext_drivers.a(fpu_init.o)
 .debug_aranges
                0x0000000000000938       0x58 ./out/lib/sapi_bm.a(sAPI_IsrVector.o)
 .debug_aranges
                0x0000000000000990       0xe8 ./out/lib/sapi_bm.a(sAPI_Timer.o)

.debug_ranges   0x0000000000000000      0x8f0
 .debug_ranges  0x0000000000000000       0x40 ./out/obj/baremetal.o
 .debug_ranges  0x0000000000000040       0x28 ./out/obj/gprs.o
 .debug_ranges  0x0000000000000068       0xa0 ./out/obj/gps.o
 .debug_ranges  0x0000000000000108       0x28 ./out/lib/sapi_bm.a(sAPI_AnalogIO.o)
 .debug_ranges  0x0000000000000130       0x10 ./out/lib/sapi_bm.a(sAPI_Board.o)
 .debug_ranges  0x0000000000000140       0x30 ./out/lib/sapi_bm.a(sAPI_Delay.o)
 .debug_ranges  0x0000000000000170       0x48 ./out/lib/sapi_bm.a(sAPI_DigitalIO.o)
 .debug_ranges  0x00000000000001b8       0x40 ./out/lib/sapi_bm.a(sAPI_Pwm.o)
 .debug_ranges  0x00000000000001f8       0x80 ./out/lib/sapi_bm.a(sAPI_Sct.o)
 .debug_ranges  0x0000000000000278       0x38 ./out/lib/sapi_bm.a(sAPI_Tick.o)
 .debug_ranges  0x00000000000002b0       0x90 ./out/lib/sapi_bm.a(sAPI_Uart.o)
 .debug_ranges  0x0000000000000340       0x10 ./out/lib/sapi_bm.a(sAPI_DataTypes.o)
 .debug_ranges  0x0000000000000350       0x88 ./out/lib/ext_drivers.a(adc_18xx_43xx.o)
 .debug_ranges  0x00000000000003d8       0x30 ./out/lib/ext_drivers.a(chip_18xx_43xx.o)
 .debug_ranges  0x0000000000000408      0x140 ./out/lib/ext_drivers.a(clock_18xx_43xx.o)
 .debug_ranges  0x0000000000000548       0x20 ./out/lib/ext_drivers.a(cr_startup_lpc43xx.o)
 .debug_ranges  0x0000000000000568       0x28 ./out/lib/ext_drivers.a(dac_18xx_43xx.o)
 .debug_ranges  0x0000000000000590       0x58 ./out/lib/ext_drivers.a(gpio_18xx_43xx.o)
 .debug_ranges  0x00000000000005e8       0x28 ./out/lib/ext_drivers.a(sct_18xx_43xx.o)
 .debug_ranges  0x0000000000000610       0x40 ./out/lib/ext_drivers.a(sct_pwm_18xx_43xx.o)
 .debug_ranges  0x0000000000000650       0x10 ./out/lib/ext_drivers.a(sysinit.o)
 .debug_ranges  0x0000000000000660       0x40 ./out/lib/ext_drivers.a(sysinit_18xx_43xx.o)
 .debug_ranges  0x00000000000006a0      0x120 ./out/lib/ext_drivers.a(uart_18xx_43xx.o)
 .debug_ranges  0x00000000000007c0       0x10 ./out/lib/ext_drivers.a(fpu_init.o)
 .debug_ranges  0x00000000000007d0       0x48 ./out/lib/sapi_bm.a(sAPI_IsrVector.o)
 .debug_ranges  0x0000000000000818       0xd8 ./out/lib/sapi_bm.a(sAPI_Timer.o)

.debug_macro    0x0000000000000000     0x986b
 .debug_macro   0x0000000000000000      0x3c5 ./out/obj/baremetal.o
 .debug_macro   0x00000000000003c5      0x89e ./out/obj/baremetal.o
 .debug_macro   0x0000000000000c63       0x22 ./out/obj/baremetal.o
 .debug_macro   0x0000000000000c85       0x87 ./out/obj/baremetal.o
 .debug_macro   0x0000000000000d0c       0x44 ./out/obj/baremetal.o
 .debug_macro   0x0000000000000d50       0xfd ./out/obj/baremetal.o
 .debug_macro   0x0000000000000e4d       0x5e ./out/obj/baremetal.o
 .debug_macro   0x0000000000000eab      0x1df ./out/obj/baremetal.o
 .debug_macro   0x000000000000108a       0x10 ./out/obj/baremetal.o
 .debug_macro   0x000000000000109a       0x10 ./out/obj/baremetal.o
 .debug_macro   0x00000000000010aa       0x22 ./out/obj/baremetal.o
 .debug_macro   0x00000000000010cc       0x66 ./out/obj/baremetal.o
 .debug_macro   0x0000000000001132       0x28 ./out/obj/baremetal.o
 .debug_macro   0x000000000000115a       0x3b ./out/obj/baremetal.o
 .debug_macro   0x0000000000001195       0x2d ./out/obj/baremetal.o
 .debug_macro   0x00000000000011c2       0x42 ./out/obj/baremetal.o
 .debug_macro   0x0000000000001204      0xd39 ./out/obj/baremetal.o
 .debug_macro   0x0000000000001f3d      0x2bc ./out/obj/baremetal.o
 .debug_macro   0x00000000000021f9      0x112 ./out/obj/baremetal.o
 .debug_macro   0x000000000000230b       0x11 ./out/obj/baremetal.o
 .debug_macro   0x000000000000231c       0x2a ./out/obj/baremetal.o
 .debug_macro   0x0000000000002346       0x16 ./out/obj/baremetal.o
 .debug_macro   0x000000000000235c      0x2e6 ./out/obj/baremetal.o
 .debug_macro   0x0000000000002642       0x82 ./out/obj/baremetal.o
 .debug_macro   0x00000000000026c4      0x13d ./out/obj/baremetal.o
 .debug_macro   0x0000000000002801      0x198 ./out/obj/baremetal.o
 .debug_macro   0x0000000000002999       0x34 ./out/obj/baremetal.o
 .debug_macro   0x00000000000029cd       0x58 ./out/obj/baremetal.o
 .debug_macro   0x0000000000002a25      0x236 ./out/obj/baremetal.o
 .debug_macro   0x0000000000002c5b      0x572 ./out/obj/baremetal.o
 .debug_macro   0x00000000000031cd       0x16 ./out/obj/baremetal.o
 .debug_macro   0x00000000000031e3      0x18a ./out/obj/baremetal.o
 .debug_macro   0x000000000000336d       0x88 ./out/obj/baremetal.o
 .debug_macro   0x00000000000033f5      0x1b9 ./out/obj/baremetal.o
 .debug_macro   0x00000000000035ae      0x1da ./out/obj/baremetal.o
 .debug_macro   0x0000000000003788       0x40 ./out/obj/baremetal.o
 .debug_macro   0x00000000000037c8       0x1c ./out/obj/baremetal.o
 .debug_macro   0x00000000000037e4       0x2e ./out/obj/baremetal.o
 .debug_macro   0x0000000000003812       0x2e ./out/obj/baremetal.o
 .debug_macro   0x0000000000003840       0x22 ./out/obj/baremetal.o
 .debug_macro   0x0000000000003862      0x201 ./out/obj/baremetal.o
 .debug_macro   0x0000000000003a63       0xe0 ./out/obj/baremetal.o
 .debug_macro   0x0000000000003b43      0x34c ./out/obj/baremetal.o
 .debug_macro   0x0000000000003e8f       0xdc ./out/obj/baremetal.o
 .debug_macro   0x0000000000003f6b       0xc4 ./out/obj/baremetal.o
 .debug_macro   0x000000000000402f       0x94 ./out/obj/baremetal.o
 .debug_macro   0x00000000000040c3       0xb8 ./out/obj/baremetal.o
 .debug_macro   0x000000000000417b       0x4c ./out/obj/baremetal.o
 .debug_macro   0x00000000000041c7       0x16 ./out/obj/baremetal.o
 .debug_macro   0x00000000000041dd      0x328 ./out/obj/baremetal.o
 .debug_macro   0x0000000000004505       0x3a ./out/obj/baremetal.o
 .debug_macro   0x000000000000453f       0xd0 ./out/obj/baremetal.o
 .debug_macro   0x000000000000460f       0x18 ./out/obj/baremetal.o
 .debug_macro   0x0000000000004627       0x22 ./out/obj/baremetal.o
 .debug_macro   0x0000000000004649       0x40 ./out/obj/baremetal.o
 .debug_macro   0x0000000000004689       0x28 ./out/obj/baremetal.o
 .debug_macro   0x00000000000046b1       0x10 ./out/obj/baremetal.o
 .debug_macro   0x00000000000046c1       0x70 ./out/obj/baremetal.o
 .debug_macro   0x0000000000004731      0x456 ./out/obj/gprs.o
 .debug_macro   0x0000000000004b87       0x52 ./out/obj/gprs.o
 .debug_macro   0x0000000000004bd9       0x35 ./out/obj/gprs.o
 .debug_macro   0x0000000000004c0e       0x9c ./out/obj/gprs.o
 .debug_macro   0x0000000000004caa      0x174 ./out/obj/gprs.o
 .debug_macro   0x0000000000004e1e       0x52 ./out/obj/gprs.o
 .debug_macro   0x0000000000004e70       0x1f ./out/obj/gprs.o
 .debug_macro   0x0000000000004e8f       0x43 ./out/obj/gprs.o
 .debug_macro   0x0000000000004ed2       0x20 ./out/obj/gprs.o
 .debug_macro   0x0000000000004ef2      0x187 ./out/obj/gprs.o
 .debug_macro   0x0000000000005079      0x30d ./out/obj/gprs.o
 .debug_macro   0x0000000000005386       0x10 ./out/obj/gprs.o
 .debug_macro   0x0000000000005396       0x35 ./out/obj/gprs.o
 .debug_macro   0x00000000000053cb      0x47c ./out/obj/gps.o
 .debug_macro   0x0000000000005847       0x17 ./out/obj/crp.o
 .debug_macro   0x000000000000585e      0x31e ./out/lib/sapi_bm.a(sAPI_AnalogIO.o)
 .debug_macro   0x0000000000005b7c       0x2e ./out/lib/sapi_bm.a(sAPI_AnalogIO.o)
 .debug_macro   0x0000000000005baa      0x30b ./out/lib/sapi_bm.a(sAPI_Board.o)
 .debug_macro   0x0000000000005eb5      0x327 ./out/lib/sapi_bm.a(sAPI_Delay.o)
 .debug_macro   0x00000000000061dc      0x322 ./out/lib/sapi_bm.a(sAPI_DigitalIO.o)
 .debug_macro   0x00000000000064fe      0x346 ./out/lib/sapi_bm.a(sAPI_Pwm.o)
 .debug_macro   0x0000000000006844      0x324 ./out/lib/sapi_bm.a(sAPI_Sct.o)
 .debug_macro   0x0000000000006b68      0x322 ./out/lib/sapi_bm.a(sAPI_Tick.o)
 .debug_macro   0x0000000000006e8a      0x472 ./out/lib/sapi_bm.a(sAPI_Uart.o)
 .debug_macro   0x00000000000072fc      0x310 ./out/lib/sapi_bm.a(sAPI_DataTypes.o)
 .debug_macro   0x000000000000760c      0x301 ./out/lib/ext_drivers.a(adc_18xx_43xx.o)
 .debug_macro   0x000000000000790d      0x301 ./out/lib/ext_drivers.a(chip_18xx_43xx.o)
 .debug_macro   0x0000000000007c0e      0x307 ./out/lib/ext_drivers.a(clock_18xx_43xx.o)
 .debug_macro   0x0000000000007f15       0x23 ./out/lib/ext_drivers.a(cr_startup_lpc43xx.o)
 .debug_macro   0x0000000000007f38      0x301 ./out/lib/ext_drivers.a(dac_18xx_43xx.o)
 .debug_macro   0x0000000000008239      0x301 ./out/lib/ext_drivers.a(gpio_18xx_43xx.o)
 .debug_macro   0x000000000000853a      0x301 ./out/lib/ext_drivers.a(sct_18xx_43xx.o)
 .debug_macro   0x000000000000883b      0x301 ./out/lib/ext_drivers.a(sct_pwm_18xx_43xx.o)
 .debug_macro   0x0000000000008b3c      0x301 ./out/lib/ext_drivers.a(sysinit.o)
 .debug_macro   0x0000000000008e3d      0x301 ./out/lib/ext_drivers.a(sysinit_18xx_43xx.o)
 .debug_macro   0x000000000000913e      0x301 ./out/lib/ext_drivers.a(uart_18xx_43xx.o)
 .debug_macro   0x000000000000943f       0xe7 ./out/lib/ext_drivers.a(fpu_init.o)
 .debug_macro   0x0000000000009526       0x1b ./out/lib/sapi_bm.a(sAPI_IsrVector.o)
 .debug_macro   0x0000000000009541      0x32a ./out/lib/sapi_bm.a(sAPI_Timer.o)

.debug_line     0x0000000000000000     0xcf13
 .debug_line    0x0000000000000000      0xa2b ./out/obj/baremetal.o
 .debug_line    0x0000000000000a2b      0x9ea ./out/obj/gprs.o
 .debug_line    0x0000000000001415      0xb40 ./out/obj/gps.o
 .debug_line    0x0000000000001f55       0x4c ./out/obj/crp.o
 .debug_line    0x0000000000001fa1      0x802 ./out/lib/sapi_bm.a(sAPI_AnalogIO.o)
 .debug_line    0x00000000000027a3      0x76c ./out/lib/sapi_bm.a(sAPI_Board.o)
 .debug_line    0x0000000000002f0f      0x7f7 ./out/lib/sapi_bm.a(sAPI_Delay.o)
 .debug_line    0x0000000000003706      0x85f ./out/lib/sapi_bm.a(sAPI_DigitalIO.o)
 .debug_line    0x0000000000003f65      0x843 ./out/lib/sapi_bm.a(sAPI_Pwm.o)
 .debug_line    0x00000000000047a8      0x8b1 ./out/lib/sapi_bm.a(sAPI_Sct.o)
 .debug_line    0x0000000000005059      0x810 ./out/lib/sapi_bm.a(sAPI_Tick.o)
 .debug_line    0x0000000000005869      0xabc ./out/lib/sapi_bm.a(sAPI_Uart.o)
 .debug_line    0x0000000000006325      0x774 ./out/lib/sapi_bm.a(sAPI_DataTypes.o)
 .debug_line    0x0000000000006a99      0x8ad ./out/lib/ext_drivers.a(adc_18xx_43xx.o)
 .debug_line    0x0000000000007346      0x7c6 ./out/lib/ext_drivers.a(chip_18xx_43xx.o)
 .debug_line    0x0000000000007b0c      0xbc3 ./out/lib/ext_drivers.a(clock_18xx_43xx.o)
 .debug_line    0x00000000000086cf       0xe3 ./out/lib/ext_drivers.a(cr_startup_lpc43xx.o)
 .debug_line    0x00000000000087b2      0x796 ./out/lib/ext_drivers.a(dac_18xx_43xx.o)
 .debug_line    0x0000000000008f48      0x817 ./out/lib/ext_drivers.a(gpio_18xx_43xx.o)
 .debug_line    0x000000000000975f      0x797 ./out/lib/ext_drivers.a(sct_18xx_43xx.o)
 .debug_line    0x0000000000009ef6      0x7e3 ./out/lib/ext_drivers.a(sct_pwm_18xx_43xx.o)
 .debug_line    0x000000000000a6d9      0x75a ./out/lib/ext_drivers.a(sysinit.o)
 .debug_line    0x000000000000ae33      0x834 ./out/lib/ext_drivers.a(sysinit_18xx_43xx.o)
 .debug_line    0x000000000000b667      0xaa3 ./out/lib/ext_drivers.a(uart_18xx_43xx.o)
 .debug_line    0x000000000000c10a      0x372 ./out/lib/ext_drivers.a(fpu_init.o)
 .debug_line    0x000000000000c47c       0xb0 ./out/lib/sapi_bm.a(sAPI_IsrVector.o)
 .debug_line    0x000000000000c52c      0x9e7 ./out/lib/sapi_bm.a(sAPI_Timer.o)

.debug_str      0x0000000000000000    0x1af75
 .debug_str     0x0000000000000000    0x157b0 ./out/obj/baremetal.o
                                      0x159cb (size before relaxing)
 .debug_str     0x00000000000157b0     0x2a5c ./out/obj/gprs.o
                                      0x17fc6 (size before relaxing)
 .debug_str     0x000000000001820c      0x362 ./out/obj/gps.o
                                      0x1822e (size before relaxing)
 .debug_str     0x000000000001856e       0x4b ./out/obj/crp.o
                                       0x2572 (size before relaxing)
 .debug_str     0x00000000000185b9      0x2a1 ./out/lib/sapi_bm.a(sAPI_AnalogIO.o)
                                      0x14b3e (size before relaxing)
 .debug_str     0x000000000001885a       0x2f ./out/lib/sapi_bm.a(sAPI_Board.o)
                                      0x147ce (size before relaxing)
 .debug_str     0x0000000000018889       0x88 ./out/lib/sapi_bm.a(sAPI_Delay.o)
                                      0x148e6 (size before relaxing)
 .debug_str     0x0000000000018911      0x1d9 ./out/lib/sapi_bm.a(sAPI_DigitalIO.o)
                                      0x154a2 (size before relaxing)
 .debug_str     0x0000000000018aea       0xfe ./out/lib/sapi_bm.a(sAPI_Pwm.o)
                                      0x153fc (size before relaxing)
 .debug_str     0x0000000000018be8      0x334 ./out/lib/sapi_bm.a(sAPI_Sct.o)
                                      0x156b8 (size before relaxing)
 .debug_str     0x0000000000018f1c      0x481 ./out/lib/sapi_bm.a(sAPI_Tick.o)
                                      0x15741 (size before relaxing)
 .debug_str     0x000000000001939d      0x1f3 ./out/lib/sapi_bm.a(sAPI_Uart.o)
                                      0x17b7f (size before relaxing)
 .debug_str     0x0000000000019590       0x38 ./out/lib/sapi_bm.a(sAPI_DataTypes.o)
                                      0x14822 (size before relaxing)
 .debug_str     0x00000000000195c8      0x2a6 ./out/lib/ext_drivers.a(adc_18xx_43xx.o)
                                      0x15037 (size before relaxing)
 .debug_str     0x000000000001986e      0x275 ./out/lib/ext_drivers.a(chip_18xx_43xx.o)
                                      0x1550a (size before relaxing)
 .debug_str     0x0000000000019ae3      0x635 ./out/lib/ext_drivers.a(clock_18xx_43xx.o)
                                      0x15a97 (size before relaxing)
 .debug_str     0x000000000001a118      0x175 ./out/lib/ext_drivers.a(cr_startup_lpc43xx.o)
                                       0x26a7 (size before relaxing)
 .debug_str     0x000000000001a28d       0xd3 ./out/lib/ext_drivers.a(dac_18xx_43xx.o)
                                      0x14c62 (size before relaxing)
 .debug_str     0x000000000001a360      0x139 ./out/lib/ext_drivers.a(gpio_18xx_43xx.o)
                                      0x14916 (size before relaxing)
 .debug_str     0x000000000001a499       0x94 ./out/lib/ext_drivers.a(sct_18xx_43xx.o)
                                      0x14e24 (size before relaxing)
 .debug_str     0x000000000001a52d       0xb3 ./out/lib/ext_drivers.a(sct_pwm_18xx_43xx.o)
                                      0x14eb0 (size before relaxing)
 .debug_str     0x000000000001a5e0       0x33 ./out/lib/ext_drivers.a(sysinit.o)
                                      0x15213 (size before relaxing)
 .debug_str     0x000000000001a613      0x109 ./out/lib/ext_drivers.a(sysinit_18xx_43xx.o)
                                      0x154d9 (size before relaxing)
 .debug_str     0x000000000001a71c      0x328 ./out/lib/ext_drivers.a(uart_18xx_43xx.o)
                                      0x15652 (size before relaxing)
 .debug_str     0x000000000001aa44       0xd7 ./out/lib/ext_drivers.a(fpu_init.o)
                                       0x90a9 (size before relaxing)
 .debug_str     0x000000000001ab1b       0xa6 ./out/lib/sapi_bm.a(sAPI_IsrVector.o)
                                       0x25e5 (size before relaxing)
 .debug_str     0x000000000001abc1      0x3b4 ./out/lib/sapi_bm.a(sAPI_Timer.o)
                                      0x15a37 (size before relaxing)

.comment        0x0000000000000000       0x6e
 .comment       0x0000000000000000       0x6e ./out/obj/baremetal.o
                                         0x6f (size before relaxing)
 .comment       0x000000000000006e       0x6f ./out/obj/gprs.o
 .comment       0x000000000000006e       0x6f ./out/obj/gps.o
 .comment       0x000000000000006e       0x6f ./out/obj/crp.o
 .comment       0x000000000000006e       0x6f ./out/lib/sapi_bm.a(sAPI_AnalogIO.o)
 .comment       0x000000000000006e       0x6f ./out/lib/sapi_bm.a(sAPI_Board.o)
 .comment       0x000000000000006e       0x6f ./out/lib/sapi_bm.a(sAPI_Delay.o)
 .comment       0x000000000000006e       0x6f ./out/lib/sapi_bm.a(sAPI_DigitalIO.o)
 .comment       0x000000000000006e       0x6f ./out/lib/sapi_bm.a(sAPI_Pwm.o)
 .comment       0x000000000000006e       0x6f ./out/lib/sapi_bm.a(sAPI_Sct.o)
 .comment       0x000000000000006e       0x6f ./out/lib/sapi_bm.a(sAPI_Tick.o)
 .comment       0x000000000000006e       0x6f ./out/lib/sapi_bm.a(sAPI_Uart.o)
 .comment       0x000000000000006e       0x6f ./out/lib/sapi_bm.a(sAPI_DataTypes.o)
 .comment       0x000000000000006e       0x6f ./out/lib/ext_drivers.a(adc_18xx_43xx.o)
 .comment       0x000000000000006e       0x6f ./out/lib/ext_drivers.a(chip_18xx_43xx.o)
 .comment       0x000000000000006e       0x6f ./out/lib/ext_drivers.a(clock_18xx_43xx.o)
 .comment       0x000000000000006e       0x6f ./out/lib/ext_drivers.a(cr_startup_lpc43xx.o)
 .comment       0x000000000000006e       0x6f ./out/lib/ext_drivers.a(dac_18xx_43xx.o)
 .comment       0x000000000000006e       0x6f ./out/lib/ext_drivers.a(gpio_18xx_43xx.o)
 .comment       0x000000000000006e       0x6f ./out/lib/ext_drivers.a(sct_18xx_43xx.o)
 .comment       0x000000000000006e       0x6f ./out/lib/ext_drivers.a(sct_pwm_18xx_43xx.o)
 .comment       0x000000000000006e       0x6f ./out/lib/ext_drivers.a(sysinit.o)
 .comment       0x000000000000006e       0x6f ./out/lib/ext_drivers.a(sysinit_18xx_43xx.o)
 .comment       0x000000000000006e       0x6f ./out/lib/ext_drivers.a(uart_18xx_43xx.o)
 .comment       0x000000000000006e       0x6f ./out/lib/ext_drivers.a(fpu_init.o)
 .comment       0x000000000000006e       0x6f ./out/lib/sapi_bm.a(sAPI_IsrVector.o)
 .comment       0x000000000000006e       0x6f ./out/lib/sapi_bm.a(sAPI_Timer.o)

.ARM.attributes
                0x0000000000000000       0x35
 .ARM.attributes
                0x0000000000000000       0x37 ./out/obj/baremetal.o
 .ARM.attributes
                0x0000000000000037       0x37 ./out/obj/gprs.o
 .ARM.attributes
                0x000000000000006e       0x37 ./out/obj/gps.o
 .ARM.attributes
                0x00000000000000a5       0x37 ./out/obj/crp.o
 .ARM.attributes
                0x00000000000000dc       0x37 ./out/lib/sapi_bm.a(sAPI_AnalogIO.o)
 .ARM.attributes
                0x0000000000000113       0x37 ./out/lib/sapi_bm.a(sAPI_Board.o)
 .ARM.attributes
                0x000000000000014a       0x37 ./out/lib/sapi_bm.a(sAPI_Delay.o)
 .ARM.attributes
                0x0000000000000181       0x37 ./out/lib/sapi_bm.a(sAPI_DigitalIO.o)
 .ARM.attributes
                0x00000000000001b8       0x37 ./out/lib/sapi_bm.a(sAPI_Pwm.o)
 .ARM.attributes
                0x00000000000001ef       0x37 ./out/lib/sapi_bm.a(sAPI_Sct.o)
 .ARM.attributes
                0x0000000000000226       0x37 ./out/lib/sapi_bm.a(sAPI_Tick.o)
 .ARM.attributes
                0x000000000000025d       0x37 ./out/lib/sapi_bm.a(sAPI_Uart.o)
 .ARM.attributes
                0x0000000000000294       0x37 ./out/lib/sapi_bm.a(sAPI_DataTypes.o)
 .ARM.attributes
                0x00000000000002cb       0x37 ./out/lib/ext_drivers.a(adc_18xx_43xx.o)
 .ARM.attributes
                0x0000000000000302       0x37 ./out/lib/ext_drivers.a(chip_18xx_43xx.o)
 .ARM.attributes
                0x0000000000000339       0x37 ./out/lib/ext_drivers.a(clock_18xx_43xx.o)
 .ARM.attributes
                0x0000000000000370       0x37 ./out/lib/ext_drivers.a(cr_startup_lpc43xx.o)
 .ARM.attributes
                0x00000000000003a7       0x37 ./out/lib/ext_drivers.a(dac_18xx_43xx.o)
 .ARM.attributes
                0x00000000000003de       0x37 ./out/lib/ext_drivers.a(gpio_18xx_43xx.o)
 .ARM.attributes
                0x0000000000000415       0x37 ./out/lib/ext_drivers.a(sct_18xx_43xx.o)
 .ARM.attributes
                0x000000000000044c       0x37 ./out/lib/ext_drivers.a(sct_pwm_18xx_43xx.o)
 .ARM.attributes
                0x0000000000000483       0x37 ./out/lib/ext_drivers.a(sysinit.o)
 .ARM.attributes
                0x00000000000004ba       0x37 ./out/lib/ext_drivers.a(sysinit_18xx_43xx.o)
 .ARM.attributes
                0x00000000000004f1       0x37 ./out/lib/ext_drivers.a(uart_18xx_43xx.o)
 .ARM.attributes
                0x0000000000000528       0x37 ./out/lib/ext_drivers.a(fpu_init.o)
 .ARM.attributes
                0x000000000000055f       0x37 ./out/lib/sapi_bm.a(sAPI_IsrVector.o)
 .ARM.attributes
                0x0000000000000596       0x37 ./out/lib/sapi_bm.a(sAPI_Timer.o)
 .ARM.attributes
                0x00000000000005cd       0x22 /usr/local/Caskroom/gcc-arm-embedded/5_4-2016q2,20160622/gcc-arm-none-eabi-5_4-2016q2/bin/../lib/gcc/arm-none-eabi/5.4.1/armv7e-m/softfp/libgcc.a(_arm_addsubdf3.o)
 .ARM.attributes
                0x00000000000005ef       0x22 /usr/local/Caskroom/gcc-arm-embedded/5_4-2016q2,20160622/gcc-arm-none-eabi-5_4-2016q2/bin/../lib/gcc/arm-none-eabi/5.4.1/armv7e-m/softfp/libgcc.a(_arm_muldivdf3.o)
 .ARM.attributes
                0x0000000000000611       0x22 /usr/local/Caskroom/gcc-arm-embedded/5_4-2016q2,20160622/gcc-arm-none-eabi-5_4-2016q2/bin/../lib/gcc/arm-none-eabi/5.4.1/armv7e-m/softfp/libgcc.a(_arm_fixunsdfsi.o)
 .ARM.attributes
                0x0000000000000633       0x22 /usr/local/Caskroom/gcc-arm-embedded/5_4-2016q2,20160622/gcc-arm-none-eabi-5_4-2016q2/bin/../lib/gcc/arm-none-eabi/5.4.1/armv7e-m/softfp/libgcc.a(_aeabi_uldivmod.o)
 .ARM.attributes
                0x0000000000000655       0x32 /usr/local/Caskroom/gcc-arm-embedded/5_4-2016q2,20160622/gcc-arm-none-eabi-5_4-2016q2/bin/../lib/gcc/arm-none-eabi/5.4.1/armv7e-m/softfp/libgcc.a(_udivmoddi4.o)
 .ARM.attributes
                0x0000000000000687       0x22 /usr/local/Caskroom/gcc-arm-embedded/5_4-2016q2,20160622/gcc-arm-none-eabi-5_4-2016q2/bin/../lib/gcc/arm-none-eabi/5.4.1/armv7e-m/softfp/libgcc.a(_dvmd_tls.o)
 .ARM.attributes
                0x00000000000006a9       0x32 /usr/local/Caskroom/gcc-arm-embedded/5_4-2016q2,20160622/gcc-arm-none-eabi-5_4-2016q2/bin/../lib/gcc/arm-none-eabi/5.4.1/../../../../arm-none-eabi/lib/armv7e-m/softfp/libc.a(lib_a-atoi.o)
 .ARM.attributes
                0x00000000000006db       0x32 /usr/local/Caskroom/gcc-arm-embedded/5_4-2016q2,20160622/gcc-arm-none-eabi-5_4-2016q2/bin/../lib/gcc/arm-none-eabi/5.4.1/../../../../arm-none-eabi/lib/armv7e-m/softfp/libc.a(lib_a-memset.o)
 .ARM.attributes
                0x000000000000070d       0x32 /usr/local/Caskroom/gcc-arm-embedded/5_4-2016q2,20160622/gcc-arm-none-eabi-5_4-2016q2/bin/../lib/gcc/arm-none-eabi/5.4.1/../../../../arm-none-eabi/lib/armv7e-m/softfp/libc.a(lib_a-strcat.o)
 .ARM.attributes
                0x000000000000073f       0x20 /usr/local/Caskroom/gcc-arm-embedded/5_4-2016q2,20160622/gcc-arm-none-eabi-5_4-2016q2/bin/../lib/gcc/arm-none-eabi/5.4.1/../../../../arm-none-eabi/lib/armv7e-m/softfp/libc.a(lib_a-strcmp.o)
 .ARM.attributes
                0x000000000000075f       0x32 /usr/local/Caskroom/gcc-arm-embedded/5_4-2016q2,20160622/gcc-arm-none-eabi-5_4-2016q2/bin/../lib/gcc/arm-none-eabi/5.4.1/../../../../arm-none-eabi/lib/armv7e-m/softfp/libc.a(lib_a-strcpy.o)
 .ARM.attributes
                0x0000000000000791       0x20 /usr/local/Caskroom/gcc-arm-embedded/5_4-2016q2,20160622/gcc-arm-none-eabi-5_4-2016q2/bin/../lib/gcc/arm-none-eabi/5.4.1/../../../../arm-none-eabi/lib/armv7e-m/softfp/libc.a(lib_a-strlen.o)
 .ARM.attributes
                0x00000000000007b1       0x32 /usr/local/Caskroom/gcc-arm-embedded/5_4-2016q2,20160622/gcc-arm-none-eabi-5_4-2016q2/bin/../lib/gcc/arm-none-eabi/5.4.1/../../../../arm-none-eabi/lib/armv7e-m/softfp/libc.a(lib_a-strtol.o)
 .ARM.attributes
                0x00000000000007e3       0x32 /usr/local/Caskroom/gcc-arm-embedded/5_4-2016q2,20160622/gcc-arm-none-eabi-5_4-2016q2/bin/../lib/gcc/arm-none-eabi/5.4.1/../../../../arm-none-eabi/lib/armv7e-m/softfp/libc.a(lib_a-ctype_.o)
 .ARM.attributes
                0x0000000000000815       0x32 /usr/local/Caskroom/gcc-arm-embedded/5_4-2016q2,20160622/gcc-arm-none-eabi-5_4-2016q2/bin/../lib/gcc/arm-none-eabi/5.4.1/../../../../arm-none-eabi/lib/armv7e-m/softfp/libc.a(lib_a-impure.o)

.debug_frame    0x0000000000000000     0x2810
 .debug_frame   0x0000000000000000      0x134 ./out/obj/baremetal.o
 .debug_frame   0x0000000000000134       0x90 ./out/obj/gprs.o
 .debug_frame   0x00000000000001c4      0x288 ./out/obj/gps.o
 .debug_frame   0x000000000000044c       0xa4 ./out/lib/sapi_bm.a(sAPI_AnalogIO.o)
 .debug_frame   0x00000000000004f0       0x2c ./out/lib/sapi_bm.a(sAPI_Board.o)
 .debug_frame   0x000000000000051c       0xec ./out/lib/sapi_bm.a(sAPI_Delay.o)
 .debug_frame   0x0000000000000608      0x148 ./out/lib/sapi_bm.a(sAPI_DigitalIO.o)
 .debug_frame   0x0000000000000750      0x108 ./out/lib/sapi_bm.a(sAPI_Pwm.o)
 .debug_frame   0x0000000000000858      0x24c ./out/lib/sapi_bm.a(sAPI_Sct.o)
 .debug_frame   0x0000000000000aa4       0xf0 ./out/lib/sapi_bm.a(sAPI_Tick.o)
 .debug_frame   0x0000000000000b94      0x290 ./out/lib/sapi_bm.a(sAPI_Uart.o)
 .debug_frame   0x0000000000000e24       0x38 ./out/lib/sapi_bm.a(sAPI_DataTypes.o)
 .debug_frame   0x0000000000000e5c      0x264 ./out/lib/ext_drivers.a(adc_18xx_43xx.o)
 .debug_frame   0x00000000000010c0       0xa0 ./out/lib/ext_drivers.a(chip_18xx_43xx.o)
 .debug_frame   0x0000000000001160      0x568 ./out/lib/ext_drivers.a(clock_18xx_43xx.o)
 .debug_frame   0x00000000000016c8       0x80 ./out/lib/ext_drivers.a(cr_startup_lpc43xx.o)
 .debug_frame   0x0000000000001748       0xa8 ./out/lib/ext_drivers.a(dac_18xx_43xx.o)
 .debug_frame   0x00000000000017f0      0x198 ./out/lib/ext_drivers.a(gpio_18xx_43xx.o)
 .debug_frame   0x0000000000001988       0xa8 ./out/lib/ext_drivers.a(sct_18xx_43xx.o)
 .debug_frame   0x0000000000001a30      0x120 ./out/lib/ext_drivers.a(sct_pwm_18xx_43xx.o)
 .debug_frame   0x0000000000001b50       0x34 ./out/lib/ext_drivers.a(sysinit.o)
 .debug_frame   0x0000000000001b84       0xf4 ./out/lib/ext_drivers.a(sysinit_18xx_43xx.o)
 .debug_frame   0x0000000000001c78      0x4e4 ./out/lib/ext_drivers.a(uart_18xx_43xx.o)
 .debug_frame   0x000000000000215c       0x38 ./out/lib/ext_drivers.a(fpu_init.o)
 .debug_frame   0x0000000000002194       0xd0 ./out/lib/sapi_bm.a(sAPI_IsrVector.o)
 .debug_frame   0x0000000000002264      0x3e4 ./out/lib/sapi_bm.a(sAPI_Timer.o)
 .debug_frame   0x0000000000002648       0x2c /usr/local/Caskroom/gcc-arm-embedded/5_4-2016q2,20160622/gcc-arm-none-eabi-5_4-2016q2/bin/../lib/gcc/arm-none-eabi/5.4.1/armv7e-m/softfp/libgcc.a(_aeabi_uldivmod.o)
 .debug_frame   0x0000000000002674       0x34 /usr/local/Caskroom/gcc-arm-embedded/5_4-2016q2,20160622/gcc-arm-none-eabi-5_4-2016q2/bin/../lib/gcc/arm-none-eabi/5.4.1/armv7e-m/softfp/libgcc.a(_udivmoddi4.o)
 .debug_frame   0x00000000000026a8       0x30 /usr/local/Caskroom/gcc-arm-embedded/5_4-2016q2,20160622/gcc-arm-none-eabi-5_4-2016q2/bin/../lib/gcc/arm-none-eabi/5.4.1/../../../../arm-none-eabi/lib/armv7e-m/softfp/libc.a(lib_a-atoi.o)
 .debug_frame   0x00000000000026d8       0x34 /usr/local/Caskroom/gcc-arm-embedded/5_4-2016q2,20160622/gcc-arm-none-eabi-5_4-2016q2/bin/../lib/gcc/arm-none-eabi/5.4.1/../../../../arm-none-eabi/lib/armv7e-m/softfp/libc.a(lib_a-memset.o)
 .debug_frame   0x000000000000270c       0x28 /usr/local/Caskroom/gcc-arm-embedded/5_4-2016q2,20160622/gcc-arm-none-eabi-5_4-2016q2/bin/../lib/gcc/arm-none-eabi/5.4.1/../../../../arm-none-eabi/lib/armv7e-m/softfp/libc.a(lib_a-strcat.o)
 .debug_frame   0x0000000000002734       0x68 /usr/local/Caskroom/gcc-arm-embedded/5_4-2016q2,20160622/gcc-arm-none-eabi-5_4-2016q2/bin/../lib/gcc/arm-none-eabi/5.4.1/../../../../arm-none-eabi/lib/armv7e-m/softfp/libc.a(lib_a-strcmp.o)
 .debug_frame   0x000000000000279c       0x20 /usr/local/Caskroom/gcc-arm-embedded/5_4-2016q2,20160622/gcc-arm-none-eabi-5_4-2016q2/bin/../lib/gcc/arm-none-eabi/5.4.1/../../../../arm-none-eabi/lib/armv7e-m/softfp/libc.a(lib_a-strcpy.o)
 .debug_frame   0x00000000000027bc       0x54 /usr/local/Caskroom/gcc-arm-embedded/5_4-2016q2,20160622/gcc-arm-none-eabi-5_4-2016q2/bin/../lib/gcc/arm-none-eabi/5.4.1/../../../../arm-none-eabi/lib/armv7e-m/softfp/libc.a(lib_a-strtol.o)
