Archive member included to satisfy reference by file (symbol)

./out/lib/sapi_bm.a(sAPI_AnalogIO.o)
                              ./out/obj/baremetal.o (analogConfig)
./out/lib/sapi_bm.a(sAPI_Board.o)
                              ./out/obj/baremetal.o (boardConfig)
./out/lib/sapi_bm.a(sAPI_Delay.o)
                              ./out/obj/baremetal.o (delay)
./out/lib/sapi_bm.a(sAPI_DigitalIO.o)
                              ./out/obj/baremetal.o (digitalConfig)
./out/lib/sapi_bm.a(sAPI_Pwm.o)
                              ./out/obj/baremetal.o (pwmWrite)
./out/lib/sapi_bm.a(sAPI_Sct.o)
                              ./out/lib/sapi_bm.a(sAPI_Pwm.o) (Sct_Init)
./out/lib/sapi_bm.a(sAPI_Tick.o)
                              ./out/lib/sapi_bm.a(sAPI_Delay.o) (tickRateMS)
./out/lib/sapi_bm.a(sAPI_Uart.o)
                              ./out/obj/baremetal.o (uartConfig)
./out/lib/sapi_bm.a(sAPI_DataTypes.o)
                              ./out/lib/sapi_bm.a(sAPI_Tick.o) (sAPI_NullFuncPtr)
./out/lib/ext_drivers.a(adc_18xx_43xx.o)
                              ./out/lib/sapi_bm.a(sAPI_AnalogIO.o) (Chip_ADC_Init)
./out/lib/ext_drivers.a(chip_18xx_43xx.o)
                              ./out/lib/sapi_bm.a(sAPI_Tick.o) (SystemCoreClock)
./out/lib/ext_drivers.a(clock_18xx_43xx.o)
                              ./out/lib/ext_drivers.a(chip_18xx_43xx.o) (Chip_Clock_GetClockInputHz)
./out/lib/ext_drivers.a(cr_startup_lpc43xx.o)
                              (ResetISR)
./out/lib/ext_drivers.a(dac_18xx_43xx.o)
                              ./out/lib/sapi_bm.a(sAPI_AnalogIO.o) (Chip_DAC_Init)
./out/lib/ext_drivers.a(gpio_18xx_43xx.o)
                              ./out/lib/sapi_bm.a(sAPI_DigitalIO.o) (Chip_GPIO_Init)
./out/lib/ext_drivers.a(sct_18xx_43xx.o)
                              ./out/lib/sapi_bm.a(sAPI_Sct.o) (Chip_SCT_Init)
./out/lib/ext_drivers.a(sct_pwm_18xx_43xx.o)
                              ./out/lib/sapi_bm.a(sAPI_Sct.o) (Chip_SCTPWM_SetOutPin)
./out/lib/ext_drivers.a(sysinit.o)
                              ./out/lib/ext_drivers.a(clock_18xx_43xx.o) (ExtRateIn)
./out/lib/ext_drivers.a(sysinit_18xx_43xx.o)
                              ./out/lib/ext_drivers.a(sysinit.o) (Chip_SystemInit)
./out/lib/ext_drivers.a(uart_18xx_43xx.o)
                              ./out/lib/sapi_bm.a(sAPI_Uart.o) (Chip_UART_Init)
./out/lib/ext_drivers.a(fpu_init.o)
                              ./out/lib/ext_drivers.a(sysinit.o) (fpuInit)
./out/lib/ext_drivers.a(ring_buffer.o)
                              ./out/lib/ext_drivers.a(uart_18xx_43xx.o) (RingBuffer_Insert)
./out/lib/sapi_bm.a(sAPI_IsrVector.o)
                              ./out/lib/ext_drivers.a(cr_startup_lpc43xx.o) (g_pfnVectors)
./out/lib/sapi_bm.a(sAPI_Timer.o)
                              ./out/lib/sapi_bm.a(sAPI_IsrVector.o) (TIMER0_IRQHandler)
./out/lib/ext_drivers.a(timer_18xx_43xx.o)
                              ./out/lib/sapi_bm.a(sAPI_Timer.o) (Chip_TIMER_Init)
/usr/local/Caskroom/gcc-arm-embedded/5_4-2016q2,20160622/gcc-arm-none-eabi-5_4-2016q2/bin/../lib/gcc/arm-none-eabi/5.4.1/armv7e-m/softfp/libgcc.a(_arm_addsubdf3.o)
                              ./out/obj/baremetal.o (__aeabi_dsub)
/usr/local/Caskroom/gcc-arm-embedded/5_4-2016q2,20160622/gcc-arm-none-eabi-5_4-2016q2/bin/../lib/gcc/arm-none-eabi/5.4.1/armv7e-m/softfp/libgcc.a(_arm_muldivdf3.o)
                              ./out/obj/baremetal.o (__aeabi_dmul)
/usr/local/Caskroom/gcc-arm-embedded/5_4-2016q2,20160622/gcc-arm-none-eabi-5_4-2016q2/bin/../lib/gcc/arm-none-eabi/5.4.1/armv7e-m/softfp/libgcc.a(_arm_fixunsdfsi.o)
                              ./out/obj/baremetal.o (__aeabi_d2uiz)
/usr/local/Caskroom/gcc-arm-embedded/5_4-2016q2,20160622/gcc-arm-none-eabi-5_4-2016q2/bin/../lib/gcc/arm-none-eabi/5.4.1/armv7e-m/softfp/libgcc.a(_aeabi_uldivmod.o)
                              ./out/lib/sapi_bm.a(sAPI_Delay.o) (__aeabi_uldivmod)
/usr/local/Caskroom/gcc-arm-embedded/5_4-2016q2,20160622/gcc-arm-none-eabi-5_4-2016q2/bin/../lib/gcc/arm-none-eabi/5.4.1/armv7e-m/softfp/libgcc.a(_udivmoddi4.o)
                              /usr/local/Caskroom/gcc-arm-embedded/5_4-2016q2,20160622/gcc-arm-none-eabi-5_4-2016q2/bin/../lib/gcc/arm-none-eabi/5.4.1/armv7e-m/softfp/libgcc.a(_aeabi_uldivmod.o) (__udivmoddi4)
/usr/local/Caskroom/gcc-arm-embedded/5_4-2016q2,20160622/gcc-arm-none-eabi-5_4-2016q2/bin/../lib/gcc/arm-none-eabi/5.4.1/armv7e-m/softfp/libgcc.a(_dvmd_tls.o)
                              /usr/local/Caskroom/gcc-arm-embedded/5_4-2016q2,20160622/gcc-arm-none-eabi-5_4-2016q2/bin/../lib/gcc/arm-none-eabi/5.4.1/armv7e-m/softfp/libgcc.a(_aeabi_uldivmod.o) (__aeabi_ldiv0)
/usr/local/Caskroom/gcc-arm-embedded/5_4-2016q2,20160622/gcc-arm-none-eabi-5_4-2016q2/bin/../lib/gcc/arm-none-eabi/5.4.1/../../../../arm-none-eabi/lib/armv7e-m/softfp/libc.a(lib_a-atoi.o)
                              ./out/obj/gps.o (atoi)
[...]
Memory Configuration

Name             Origin             Length             Attributes
MFlashA512       0x000000001a000000 0x0000000000080000 xr
MFlashB512       0x000000001b000000 0x0000000000080000 xr
RamLoc32         0x0000000010000000 0x0000000000008000 xrw
RamLoc40         0x0000000010080000 0x000000000000a000 xrw
RamAHB32         0x0000000020000000 0x0000000000008000 xrw
RamAHB16         0x0000000020008000 0x0000000000004000 xrw
RamAHB_ETB16     0x000000002000c000 0x0000000000004000 xrw
*default*        0x0000000000000000 0xffffffffffffffff

Linker script and memory map

LOAD ./out/obj/baremetal.o
LOAD ./out/obj/gprs.o
LOAD ./out/obj/gps.o
LOAD ./out/obj/crp.o
START GROUP
LOAD ./out/lib/sapi_bm.a
LOAD ./out/lib/ext_drivers.a
LOAD ./out/lib/ext_base.a
END GROUP
START GROUP
LOAD /usr/local/Caskroom/gcc-arm-embedded/5_4-2016q2,20160622/gcc-arm-none-eabi-5_4-2016q2/bin/../lib/gcc/arm-none-eabi/5.4.1/armv7e-m/softfp/libgcc.a
LOAD /usr/local/Caskroom/gcc-arm-embedded/5_4-2016q2,20160622/gcc-arm-none-eabi-5_4-2016q2/bin/../lib/gcc/arm-none-eabi/5.4.1/../../../../arm-none-eabi/lib/armv7e-m/softfp/libc.a
LOAD /usr/local/Caskroom/gcc-arm-embedded/5_4-2016q2,20160622/gcc-arm-none-eabi-5_4-2016q2/bin/../lib/gcc/arm-none-eabi/5.4.1/../../../../arm-none-eabi/lib/armv7e-m/softfp/libm.a
END GROUP
                0x000000001a080000                __top_MFlashA512 = 0x1a080000
                0x000000001b080000                __top_MFlashB512 = 0x1b080000
                0x0000000010008000                __top_RamLoc32 = 0x10008000
                0x000000001008a000                __top_RamLoc40 = 0x1008a000
                0x0000000020008000                __top_RamAHB32 = 0x20008000
                0x000000002000c000                __top_RamAHB16 = 0x2000c000
                0x0000000020010000                __top_RamAHB_ETB16 = 0x20010000

.text_Flash2    0x000000001b000000        0x0
 FILL mask 0xff
 *(.text_Flash2*)
 *(.text_MFlashB512*)
 *(.text.$Flash2*)
 *(.text.$MFlashB512*)
 *(.rodata.$Flash2*)
 *(.rodata.$MFlashB512*)

.text           0x000000001a000000     0x5f0c
 FILL mask 0xff
                0x000000001a000000                __vectors_start__ = ABSOLUTE (.)
 *(.isr_vector)
 .isr_vector    0x000000001a000000      0x114 ./out/lib/sapi_bm.a(sAPI_IsrVector.o)
                0x000000001a000000                g_pfnVectors
                0x000000001a000114                . = ALIGN (0x4)
                0x000000001a000114                __section_table_start = .
                0x000000001a000114                __data_section_table = .
                0x000000001a000114        0x4 LONG 0x1a005f14 LOADADDR (.data)
                0x000000001a000118        0x4 LONG 0x10000000 ADDR (.data)
                0x000000001a00011c        0x4 LONG 0x4a4 SIZEOF (.data)
                0x000000001a000120        0x4 LONG 0x1a005f14 LOADADDR (.data_RAM2)
                0x000000001a000124        0x4 LONG 0x10080000 ADDR (.data_RAM2)
                0x000000001a000128        0x4 LONG 0x0 SIZEOF (.data_RAM2)
                0x000000001a00012c        0x4 LONG 0x1a005f14 LOADADDR (.data_RAM3)
                0x000000001a000130        0x4 LONG 0x20000000 ADDR (.data_RAM3)
                0x000000001a000134        0x4 LONG 0x0 SIZEOF (.data_RAM3)
                0x000000001a000138        0x4 LONG 0x1a005f14 LOADADDR (.data_RAM4)
                0x000000001a00013c        0x4 LONG 0x20008000 ADDR (.data_RAM4)
                0x000000001a000140        0x4 LONG 0x0 SIZEOF (.data_RAM4)
                0x000000001a000144        0x4 LONG 0x1a005f14 LOADADDR (.data_RAM5)
                0x000000001a000148        0x4 LONG 0x2000c000 ADDR (.data_RAM5)
                0x000000001a00014c        0x4 LONG 0x0 SIZEOF (.data_RAM5)
                0x000000001a000150                __data_section_table_end = .
                0x000000001a000150                __bss_section_table = .
                0x000000001a000150        0x4 LONG 0x100004a8 ADDR (.bss)
                0x000000001a000154        0x4 LONG 0x33c SIZEOF (.bss)
                0x000000001a000158        0x4 LONG 0x10080000 ADDR (.bss_RAM2)
                0x000000001a00015c        0x4 LONG 0x0 SIZEOF (.bss_RAM2)
                0x000000001a000160        0x4 LONG 0x20000000 ADDR (.bss_RAM3)
                0x000000001a000164        0x4 LONG 0x0 SIZEOF (.bss_RAM3)
                0x000000001a000168        0x4 LONG 0x20008000 ADDR (.bss_RAM4)
                0x000000001a00016c        0x4 LONG 0x0 SIZEOF (.bss_RAM4)
                0x000000001a000170        0x4 LONG 0x2000c000 ADDR (.bss_RAM5)
                0x000000001a000174        0x4 LONG 0x0 SIZEOF (.bss_RAM5)
                0x000000001a000178                __bss_section_table_end = .
                0x000000001a000178                __section_table_end = .
 *(.after_vectors*)
 .after_vectors
                0x000000001a000178       0x2c ./out/lib/sapi_bm.a(sAPI_Tick.o)
                0x000000001a000178                SysTick_Handler
 .after_vectors
                0x000000001a0001a4       0x44 ./out/lib/sapi_bm.a(sAPI_Uart.o)
                0x000000001a0001a4                UART0_IRQHandler
 .after_vectors
                0x000000001a0001e8       0x7c ./out/lib/ext_drivers.a(cr_startup_lpc43xx.o)
                0x000000001a0001e8                data_init
                0x000000001a00022c                bss_init
 .after_vectors
                0x000000001a000264       0x40 ./out/lib/sapi_bm.a(sAPI_IsrVector.o)
                0x00000000000002fc                . = 0x2fc
 *fill*         0x000000001a0002a4       0x58 ff
                0x000000001a0002fc                PROVIDE (__CRP_WORD_START__, .)
 *(.crp)
 .crp           0x000000001a0002fc        0x4 ./out/obj/crp.o
                0x000000001a0002fc                CRP_WORD
                0x000000001a000300                PROVIDE (__CRP_WORD_END__, .)
                0x0000000000000001                ASSERT (! ((__CRP_WORD_START__ == __CRP_WORD_END__)), Linker CRP Enabled, but no CRP_WORD provided within application)
 *(.text*)
 .text.itoa     0x000000001a000300       0xac ./out/obj/baremetal.o
                0x000000001a000300                itoa
 .text.promedio
                0x000000001a0003ac      0x104 ./out/obj/baremetal.o
                0x000000001a0003ac                promedio
 .text.procesaLectura
                0x000000001a0004b0      0x11c ./out/obj/baremetal.o
                0x000000001a0004b0                procesaLectura
 .text.cuentaPasajero
                0x000000001a0005cc       0xb4 ./out/obj/baremetal.o
                0x000000001a0005cc                cuentaPasajero
 .text.determinarUmbral
                0x000000001a000680       0xf0 ./out/obj/baremetal.o
                0x000000001a000680                determinarUmbral
 .text.sendCounter
                0x000000001a000770       0x5c ./out/obj/baremetal.o
                0x000000001a000770                sendCounter
 .text.main     0x000000001a0007cc      0x308 ./out/obj/baremetal.o
                0x000000001a0007cc                main
 .text.GPRS_mef
                0x000000001a000ad4      0x12c ./out/obj/gprs.o
                0x000000001a000ad4                GPRS_mef
 .text.GPRS_leerRespuesta
                0x000000001a000c00       0x28 ./out/obj/gprs.o
                0x000000001a000c00                GPRS_leerRespuesta
 .text.GPRS_init
                0x000000001a000c28      0x2bc ./out/obj/gprs.o
                0x000000001a000c28                GPRS_init
 .text.esperaRespuesta
                0x000000001a000ee4      0x14c ./out/obj/gprs.o
                0x000000001a000ee4                esperaRespuesta
 .text.gpsFrameFieldInit
                0x000000001a001030       0x38 ./out/obj/gps.o
                0x000000001a001030                gpsFrameFieldInit
 .text.gpsFrameVarInit
                0x000000001a001068       0x4c ./out/obj/gps.o
                0x000000001a001068                gpsFrameVarInit
 .text.gpsSetCharacterReceived
                0x000000001a0010b4       0x20 ./out/obj/gps.o
                0x000000001a0010b4                gpsSetCharacterReceived
 .text.gpsReadCharacterReceived
                0x000000001a0010d4       0x18 ./out/obj/gps.o
                0x000000001a0010d4                gpsReadCharacterReceived
 .text.gpsReadFlagCharacterReceived
                0x000000001a0010ec       0x18 ./out/obj/gps.o
                0x000000001a0010ec                gpsReadFlagCharacterReceived
 .text.gpsSetFlagCharacterReceived
                0x000000001a001104       0x18 ./out/obj/gps.o
                0x000000001a001104                gpsSetFlagCharacterReceived
 .text.gpsClearFlagCharacterReceived
                0x000000001a00111c       0x18 ./out/obj/gps.o
                0x000000001a00111c                gpsClearFlagCharacterReceived
 .text.gpsReadFlagReady
                0x000000001a001134       0x18 ./out/obj/gps.o
                0x000000001a001134                gpsReadFlagReady
 .text.gpsClearFlagReady
                0x000000001a00114c       0x18 ./out/obj/gps.o
                0x000000001a00114c                gpsClearFlagReady
 .text.gpsReadLatitudeUbidots
                0x000000001a001164       0xc0 ./out/obj/gps.o
                0x000000001a001164                gpsReadLatitudeUbidots
 .text.gpsReadLongitudeUbidots
                0x000000001a001224       0xc4 ./out/obj/gps.o
                0x000000001a001224                gpsReadLongitudeUbidots
 .text.gpsValidateCharacter
                0x000000001a0012e8       0x64 ./out/obj/gps.o
                0x000000001a0012e8                gpsValidateCharacter
 .text.gpsFrameParse
                0x000000001a00134c      0x218 ./out/obj/gps.o
                0x000000001a00134c                gpsFrameParse
 .text.gpsVarPrint
                0x000000001a001564      0x184 ./out/obj/gps.o
                0x000000001a001564                gpsVarPrint
 .text.Chip_DAC_ConfigDAConverterControl
                0x000000001a0016e8       0x2c ./out/lib/sapi_bm.a(sAPI_AnalogIO.o)
 .text.analogConfig
                0x000000001a001714       0xd8 ./out/lib/sapi_bm.a(sAPI_AnalogIO.o)
                0x000000001a001714                analogConfig
 .text.analogRead
                0x000000001a0017ec       0x68 ./out/lib/sapi_bm.a(sAPI_AnalogIO.o)
                0x000000001a0017ec                analogRead
 .text.boardConfig
                0x000000001a001854        0xc ./out/lib/sapi_bm.a(sAPI_Board.o)
                0x000000001a001854                boardConfig
 .text.delay    0x000000001a001860       0x50 ./out/lib/sapi_bm.a(sAPI_Delay.o)
                0x000000001a001860                delay
 .text.delayConfig
                0x000000001a0018b0       0x3c ./out/lib/sapi_bm.a(sAPI_Delay.o)
                0x000000001a0018b0                delayConfig
 .text.delayRead
                0x000000001a0018ec       0x60 ./out/lib/sapi_bm.a(sAPI_Delay.o)
                0x000000001a0018ec                delayRead
 .text.Chip_SCU_PinMuxSet
                0x000000001a00194c       0x34 ./out/lib/sapi_bm.a(sAPI_DigitalIO.o)
 .text.Chip_SCU_PinMux
                0x000000001a001980       0x3c ./out/lib/sapi_bm.a(sAPI_DigitalIO.o)
 .text.Chip_GPIO_SetPinState
                0x000000001a0019bc       0x38 ./out/lib/sapi_bm.a(sAPI_DigitalIO.o)
 .text.digitalObtainPinConfig
                0x000000001a0019f4       0x98 ./out/lib/sapi_bm.a(sAPI_DigitalIO.o)
 .text.digitalConfig
                0x000000001a001a8c      0x1ac ./out/lib/sapi_bm.a(sAPI_DigitalIO.o)
                0x000000001a001a8c                digitalConfig
 .text.pwmInitTimers
                0x000000001a001c38       0x10 ./out/lib/sapi_bm.a(sAPI_Pwm.o)
 .text.pwmAttach
                0x000000001a001c48       0x60 ./out/lib/sapi_bm.a(sAPI_Pwm.o)
 .text.pwmDetach
                0x000000001a001ca8       0x40 ./out/lib/sapi_bm.a(sAPI_Pwm.o)
 .text.pwmWrite
                0x000000001a001ce8       0x4c ./out/lib/sapi_bm.a(sAPI_Pwm.o)
                0x000000001a001ce8                pwmWrite
 .text.pwmConfig
                0x000000001a001d34       0x68 ./out/lib/sapi_bm.a(sAPI_Pwm.o)
                0x000000001a001d34                pwmConfig
 .text.pwmIsAttached
                0x000000001a001d9c       0x50 ./out/lib/sapi_bm.a(sAPI_Pwm.o)
                0x000000001a001d9c                pwmIsAttached
 .text.Chip_SCU_PinMuxSet
                0x000000001a001dec       0x34 ./out/lib/sapi_bm.a(sAPI_Sct.o)
 .text.Chip_SCU_PinMux
                0x000000001a001e20       0x3c ./out/lib/sapi_bm.a(sAPI_Sct.o)
 .text.Chip_SCT_ClearControl
                0x000000001a001e5c       0x24 ./out/lib/sapi_bm.a(sAPI_Sct.o)
 .text.Chip_SCT_SetMatchReload
                0x000000001a001e80       0x28 ./out/lib/sapi_bm.a(sAPI_Sct.o)
 .text.Chip_SCTPWM_GetTicksPerCycle
                0x000000001a001ea8       0x1c ./out/lib/sapi_bm.a(sAPI_Sct.o)
 .text.Chip_SCTPWM_PercentageToTicks
                0x000000001a001ec4       0x30 ./out/lib/sapi_bm.a(sAPI_Sct.o)
 .text.Chip_SCTPWM_SetDutyCycle
                0x000000001a001ef4       0x24 ./out/lib/sapi_bm.a(sAPI_Sct.o)
 .text.Chip_SCTPWM_Init
                0x000000001a001f18       0x18 ./out/lib/sapi_bm.a(sAPI_Sct.o)
 .text.Chip_SCTPWM_Start
                0x000000001a001f30       0x1c ./out/lib/sapi_bm.a(sAPI_Sct.o)
 .text.Sct_Init
                0x000000001a001f4c       0x2c ./out/lib/sapi_bm.a(sAPI_Sct.o)
                0x000000001a001f4c                Sct_Init
 .text.Sct_EnablePwmFor
                0x000000001a001f78       0x60 ./out/lib/sapi_bm.a(sAPI_Sct.o)
                0x000000001a001f78                Sct_EnablePwmFor
 .text.Sct_Uint8ToTicks
                0x000000001a001fd8       0x30 ./out/lib/sapi_bm.a(sAPI_Sct.o)
                0x000000001a001fd8                Sct_Uint8ToTicks
 .text.Sct_SetDutyCycle
                0x000000001a002008       0x34 ./out/lib/sapi_bm.a(sAPI_Sct.o)
                0x000000001a002008                Sct_SetDutyCycle
 .text.NVIC_SetPriority
                0x000000001a00203c       0x54 ./out/lib/sapi_bm.a(sAPI_Tick.o)
 .text.SysTick_Config
                0x000000001a002090       0x44 ./out/lib/sapi_bm.a(sAPI_Tick.o)
 .text.tickConfig
                0x000000001a0020d4       0x98 ./out/lib/sapi_bm.a(sAPI_Tick.o)
                0x000000001a0020d4                tickConfig
 .text.tickRead
                0x000000001a00216c       0x18 ./out/lib/sapi_bm.a(sAPI_Tick.o)
                0x000000001a00216c                tickRead
 .text.NVIC_EnableIRQ
                0x000000001a002184       0x34 ./out/lib/sapi_bm.a(sAPI_Uart.o)
 .text.NVIC_SetPriority
                0x000000001a0021b8       0x54 ./out/lib/sapi_bm.a(sAPI_Uart.o)
 .text.Chip_SCU_PinMuxSet
                0x000000001a00220c       0x34 ./out/lib/sapi_bm.a(sAPI_Uart.o)
 .text.Chip_SCU_PinMux
                0x000000001a002240       0x3c ./out/lib/sapi_bm.a(sAPI_Uart.o)
 .text.Chip_UART_TXEnable
                0x000000001a00227c       0x1c ./out/lib/sapi_bm.a(sAPI_Uart.o)
 .text.Chip_UART_SendByte
                0x000000001a002298       0x20 ./out/lib/sapi_bm.a(sAPI_Uart.o)
 .text.Chip_UART_ReadByte
                0x000000001a0022b8       0x1c ./out/lib/sapi_bm.a(sAPI_Uart.o)
 .text.Chip_UART_IntEnable
                0x000000001a0022d4       0x24 ./out/lib/sapi_bm.a(sAPI_Uart.o)
 .text.Chip_UART_SetupFIFOS
                0x000000001a0022f8       0x1c ./out/lib/sapi_bm.a(sAPI_Uart.o)
 .text.Chip_UART_ReadLineStatus
                0x000000001a002314       0x18 ./out/lib/sapi_bm.a(sAPI_Uart.o)
 .text.uartConfig
                0x000000001a00232c      0x110 ./out/lib/sapi_bm.a(sAPI_Uart.o)
                0x000000001a00232c                uartConfig
 .text.uartReadByte
                0x000000001a00243c       0x90 ./out/lib/sapi_bm.a(sAPI_Uart.o)
                0x000000001a00243c                uartReadByte
 .text.uartWriteByte
                0x000000001a0024cc       0x90 ./out/lib/sapi_bm.a(sAPI_Uart.o)
                0x000000001a0024cc                uartWriteByte
 .text.uartWriteString
                0x000000001a00255c       0x34 ./out/lib/sapi_bm.a(sAPI_Uart.o)
                0x000000001a00255c                uartWriteString
 .text.UART2_IRQHandler
                0x000000001a002590       0x10 ./out/lib/sapi_bm.a(sAPI_Uart.o)
                0x000000001a002590                UART2_IRQHandler
 .text.UART3_IRQHandler
                0x000000001a0025a0       0x1c ./out/lib/sapi_bm.a(sAPI_Uart.o)
                0x000000001a0025a0                UART3_IRQHandler
 .text.sAPI_NullFuncPtr
                0x000000001a0025bc       0x18 ./out/lib/sapi_bm.a(sAPI_DataTypes.o)
                0x000000001a0025bc                sAPI_NullFuncPtr
 .text.getFullConvClk
                0x000000001a0025d4       0x10 ./out/lib/ext_drivers.a(adc_18xx_43xx.o)
 .text.Chip_ADC_GetClockIndex
                0x000000001a0025e4       0x2c ./out/lib/ext_drivers.a(adc_18xx_43xx.o)
 .text.getClkDiv
                0x000000001a002610       0x68 ./out/lib/ext_drivers.a(adc_18xx_43xx.o)
 .text.setStartMode
                0x000000001a002678       0x30 ./out/lib/ext_drivers.a(adc_18xx_43xx.o)
                0x000000001a002678                setStartMode
 .text.readAdcVal
                0x000000001a0026a8       0x44 ./out/lib/ext_drivers.a(adc_18xx_43xx.o)
                0x000000001a0026a8                readAdcVal
 .text.Chip_ADC_Init
                0x000000001a0026ec       0x88 ./out/lib/ext_drivers.a(adc_18xx_43xx.o)
                0x000000001a0026ec                Chip_ADC_Init
 .text.Chip_ADC_DeInit
                0x000000001a002774       0x2c ./out/lib/ext_drivers.a(adc_18xx_43xx.o)
                0x000000001a002774                Chip_ADC_DeInit
 .text.Chip_ADC_ReadValue
                0x000000001a0027a0       0x24 ./out/lib/ext_drivers.a(adc_18xx_43xx.o)
                0x000000001a0027a0                Chip_ADC_ReadValue
 .text.Chip_ADC_ReadStatus
                0x000000001a0027c4       0x78 ./out/lib/ext_drivers.a(adc_18xx_43xx.o)
                0x000000001a0027c4                Chip_ADC_ReadStatus
 .text.Chip_ADC_Int_SetChannelCmd
                0x000000001a00283c       0x4c ./out/lib/ext_drivers.a(adc_18xx_43xx.o)
                0x000000001a00283c                Chip_ADC_Int_SetChannelCmd
 .text.Chip_ADC_SetStartMode
                0x000000001a002888       0x50 ./out/lib/ext_drivers.a(adc_18xx_43xx.o)
                0x000000001a002888                Chip_ADC_SetStartMode
 .text.Chip_ADC_SetSampleRate
                0x000000001a0028d8       0x64 ./out/lib/ext_drivers.a(adc_18xx_43xx.o)
                0x000000001a0028d8                Chip_ADC_SetSampleRate
 .text.Chip_ADC_EnableChannel
                0x000000001a00293c       0x58 ./out/lib/ext_drivers.a(adc_18xx_43xx.o)
                0x000000001a00293c                Chip_ADC_EnableChannel
 .text.Chip_ADC_SetBurstCmd
                0x000000001a002994       0x3c ./out/lib/ext_drivers.a(adc_18xx_43xx.o)
                0x000000001a002994                Chip_ADC_SetBurstCmd
 .text.SystemCoreClockUpdate
                0x000000001a0029d0       0x18 ./out/lib/ext_drivers.a(chip_18xx_43xx.o)
                0x000000001a0029d0                SystemCoreClockUpdate
 .text.ABS      0x000000001a0029e8       0x24 ./out/lib/ext_drivers.a(clock_18xx_43xx.o)
 .text.pll_calc_divs
                0x000000001a002a0c      0x124 ./out/lib/ext_drivers.a(clock_18xx_43xx.o)
 .text.pll_get_frac
                0x000000001a002b30      0x178 ./out/lib/ext_drivers.a(clock_18xx_43xx.o)
 .text.Chip_Clock_GetDivRate
                0x000000001a002ca8       0x40 ./out/lib/ext_drivers.a(clock_18xx_43xx.o)
 .text.Chip_Clock_FindBaseClock
                0x000000001a002ce8       0x90 ./out/lib/ext_drivers.a(clock_18xx_43xx.o)
 .text.Chip_Clock_EnableCrystal
                0x000000001a002d78       0x70 ./out/lib/ext_drivers.a(clock_18xx_43xx.o)
                0x000000001a002d78                Chip_Clock_EnableCrystal
 .text.Chip_Clock_CalcMainPLLValue
                0x000000001a002de8       0xd8 ./out/lib/ext_drivers.a(clock_18xx_43xx.o)
                0x000000001a002de8                Chip_Clock_CalcMainPLLValue
 .text.Chip_Clock_GetMainPLLHz
                0x000000001a002ec0       0xc0 ./out/lib/ext_drivers.a(clock_18xx_43xx.o)
                0x000000001a002ec0                Chip_Clock_GetMainPLLHz
 .text.Chip_Clock_GetDividerSource
                0x000000001a002f80       0x40 ./out/lib/ext_drivers.a(clock_18xx_43xx.o)
                0x000000001a002f80                Chip_Clock_GetDividerSource
 .text.Chip_Clock_GetDividerDivisor
                0x000000001a002fc0       0x38 ./out/lib/ext_drivers.a(clock_18xx_43xx.o)
                0x000000001a002fc0                Chip_Clock_GetDividerDivisor
 .text.Chip_Clock_GetClockInputHz
                0x000000001a002ff8      0x140 ./out/lib/ext_drivers.a(clock_18xx_43xx.o)
                0x000000001a002ff8                Chip_Clock_GetClockInputHz
 .text.Chip_Clock_GetBaseClocktHz
                0x000000001a003138       0x24 ./out/lib/ext_drivers.a(clock_18xx_43xx.o)
                0x000000001a003138                Chip_Clock_GetBaseClocktHz
 .text.Chip_Clock_SetBaseClock
                0x000000001a00315c       0x9c ./out/lib/ext_drivers.a(clock_18xx_43xx.o)
                0x000000001a00315c                Chip_Clock_SetBaseClock
 .text.Chip_Clock_GetBaseClock
                0x000000001a0031f8       0x4c ./out/lib/ext_drivers.a(clock_18xx_43xx.o)
                0x000000001a0031f8                Chip_Clock_GetBaseClock
 .text.Chip_Clock_EnableOpts
                0x000000001a003244       0x7c ./out/lib/ext_drivers.a(clock_18xx_43xx.o)
                0x000000001a003244                Chip_Clock_EnableOpts
 .text.Chip_Clock_Disable
                0x000000001a0032c0       0x60 ./out/lib/ext_drivers.a(clock_18xx_43xx.o)
                0x000000001a0032c0                Chip_Clock_Disable
 .text.Chip_Clock_GetRate
                0x000000001a003320       0x88 ./out/lib/ext_drivers.a(clock_18xx_43xx.o)
                0x000000001a003320                Chip_Clock_GetRate
 .text.ResetISR
                0x000000001a0033a8       0xe4 ./out/lib/ext_drivers.a(cr_startup_lpc43xx.o)
                0x000000001a0033a8                ResetISR
 .text.Chip_DAC_Init
                0x000000001a00348c       0x24 ./out/lib/ext_drivers.a(dac_18xx_43xx.o)
                0x000000001a00348c                Chip_DAC_Init
 .text.Chip_DAC_DeInit
                0x000000001a0034b0       0x18 ./out/lib/ext_drivers.a(dac_18xx_43xx.o)
                0x000000001a0034b0                Chip_DAC_DeInit
 .text.Chip_DAC_UpdateValue
                0x000000001a0034c8       0x34 ./out/lib/ext_drivers.a(dac_18xx_43xx.o)
                0x000000001a0034c8                Chip_DAC_UpdateValue
 .text.Chip_DAC_SetBias
                0x000000001a0034fc       0x34 ./out/lib/ext_drivers.a(dac_18xx_43xx.o)
                0x000000001a0034fc                Chip_DAC_SetBias
 .text.Chip_GPIO_Init
                0x000000001a003530       0x14 ./out/lib/ext_drivers.a(gpio_18xx_43xx.o)
                0x000000001a003530                Chip_GPIO_Init
 .text.Chip_GPIO_SetDir
                0x000000001a003544       0x64 ./out/lib/ext_drivers.a(gpio_18xx_43xx.o)
                0x000000001a003544                Chip_GPIO_SetDir
 .text.Chip_SCT_Init
                0x000000001a0035a8       0x1c ./out/lib/ext_drivers.a(sct_18xx_43xx.o)
                0x000000001a0035a8                Chip_SCT_Init
 .text.Chip_SCT_Config
                0x000000001a0035c4       0x1c ./out/lib/ext_drivers.a(sct_pwm_18xx_43xx.o)
 .text.Chip_SCT_SetMatchCount
                0x000000001a0035e0       0x28 ./out/lib/ext_drivers.a(sct_pwm_18xx_43xx.o)
 .text.Chip_SCT_SetControl
                0x000000001a003608       0x24 ./out/lib/ext_drivers.a(sct_pwm_18xx_43xx.o)
 .text.Chip_SCT_SetMatchReload
                0x000000001a00362c       0x28 ./out/lib/ext_drivers.a(sct_pwm_18xx_43xx.o)
 .text.Chip_SCTPWM_Stop
                0x000000001a003654       0x24 ./out/lib/ext_drivers.a(sct_pwm_18xx_43xx.o)
 .text.Chip_SCTPWM_SetOutPin
                0x000000001a003678       0x9c ./out/lib/ext_drivers.a(sct_pwm_18xx_43xx.o)
                0x000000001a003678                Chip_SCTPWM_SetOutPin
 .text.Chip_SCTPWM_SetRate
                0x000000001a003714       0x70 ./out/lib/ext_drivers.a(sct_pwm_18xx_43xx.o)
                0x000000001a003714                Chip_SCTPWM_SetRate
 .text.SystemInit
                0x000000001a003784       0x20 ./out/lib/ext_drivers.a(sysinit.o)
                0x000000001a003784                SystemInit
 .text.Chip_Clock_DisableMainPLL
                0x000000001a0037a4       0x20 ./out/lib/ext_drivers.a(sysinit_18xx_43xx.o)
 .text.Chip_Clock_SetupMainPLL
                0x000000001a0037c4       0x44 ./out/lib/ext_drivers.a(sysinit_18xx_43xx.o)
 .text.Chip_Clock_MainPLLLocked
                0x000000001a003808       0x24 ./out/lib/ext_drivers.a(sysinit_18xx_43xx.o)
 .text.Chip_SetupCoreClock
                0x000000001a00382c      0x15c ./out/lib/ext_drivers.a(sysinit_18xx_43xx.o)
                0x000000001a00382c                Chip_SetupCoreClock
 .text.Chip_SetupIrcClocking
                0x000000001a003988       0x18 ./out/lib/ext_drivers.a(sysinit_18xx_43xx.o)
                0x000000001a003988                Chip_SetupIrcClocking
 .text.Chip_SystemInit
                0x000000001a0039a0        0xc ./out/lib/ext_drivers.a(sysinit_18xx_43xx.o)
                0x000000001a0039a0                Chip_SystemInit
 .text.Chip_UART_TXDisable
                0x000000001a0039ac       0x1c ./out/lib/ext_drivers.a(uart_18xx_43xx.o)
 .text.Chip_UART_SetupFIFOS
                0x000000001a0039c8       0x1c ./out/lib/ext_drivers.a(uart_18xx_43xx.o)
 .text.Chip_UART_ConfigData
                0x000000001a0039e4       0x1c ./out/lib/ext_drivers.a(uart_18xx_43xx.o)
 .text.Chip_UART_EnableDivisorAccess
                0x000000001a003a00       0x20 ./out/lib/ext_drivers.a(uart_18xx_43xx.o)
 .text.Chip_UART_DisableDivisorAccess
                0x000000001a003a20       0x20 ./out/lib/ext_drivers.a(uart_18xx_43xx.o)
 .text.Chip_UART_SetDivisorLatches
                0x000000001a003a40       0x28 ./out/lib/ext_drivers.a(uart_18xx_43xx.o)
 .text.Chip_UART_GetIndex
                0x000000001a003a68       0x60 ./out/lib/ext_drivers.a(uart_18xx_43xx.o)
 .text.Chip_UART_Init
                0x000000001a003ac8       0x84 ./out/lib/ext_drivers.a(uart_18xx_43xx.o)
                0x000000001a003ac8                Chip_UART_Init
 .text.Chip_UART_SetBaud
                0x000000001a003b4c       0x6c ./out/lib/ext_drivers.a(uart_18xx_43xx.o)
                0x000000001a003b4c                Chip_UART_SetBaud
 .text.fpuInit  0x000000001a003bb8       0x74 ./out/lib/ext_drivers.a(fpu_init.o)
                0x000000001a003bb8                fpuInit
 .text.Chip_TIMER_MatchPending
                0x000000001a003c2c       0x34 ./out/lib/sapi_bm.a(sAPI_Timer.o)
 .text.Chip_TIMER_ClearMatch
                0x000000001a003c60       0x28 ./out/lib/sapi_bm.a(sAPI_Timer.o)
 .text.errorOcurred
                0x000000001a003c88        0x8 ./out/lib/sapi_bm.a(sAPI_Timer.o)
 .text.doNothing
                0x000000001a003c90       0x10 ./out/lib/sapi_bm.a(sAPI_Timer.o)
 .text.TIMER0_IRQHandler
                0x000000001a003ca0       0x54 ./out/lib/sapi_bm.a(sAPI_Timer.o)
                0x000000001a003ca0                TIMER0_IRQHandler
 .text.TIMER1_IRQHandler
                0x000000001a003cf4       0x58 ./out/lib/sapi_bm.a(sAPI_Timer.o)
                0x000000001a003cf4                TIMER1_IRQHandler
 .text.TIMER2_IRQHandler
                0x000000001a003d4c       0x58 ./out/lib/sapi_bm.a(sAPI_Timer.o)
                0x000000001a003d4c                TIMER2_IRQHandler
 .text.TIMER3_IRQHandler
                0x000000001a003da4       0x58 ./out/lib/sapi_bm.a(sAPI_Timer.o)
                0x000000001a003da4                TIMER3_IRQHandler
 .text          0x000000001a003dfc      0x370 /usr/local/Caskroom/gcc-arm-embedded/5_4-2016q2,20160622/gcc-arm-none-eabi-5_4-2016q2/bin/../lib/gcc/arm-none-eabi/5.4.1/armv7e-m/softfp/libgcc.a(_arm_addsubdf3.o)
                0x000000001a003dfc                __aeabi_drsub
                0x000000001a003e04                __subdf3
                0x000000001a003e04                __aeabi_dsub
                0x000000001a003e08                __aeabi_dadd
                0x000000001a003e08                __adddf3
                0x000000001a004080                __aeabi_ui2d
                0x000000001a004080                __floatunsidf
                0x000000001a0040a0                __floatsidf
                0x000000001a0040a0                __aeabi_i2d
                0x000000001a0040c4                __extendsfdf2
                0x000000001a0040c4                __aeabi_f2d
                0x000000001a004100                __aeabi_ul2d
                0x000000001a004100                __floatundidf
                0x000000001a004110                __aeabi_l2d
                0x000000001a004110                __floatdidf
 .text          0x000000001a00416c      0x424 /usr/local/Caskroom/gcc-arm-embedded/5_4-2016q2,20160622/gcc-arm-none-eabi-5_4-2016q2/bin/../lib/gcc/arm-none-eabi/5.4.1/armv7e-m/softfp/libgcc.a(_arm_muldivdf3.o)
                0x000000001a00416c                __aeabi_dmul
                0x000000001a00416c                __muldf3
                0x000000001a0043c0                __aeabi_ddiv
                0x000000001a0043c0                __divdf3
 .text          0x000000001a004590       0x40 /usr/local/Caskroom/gcc-arm-embedded/5_4-2016q2,20160622/gcc-arm-none-eabi-5_4-2016q2/bin/../lib/gcc/arm-none-eabi/5.4.1/armv7e-m/softfp/libgcc.a(_arm_fixunsdfsi.o)
                0x000000001a004590                __fixunsdfsi
                0x000000001a004590                __aeabi_d2uiz
 .text          0x000000001a0045d0       0x30 /usr/local/Caskroom/gcc-arm-embedded/5_4-2016q2,20160622/gcc-arm-none-eabi-5_4-2016q2/bin/../lib/gcc/arm-none-eabi/5.4.1/armv7e-m/softfp/libgcc.a(_aeabi_uldivmod.o)
                0x000000001a0045d0                __aeabi_uldivmod
 .text          0x000000001a004600      0x2e4 /usr/local/Caskroom/gcc-arm-embedded/5_4-2016q2,20160622/gcc-arm-none-eabi-5_4-2016q2/bin/../lib/gcc/arm-none-eabi/5.4.1/armv7e-m/softfp/libgcc.a(_udivmoddi4.o)
                0x000000001a004600                __udivmoddi4
 .text          0x000000001a0048e4        0x4 /usr/local/Caskroom/gcc-arm-embedded/5_4-2016q2,20160622/gcc-arm-none-eabi-5_4-2016q2/bin/../lib/gcc/arm-none-eabi/5.4.1/armv7e-m/softfp/libgcc.a(_dvmd_tls.o)
                0x000000001a0048e4                __aeabi_ldiv0
                0x000000001a0048e4                __aeabi_idiv0
 .text.atoi     0x000000001a0048e8        0x8 /usr/local/Caskroom/gcc-arm-embedded/5_4-2016q2,20160622/gcc-arm-none-eabi-5_4-2016q2/bin/../lib/gcc/arm-none-eabi/5.4.1/../../../../arm-none-eabi/lib/armv7e-m/softfp/libc.a(lib_a-atoi.o)
                0x000000001a0048e8                atoi
 .text.memset   0x000000001a0048f0       0x9c /usr/local/Caskroom/gcc-arm-embedded/5_4-2016q2,20160622/gcc-arm-none-eabi-5_4-2016q2/bin/../lib/gcc/arm-none-eabi/5.4.1/../../../../arm-none-eabi/lib/armv7e-m/softfp/libc.a(lib_a-memset.o)
                0x000000001a0048f0                memset
 .text.strcat   0x000000001a00498c       0x40 /usr/local/Caskroom/gcc-arm-embedded/5_4-2016q2,20160622/gcc-arm-none-eabi-5_4-2016q2/bin/../lib/gcc/arm-none-eabi/5.4.1/../../../../arm-none-eabi/lib/armv7e-m/softfp/libc.a(lib_a-strcat.o)
                0x000000001a00498c                strcat
 .text.strchr   0x000000001a0049cc       0xd0 /usr/local/Caskroom/gcc-arm-embedded/5_4-2016q2,20160622/gcc-arm-none-eabi-5_4-2016q2/bin/../lib/gcc/arm-none-eabi/5.4.1/../../../../arm-none-eabi/lib/armv7e-m/softfp/libc.a(lib_a-strchr.o)
                0x000000001a0049cc                strchr
 *fill*         0x000000001a004a9c        0x4 ff
 .text          0x000000001a004aa0      0x2dc /usr/local/Caskroom/gcc-arm-embedded/5_4-2016q2,20160622/gcc-arm-none-eabi-5_4-2016q2/bin/../lib/gcc/arm-none-eabi/5.4.1/../../../../arm-none-eabi/lib/armv7e-m/softfp/libc.a(lib_a-strcmp.o)
                0x000000001a004aa8                strcmp
 .text.strcpy   0x000000001a004d7c       0xbc /usr/local/Caskroom/gcc-arm-embedded/5_4-2016q2,20160622/gcc-arm-none-eabi-5_4-2016q2/bin/../lib/gcc/arm-none-eabi/5.4.1/../../../../arm-none-eabi/lib/armv7e-m/softfp/libc.a(lib_a-strcpy.o)
                0x000000001a004d7c                strcpy
 *fill*         0x000000001a004e38        0x8 ff
 .text          0x000000001a004e40       0xdc /usr/local/Caskroom/gcc-arm-embedded/5_4-2016q2,20160622/gcc-arm-none-eabi-5_4-2016q2/bin/../lib/gcc/arm-none-eabi/5.4.1/../../../../arm-none-eabi/lib/armv7e-m/softfp/libc.a(lib_a-strlen.o)
                0x000000001a004e40                strlen
 .text.critical_factorization
                0x000000001a004f1c       0xb8 /usr/local/Caskroom/gcc-arm-embedded/5_4-2016q2,20160622/gcc-arm-none-eabi-5_4-2016q2/bin/../lib/gcc/arm-none-eabi/5.4.1/../../../../arm-none-eabi/lib/armv7e-m/softfp/libc.a(lib_a-strstr.o)
 .text.two_way_long_needle
                0x000000001a004fd4      0x200 /usr/local/Caskroom/gcc-arm-embedded/5_4-2016q2,20160622/gcc-arm-none-eabi-5_4-2016q2/bin/../lib/gcc/arm-none-eabi/5.4.1/../../../../arm-none-eabi/lib/armv7e-m/softfp/libc.a(lib_a-strstr.o)
 .text.strstr   0x000000001a0051d4      0x220 /usr/local/Caskroom/gcc-arm-embedded/5_4-2016q2,20160622/gcc-arm-none-eabi-5_4-2016q2/bin/../lib/gcc/arm-none-eabi/5.4.1/../../../../arm-none-eabi/lib/armv7e-m/softfp/libc.a(lib_a-strstr.o)
                0x000000001a0051d4                strstr
 .text._strtol_r
                0x000000001a0053f4      0x128 /usr/local/Caskroom/gcc-arm-embedded/5_4-2016q2,20160622/gcc-arm-none-eabi-5_4-2016q2/bin/../lib/gcc/arm-none-eabi/5.4.1/../../../../arm-none-eabi/lib/armv7e-m/softfp/libc.a(lib_a-strtol.o)
                0x000000001a0053f4                _strtol_r
 .text.strtol   0x000000001a00551c       0x18 /usr/local/Caskroom/gcc-arm-embedded/5_4-2016q2,20160622/gcc-arm-none-eabi-5_4-2016q2/bin/../lib/gcc/arm-none-eabi/5.4.1/../../../../arm-none-eabi/lib/armv7e-m/softfp/libc.a(lib_a-strtol.o)
                0x000000001a00551c                strtol
 *fill*         0x000000001a005534        0xc ff
 .text          0x000000001a005540       0xa0 /usr/local/Caskroom/gcc-arm-embedded/5_4-2016q2,20160622/gcc-arm-none-eabi-5_4-2016q2/bin/../lib/gcc/arm-none-eabi/5.4.1/../../../../arm-none-eabi/lib/armv7e-m/softfp/libc.a(lib_a-memchr.o)
                0x000000001a005540                memchr
 .text.memcmp   0x000000001a0055e0       0x64 /usr/local/Caskroom/gcc-arm-embedded/5_4-2016q2,20160622/gcc-arm-none-eabi-5_4-2016q2/bin/../lib/gcc/arm-none-eabi/5.4.1/../../../../arm-none-eabi/lib/armv7e-m/softfp/libc.a(lib_a-memcmp.o)
                0x000000001a0055e0                memcmp
 *(.rodata .rodata.* .constdata .constdata.*)
 .rodata        0x000000001a005644      0x15b ./out/obj/baremetal.o
 *fill*         0x000000001a00579f        0x1 ff
 .rodata        0x000000001a0057a0      0x39f ./out/obj/gprs.o
 *fill*         0x000000001a005b3f        0x1 ff
 .rodata        0x000000001a005b40       0xa6 ./out/obj/gps.o
 *fill*         0x000000001a005be6        0x2 ff
 .rodata.digitalPinsConfig
                0x000000001a005be8      0x136 ./out/lib/sapi_bm.a(sAPI_DigitalIO.o)
                0x000000001a005be8                digitalPinsConfig
 *fill*         0x000000001a005d1e        0x2 ff
 .rodata.pwmMap
                0x000000001a005d20        0xb ./out/lib/sapi_bm.a(sAPI_Pwm.o)
 *fill*         0x000000001a005d2b        0x1 ff
 .rodata.periph_to_base
                0x000000001a005d2c       0x6c ./out/lib/ext_drivers.a(clock_18xx_43xx.o)
 .rodata        0x000000001a005d98        0xa ./out/lib/ext_drivers.a(clock_18xx_43xx.o)
 *fill*         0x000000001a005da2        0x2 ff
 .rodata.ExtRateIn
                0x000000001a005da4        0x4 ./out/lib/ext_drivers.a(sysinit.o)
                0x000000001a005da4                ExtRateIn
 .rodata.OscRateIn
                0x000000001a005da8        0x4 ./out/lib/ext_drivers.a(sysinit.o)
                0x000000001a005da8                OscRateIn
 .rodata.InitClkStates
                0x000000001a005dac       0x48 ./out/lib/ext_drivers.a(sysinit_18xx_43xx.o)
 .rodata.UART_PClock
                0x000000001a005df4        0x8 ./out/lib/ext_drivers.a(uart_18xx_43xx.o)
 .rodata.UART_BClock
                0x000000001a005dfc        0x8 ./out/lib/ext_drivers.a(uart_18xx_43xx.o)
 .rodata._ctype_
                0x000000001a005e04      0x101 /usr/local/Caskroom/gcc-arm-embedded/5_4-2016q2,20160622/gcc-arm-none-eabi-5_4-2016q2/bin/../lib/gcc/arm-none-eabi/5.4.1/../../../../arm-none-eabi/lib/armv7e-m/softfp/libc.a(lib_a-ctype_.o)
                0x000000001a005e04                _ctype_
 *fill*         0x000000001a005f05        0x3 ff
 .rodata.str1.4
                0x000000001a005f08        0x4 /usr/local/Caskroom/gcc-arm-embedded/5_4-2016q2,20160622/gcc-arm-none-eabi-5_4-2016q2/bin/../lib/gcc/arm-none-eabi/5.4.1/../../../../arm-none-eabi/lib/armv7e-m/softfp/libc.a(lib_a-impure.o)
                                          0x2 (size before relaxing)
                0x000000001a005f0c                . = ALIGN (0x4)

.glue_7         0x000000001a005f0c        0x0
 .glue_7        0x000000001a005f0c        0x0 linker stubs

.glue_7t        0x000000001a005f0c        0x0
 .glue_7t       0x000000001a005f0c        0x0 linker stubs

.vfp11_veneer   0x000000001a005f0c        0x0
 .vfp11_veneer  0x000000001a005f0c        0x0 linker stubs

.v4_bx          0x000000001a005f0c        0x0
 .v4_bx         0x000000001a005f0c        0x0 linker stubs

.iplt           0x000000001a005f0c        0x0
 .iplt          0x000000001a005f0c        0x0 ./out/obj/baremetal.o

.ARM.extab
 *(.ARM.extab* .gnu.linkonce.armextab.*)
                0x000000001a005f0c                __exidx_start = .

.ARM.exidx      0x000000001a005f0c        0x8
 *(.ARM.exidx* .gnu.linkonce.armexidx.*)
 .ARM.exidx     0x000000001a005f0c        0x8 /usr/local/Caskroom/gcc-arm-embedded/5_4-2016q2,20160622/gcc-arm-none-eabi-5_4-2016q2/bin/../lib/gcc/arm-none-eabi/5.4.1/armv7e-m/softfp/libgcc.a(_udivmoddi4.o)
                0x000000001a005f14                __exidx_end = .
                0x000000001a005f14                _etext = .

.rel.dyn        0x000000001a005f14        0x0
 .rel.iplt      0x000000001a005f14        0x0 ./out/obj/baremetal.o

.data_RAM2      0x0000000010080000        0x0 load address 0x000000001a005f14
 FILL mask 0xff
 *(.ramfunc.$RAM2)
 *(.ramfunc.$RamLoc40)
 *(.data.$RAM2*)
 *(.data.$RamLoc40*)
                0x0000000010080000                . = ALIGN (0x4)

.data_RAM3      0x0000000020000000        0x0 load address 0x000000001a005f14
 FILL mask 0xff
 *(.ramfunc.$RAM3)
 *(.ramfunc.$RamAHB32)
 *(.data.$RAM3*)
 *(.data.$RamAHB32*)
                0x0000000020000000                . = ALIGN (0x4)

.data_RAM4      0x0000000020008000        0x0 load address 0x000000001a005f14
 FILL mask 0xff
 *(.ramfunc.$RAM4)
 *(.ramfunc.$RamAHB16)
 *(.data.$RAM4*)
 *(.data.$RamAHB16*)
                0x0000000020008000                . = ALIGN (0x4)

.data_RAM5      0x000000002000c000        0x0 load address 0x000000001a005f14
 FILL mask 0xff
 *(.ramfunc.$RAM5)
 *(.ramfunc.$RamAHB_ETB16)
 *(.data.$RAM5*)
 *(.data.$RamAHB_ETB16*)
                0x000000002000c000                . = ALIGN (0x4)

.uninit_RESERVED
                0x0000000010000000        0x0
 *(.bss.$RESERVED*)
                0x0000000010000000                . = ALIGN (0x4)
                0x0000000010000000                _end_uninit_RESERVED = .

.data           0x0000000010000000      0x4a4 load address 0x000000001a005f14
 FILL mask 0xff
                0x0000000010000000                _data = .
 *(vtable)
 *(.ramfunc*)
 *(.data*)
 .data.gprsResponseFlag
                0x0000000010000000        0x1 ./out/obj/gprs.o
                0x0000000010000000                gprsResponseFlag
 .data.actualState
                0x0000000010000001        0x1 ./out/obj/gprs.o
                0x0000000010000001                actualState
 .data.sendState
                0x0000000010000002        0x1 ./out/obj/gprs.o
                0x0000000010000002                sendState
 *fill*         0x0000000010000003        0x1 ff
 .data.AttachedPWMList
                0x0000000010000004        0xb ./out/lib/sapi_bm.a(sAPI_Pwm.o)
 *fill*         0x000000001000000f        0x1 ff
 .data.SCTdataList
                0x0000000010000010       0x1c ./out/lib/sapi_bm.a(sAPI_Sct.o)
 .data.tickHookFunction
                0x000000001000002c        0x4 ./out/lib/sapi_bm.a(sAPI_Tick.o)
                0x000000001000002c                tickHookFunction
 .data.timer_dd
                0x0000000010000030       0x40 ./out/lib/sapi_bm.a(sAPI_Timer.o)
 .data.__ctype_ptr__
                0x0000000010000070        0x4 /usr/local/Caskroom/gcc-arm-embedded/5_4-2016q2,20160622/gcc-arm-none-eabi-5_4-2016q2/bin/../lib/gcc/arm-none-eabi/5.4.1/../../../../arm-none-eabi/lib/armv7e-m/softfp/libc.a(lib_a-ctype_.o)
                0x0000000010000070                __ctype_ptr__
 *fill*         0x0000000010000074        0x4 ff
 .data.impure_data
                0x0000000010000078      0x428 /usr/local/Caskroom/gcc-arm-embedded/5_4-2016q2,20160622/gcc-arm-none-eabi-5_4-2016q2/bin/../lib/gcc/arm-none-eabi/5.4.1/../../../../arm-none-eabi/lib/armv7e-m/softfp/libc.a(lib_a-impure.o)
 .data._impure_ptr
                0x00000000100004a0        0x4 /usr/local/Caskroom/gcc-arm-embedded/5_4-2016q2,20160622/gcc-arm-none-eabi-5_4-2016q2/bin/../lib/gcc/arm-none-eabi/5.4.1/../../../../arm-none-eabi/lib/armv7e-m/softfp/libc.a(lib_a-impure.o)
                0x00000000100004a0                _impure_ptr
                0x00000000100004a4                . = ALIGN (0x4)
                0x00000000100004a4                _edata = .

.igot.plt       0x00000000100004a4        0x0 load address 0x000000001a0063b8
 .igot.plt      0x00000000100004a4        0x0 ./out/obj/baremetal.o

.bss_RAM2       0x0000000010080000        0x0
 *(.bss.$RAM2*)
 *(.bss.$RamLoc40*)
                0x0000000010080000                . = ALIGN (0x4)

.bss_RAM3       0x0000000020000000        0x0
 *(.bss.$RAM3*)
 *(.bss.$RamAHB32*)
                0x0000000020000000                . = ALIGN (0x4)

.bss_RAM4       0x0000000020008000        0x0
 *(.bss.$RAM4*)
 *(.bss.$RamAHB16*)
                0x0000000020008000                . = ALIGN (0x4)

.bss_RAM5       0x000000002000c000        0x0
 *(.bss.$RAM5*)
 *(.bss.$RamAHB_ETB16*)
                0x000000002000c000                . = ALIGN (0x4)

.bss            0x00000000100004a8      0x33c
                0x00000000100004a8                _bss = .
 *(.bss*)
 .bss.uartBuff  0x00000000100004a8        0xa ./out/obj/baremetal.o
 .bss.tickCounter.10143
                0x00000000100004b2        0x2 ./out/obj/baremetal.o
 .bss.state     0x00000000100004b4        0x1 ./out/obj/gps.o
                0x00000000100004b4                state
 *fill*         0x00000000100004b5        0x3 
 .bss.audio_usb_pll_freq
                0x00000000100004b8        0x8 ./out/lib/ext_drivers.a(clock_18xx_43xx.o)
 *(COMMON)
 COMMON         0x00000000100004c0        0x7 ./out/obj/baremetal.o
                0x00000000100004c0                flagDatos
                0x00000000100004c1                flag5ms
                0x00000000100004c2                flag5seg
                0x00000000100004c3                contador
                0x00000000100004c4                contadorString
 *fill*         0x00000000100004c7        0x1 
 COMMON         0x00000000100004c8      0x2a8 ./out/obj/gprs.o
                0x00000000100004c8                stringThree
                0x0000000010000500                gprsResponseString
                0x0000000010000600                stringOne
                0x0000000010000638                stringAEnviar
                0x0000000010000738                stringTwo
 COMMON         0x0000000010000770       0x5f ./out/obj/gps.o
                0x0000000010000770                gpsCoordinates
                0x000000001000078c                gpsFrameIndex
                0x0000000010000790                gpsData
                0x00000000100007cc                gpsFlags
                0x00000000100007ce                gpsCharacterReceived
 *fill*         0x00000000100007cf        0x1 
 COMMON         0x00000000100007d0       0x10 ./out/lib/sapi_bm.a(sAPI_Tick.o)
                0x00000000100007d0                tickCounter
                0x00000000100007d8                tickRateMS
 COMMON         0x00000000100007e0        0x4 ./out/lib/ext_drivers.a(chip_18xx_43xx.o)
                0x00000000100007e0                SystemCoreClock
                0x00000000100007e4                . = ALIGN (0x4)
                0x00000000100007e4                _ebss = .
                [!provide]                        PROVIDE (end, .)

.noinit_RAM2    0x0000000010080000        0x0
 *(.noinit.$RAM2*)
 *(.noinit.$RamLoc40*)
                0x0000000010080000                . = ALIGN (0x4)

.noinit_RAM3    0x0000000020000000        0x0
 *(.noinit.$RAM3*)
 *(.noinit.$RamAHB32*)
                0x0000000020000000                . = ALIGN (0x4)

.noinit_RAM4    0x0000000020008000        0x0
 *(.noinit.$RAM4*)
 *(.noinit.$RamAHB16*)
                0x0000000020008000                . = ALIGN (0x4)

.noinit_RAM5    0x000000002000c000        0x0
 *(.noinit.$RAM5*)
 *(.noinit.$RamAHB_ETB16*)
                0x000000002000c000                . = ALIGN (0x4)

.noinit         0x00000000100007e4        0x0
                0x00000000100007e4                _noinit = .
 *(.noinit*)
                0x00000000100007e4                . = ALIGN (0x4)
                0x00000000100007e4                _end_noinit = .
                [!provide]                        PROVIDE (_pvHeapStart, .)
                0x0000000010008000                PROVIDE (_vStackTop, (__top_RamLoc32 - 0x0))
OUTPUT(./out/bin/baremetalSapi.axf elf32-littlearm)

.debug_info     0x0000000000000000     0xdc3c
 .debug_info    0x0000000000000000      0xc46 ./out/obj/baremetal.o
 .debug_info    0x0000000000000c46      0x736 ./out/obj/gprs.o
 .debug_info    0x000000000000137c      0x983 ./out/obj/gps.o
 .debug_info    0x0000000000001cff       0x3f ./out/obj/crp.o
 .debug_info    0x0000000000001d3e      0x410 ./out/lib/sapi_bm.a(sAPI_AnalogIO.o)
 .debug_info    0x000000000000214e       0xbd ./out/lib/sapi_bm.a(sAPI_Board.o)
 .debug_info    0x000000000000220b      0x246 ./out/lib/sapi_bm.a(sAPI_Delay.o)
 .debug_info    0x0000000000002451      0xc47 ./out/lib/sapi_bm.a(sAPI_DigitalIO.o)
 .debug_info    0x0000000000003098      0x815 ./out/lib/sapi_bm.a(sAPI_Pwm.o)
 .debug_info    0x00000000000038ad     0x104b ./out/lib/sapi_bm.a(sAPI_Sct.o)
 .debug_info    0x00000000000048f8      0xbd5 ./out/lib/sapi_bm.a(sAPI_Tick.o)
 .debug_info    0x00000000000054cd      0xbff ./out/lib/sapi_bm.a(sAPI_Uart.o)
 .debug_info    0x00000000000060cc       0xf7 ./out/lib/sapi_bm.a(sAPI_DataTypes.o)
 .debug_info    0x00000000000061c3      0x97e ./out/lib/ext_drivers.a(adc_18xx_43xx.o)
 .debug_info    0x0000000000006b41      0xa47 ./out/lib/ext_drivers.a(chip_18xx_43xx.o)
 .debug_info    0x0000000000007588     0x15b1 ./out/lib/ext_drivers.a(clock_18xx_43xx.o)
 .debug_info    0x0000000000008b39      0x1c8 ./out/lib/ext_drivers.a(cr_startup_lpc43xx.o)
 .debug_info    0x0000000000008d01      0x3b1 ./out/lib/ext_drivers.a(dac_18xx_43xx.o)
 .debug_info    0x00000000000090b2      0x456 ./out/lib/ext_drivers.a(gpio_18xx_43xx.o)
 .debug_info    0x0000000000009508      0x989 ./out/lib/ext_drivers.a(sct_18xx_43xx.o)
 .debug_info    0x0000000000009e91      0xa57 ./out/lib/ext_drivers.a(sct_pwm_18xx_43xx.o)
 .debug_info    0x000000000000a8e8      0x5b8 ./out/lib/ext_drivers.a(sysinit.o)
 .debug_info    0x000000000000aea0      0x913 ./out/lib/ext_drivers.a(sysinit_18xx_43xx.o)
 .debug_info    0x000000000000b7b3     0x10d9 ./out/lib/ext_drivers.a(uart_18xx_43xx.o)
 .debug_info    0x000000000000c88c      0x145 ./out/lib/ext_drivers.a(fpu_init.o)
 .debug_info    0x000000000000c9d1       0xeb ./out/lib/sapi_bm.a(sAPI_IsrVector.o)
 .debug_info    0x000000000000cabc     0x1180 ./out/lib/sapi_bm.a(sAPI_Timer.o)

.debug_abbrev   0x0000000000000000     0x2767
 .debug_abbrev  0x0000000000000000      0x1e9 ./out/obj/baremetal.o
 .debug_abbrev  0x00000000000001e9      0x12c ./out/obj/gprs.o
 .debug_abbrev  0x0000000000000315      0x1f7 ./out/obj/gps.o
 .debug_abbrev  0x000000000000050c       0x36 ./out/obj/crp.o
 .debug_abbrev  0x0000000000000542      0x146 ./out/lib/sapi_bm.a(sAPI_AnalogIO.o)
 .debug_abbrev  0x0000000000000688       0x6a ./out/lib/sapi_bm.a(sAPI_Board.o)
 .debug_abbrev  0x00000000000006f2      0x105 ./out/lib/sapi_bm.a(sAPI_Delay.o)
 .debug_abbrev  0x00000000000007f7      0x1e9 ./out/lib/sapi_bm.a(sAPI_DigitalIO.o)
 .debug_abbrev  0x00000000000009e0      0x141 ./out/lib/sapi_bm.a(sAPI_Pwm.o)
 .debug_abbrev  0x0000000000000b21      0x239 ./out/lib/sapi_bm.a(sAPI_Sct.o)
 .debug_abbrev  0x0000000000000d5a      0x21d ./out/lib/sapi_bm.a(sAPI_Tick.o)
 .debug_abbrev  0x0000000000000f77      0x2ab ./out/lib/sapi_bm.a(sAPI_Uart.o)
 .debug_abbrev  0x0000000000001222       0x84 ./out/lib/sapi_bm.a(sAPI_DataTypes.o)
 .debug_abbrev  0x00000000000012a6      0x1bf ./out/lib/ext_drivers.a(adc_18xx_43xx.o)
 .debug_abbrev  0x0000000000001465      0x155 ./out/lib/ext_drivers.a(chip_18xx_43xx.o)
 .debug_abbrev  0x00000000000015ba      0x2cb ./out/lib/ext_drivers.a(clock_18xx_43xx.o)
 .debug_abbrev  0x0000000000001885       0xc0 ./out/lib/ext_drivers.a(cr_startup_lpc43xx.o)
 .debug_abbrev  0x0000000000001945       0xfb ./out/lib/ext_drivers.a(dac_18xx_43xx.o)
 .debug_abbrev  0x0000000000001a40      0x111 ./out/lib/ext_drivers.a(gpio_18xx_43xx.o)
 .debug_abbrev  0x0000000000001b51      0x19d ./out/lib/ext_drivers.a(sct_18xx_43xx.o)
 .debug_abbrev  0x0000000000001cee      0x203 ./out/lib/ext_drivers.a(sct_pwm_18xx_43xx.o)
 .debug_abbrev  0x0000000000001ef1       0xce ./out/lib/ext_drivers.a(sysinit.o)
 .debug_abbrev  0x0000000000001fbf      0x18e ./out/lib/ext_drivers.a(sysinit_18xx_43xx.o)
 .debug_abbrev  0x000000000000214d      0x2c0 ./out/lib/ext_drivers.a(uart_18xx_43xx.o)
 .debug_abbrev  0x000000000000240d       0x84 ./out/lib/ext_drivers.a(fpu_init.o)
 .debug_abbrev  0x0000000000002491       0x72 ./out/lib/sapi_bm.a(sAPI_IsrVector.o)
 .debug_abbrev  0x0000000000002503      0x264 ./out/lib/sapi_bm.a(sAPI_Timer.o)

.debug_aranges  0x0000000000000000      0xa78
 .debug_aranges
                0x0000000000000000       0x50 ./out/obj/baremetal.o
 .debug_aranges
                0x0000000000000050       0x38 ./out/obj/gprs.o
 .debug_aranges
                0x0000000000000088       0xb0 ./out/obj/gps.o
 .debug_aranges
                0x0000000000000138       0x18 ./out/obj/crp.o
 .debug_aranges
                0x0000000000000150       0x38 ./out/lib/sapi_bm.a(sAPI_AnalogIO.o)
 .debug_aranges
                0x0000000000000188       0x20 ./out/lib/sapi_bm.a(sAPI_Board.o)
 .debug_aranges
                0x00000000000001a8       0x40 ./out/lib/sapi_bm.a(sAPI_Delay.o)
 .debug_aranges
                0x00000000000001e8       0x58 ./out/lib/sapi_bm.a(sAPI_DigitalIO.o)
 .debug_aranges
                0x0000000000000240       0x50 ./out/lib/sapi_bm.a(sAPI_Pwm.o)
 .debug_aranges
                0x0000000000000290       0x90 ./out/lib/sapi_bm.a(sAPI_Sct.o)
 .debug_aranges
                0x0000000000000320       0x48 ./out/lib/sapi_bm.a(sAPI_Tick.o)
 .debug_aranges
                0x0000000000000368       0xa0 ./out/lib/sapi_bm.a(sAPI_Uart.o)
 .debug_aranges
                0x0000000000000408       0x20 ./out/lib/sapi_bm.a(sAPI_DataTypes.o)
 .debug_aranges
                0x0000000000000428       0x98 ./out/lib/ext_drivers.a(adc_18xx_43xx.o)
 .debug_aranges
                0x00000000000004c0       0x40 ./out/lib/ext_drivers.a(chip_18xx_43xx.o)
 .debug_aranges
                0x0000000000000500      0x138 ./out/lib/ext_drivers.a(clock_18xx_43xx.o)
 .debug_aranges
                0x0000000000000638       0x30 ./out/lib/ext_drivers.a(cr_startup_lpc43xx.o)
 .debug_aranges
                0x0000000000000668       0x38 ./out/lib/ext_drivers.a(dac_18xx_43xx.o)
 .debug_aranges
                0x00000000000006a0       0x68 ./out/lib/ext_drivers.a(gpio_18xx_43xx.o)
 .debug_aranges
                0x0000000000000708       0x38 ./out/lib/ext_drivers.a(sct_18xx_43xx.o)
 .debug_aranges
                0x0000000000000740       0x50 ./out/lib/ext_drivers.a(sct_pwm_18xx_43xx.o)
 .debug_aranges
                0x0000000000000790       0x20 ./out/lib/ext_drivers.a(sysinit.o)
 .debug_aranges
                0x00000000000007b0       0x50 ./out/lib/ext_drivers.a(sysinit_18xx_43xx.o)
 .debug_aranges
                0x0000000000000800      0x118 ./out/lib/ext_drivers.a(uart_18xx_43xx.o)
 .debug_aranges
                0x0000000000000918       0x20 ./out/lib/ext_drivers.a(fpu_init.o)
 .debug_aranges
                0x0000000000000938       0x58 ./out/lib/sapi_bm.a(sAPI_IsrVector.o)
 .debug_aranges
                0x0000000000000990       0xe8 ./out/lib/sapi_bm.a(sAPI_Timer.o)

.debug_ranges   0x0000000000000000      0x8f0
 .debug_ranges  0x0000000000000000       0x40 ./out/obj/baremetal.o
 .debug_ranges  0x0000000000000040       0x28 ./out/obj/gprs.o
 .debug_ranges  0x0000000000000068       0xa0 ./out/obj/gps.o
 .debug_ranges  0x0000000000000108       0x28 ./out/lib/sapi_bm.a(sAPI_AnalogIO.o)
 .debug_ranges  0x0000000000000130       0x10 ./out/lib/sapi_bm.a(sAPI_Board.o)
 .debug_ranges  0x0000000000000140       0x30 ./out/lib/sapi_bm.a(sAPI_Delay.o)
 .debug_ranges  0x0000000000000170       0x48 ./out/lib/sapi_bm.a(sAPI_DigitalIO.o)
 .debug_ranges  0x00000000000001b8       0x40 ./out/lib/sapi_bm.a(sAPI_Pwm.o)
 .debug_ranges  0x00000000000001f8       0x80 ./out/lib/sapi_bm.a(sAPI_Sct.o)
 .debug_ranges  0x0000000000000278       0x38 ./out/lib/sapi_bm.a(sAPI_Tick.o)
 .debug_ranges  0x00000000000002b0       0x90 ./out/lib/sapi_bm.a(sAPI_Uart.o)
 .debug_ranges  0x0000000000000340       0x10 ./out/lib/sapi_bm.a(sAPI_DataTypes.o)
 .debug_ranges  0x0000000000000350       0x88 ./out/lib/ext_drivers.a(adc_18xx_43xx.o)
 .debug_ranges  0x00000000000003d8       0x30 ./out/lib/ext_drivers.a(chip_18xx_43xx.o)
 .debug_ranges  0x0000000000000408      0x140 ./out/lib/ext_drivers.a(clock_18xx_43xx.o)
 .debug_ranges  0x0000000000000548       0x20 ./out/lib/ext_drivers.a(cr_startup_lpc43xx.o)
 .debug_ranges  0x0000000000000568       0x28 ./out/lib/ext_drivers.a(dac_18xx_43xx.o)
 .debug_ranges  0x0000000000000590       0x58 ./out/lib/ext_drivers.a(gpio_18xx_43xx.o)
 .debug_ranges  0x00000000000005e8       0x28 ./out/lib/ext_drivers.a(sct_18xx_43xx.o)
 .debug_ranges  0x0000000000000610       0x40 ./out/lib/ext_drivers.a(sct_pwm_18xx_43xx.o)
 .debug_ranges  0x0000000000000650       0x10 ./out/lib/ext_drivers.a(sysinit.o)
 .debug_ranges  0x0000000000000660       0x40 ./out/lib/ext_drivers.a(sysinit_18xx_43xx.o)
 .debug_ranges  0x00000000000006a0      0x120 ./out/lib/ext_drivers.a(uart_18xx_43xx.o)
 .debug_ranges  0x00000000000007c0       0x10 ./out/lib/ext_drivers.a(fpu_init.o)
 .debug_ranges  0x00000000000007d0       0x48 ./out/lib/sapi_bm.a(sAPI_IsrVector.o)
 .debug_ranges  0x0000000000000818       0xd8 ./out/lib/sapi_bm.a(sAPI_Timer.o)

.debug_macro    0x0000000000000000     0x9919
 .debug_macro   0x0000000000000000      0x473 ./out/obj/baremetal.o
 .debug_macro   0x0000000000000473      0x89e ./out/obj/baremetal.o
 .debug_macro   0x0000000000000d11       0x22 ./out/obj/baremetal.o
 .debug_macro   0x0000000000000d33       0x87 ./out/obj/baremetal.o
 .debug_macro   0x0000000000000dba       0x44 ./out/obj/baremetal.o
 .debug_macro   0x0000000000000dfe       0xfd ./out/obj/baremetal.o
 .debug_macro   0x0000000000000efb       0x5e ./out/obj/baremetal.o
 .debug_macro   0x0000000000000f59      0x1df ./out/obj/baremetal.o
 .debug_macro   0x0000000000001138       0x10 ./out/obj/baremetal.o
 .debug_macro   0x0000000000001148       0x10 ./out/obj/baremetal.o
 .debug_macro   0x0000000000001158       0x22 ./out/obj/baremetal.o
 .debug_macro   0x000000000000117a       0x66 ./out/obj/baremetal.o
 .debug_macro   0x00000000000011e0       0x28 ./out/obj/baremetal.o
 .debug_macro   0x0000000000001208       0x3b ./out/obj/baremetal.o
 .debug_macro   0x0000000000001243       0x2d ./out/obj/baremetal.o
 .debug_macro   0x0000000000001270       0x42 ./out/obj/baremetal.o
 .debug_macro   0x00000000000012b2      0xd39 ./out/obj/baremetal.o
 .debug_macro   0x0000000000001feb      0x2bc ./out/obj/baremetal.o
 .debug_macro   0x00000000000022a7      0x112 ./out/obj/baremetal.o
 .debug_macro   0x00000000000023b9       0x11 ./out/obj/baremetal.o
 .debug_macro   0x00000000000023ca       0x2a ./out/obj/baremetal.o
 .debug_macro   0x00000000000023f4       0x16 ./out/obj/baremetal.o
 .debug_macro   0x000000000000240a      0x2e6 ./out/obj/baremetal.o
 .debug_macro   0x00000000000026f0       0x82 ./out/obj/baremetal.o
 .debug_macro   0x0000000000002772      0x13d ./out/obj/baremetal.o
 .debug_macro   0x00000000000028af      0x198 ./out/obj/baremetal.o
 .debug_macro   0x0000000000002a47       0x34 ./out/obj/baremetal.o
 .debug_macro   0x0000000000002a7b       0x58 ./out/obj/baremetal.o
 .debug_macro   0x0000000000002ad3      0x236 ./out/obj/baremetal.o
 .debug_macro   0x0000000000002d09      0x572 ./out/obj/baremetal.o
 .debug_macro   0x000000000000327b       0x16 ./out/obj/baremetal.o
 .debug_macro   0x0000000000003291      0x18a ./out/obj/baremetal.o
 .debug_macro   0x000000000000341b       0x88 ./out/obj/baremetal.o
 .debug_macro   0x00000000000034a3      0x1b9 ./out/obj/baremetal.o
 .debug_macro   0x000000000000365c      0x1da ./out/obj/baremetal.o
 .debug_macro   0x0000000000003836       0x40 ./out/obj/baremetal.o
 .debug_macro   0x0000000000003876       0x1c ./out/obj/baremetal.o
 .debug_macro   0x0000000000003892       0x2e ./out/obj/baremetal.o
 .debug_macro   0x00000000000038c0       0x2e ./out/obj/baremetal.o
 .debug_macro   0x00000000000038ee       0x22 ./out/obj/baremetal.o
 .debug_macro   0x0000000000003910      0x201 ./out/obj/baremetal.o
 .debug_macro   0x0000000000003b11       0xe0 ./out/obj/baremetal.o
 .debug_macro   0x0000000000003bf1      0x34c ./out/obj/baremetal.o
 .debug_macro   0x0000000000003f3d       0xdc ./out/obj/baremetal.o
 .debug_macro   0x0000000000004019       0xc4 ./out/obj/baremetal.o
 .debug_macro   0x00000000000040dd       0x94 ./out/obj/baremetal.o
 .debug_macro   0x0000000000004171       0xb8 ./out/obj/baremetal.o
 .debug_macro   0x0000000000004229       0x4c ./out/obj/baremetal.o
 .debug_macro   0x0000000000004275       0x16 ./out/obj/baremetal.o
 .debug_macro   0x000000000000428b      0x328 ./out/obj/baremetal.o
 .debug_macro   0x00000000000045b3       0x3a ./out/obj/baremetal.o
 .debug_macro   0x00000000000045ed       0xd0 ./out/obj/baremetal.o
 .debug_macro   0x00000000000046bd       0x18 ./out/obj/baremetal.o
 .debug_macro   0x00000000000046d5       0x22 ./out/obj/baremetal.o
 .debug_macro   0x00000000000046f7       0x40 ./out/obj/baremetal.o
 .debug_macro   0x0000000000004737       0x28 ./out/obj/baremetal.o
 .debug_macro   0x000000000000475f       0x10 ./out/obj/baremetal.o
 .debug_macro   0x000000000000476f       0x70 ./out/obj/baremetal.o
 .debug_macro   0x00000000000047df       0x52 ./out/obj/baremetal.o
 .debug_macro   0x0000000000004831       0x35 ./out/obj/baremetal.o
 .debug_macro   0x0000000000004866       0x9c ./out/obj/baremetal.o
 .debug_macro   0x0000000000004902      0x174 ./out/obj/baremetal.o
 .debug_macro   0x0000000000004a76       0x52 ./out/obj/baremetal.o
 .debug_macro   0x0000000000004ac8       0x1f ./out/obj/baremetal.o
 .debug_macro   0x0000000000004ae7       0x43 ./out/obj/baremetal.o
 .debug_macro   0x0000000000004b2a       0x20 ./out/obj/baremetal.o
 .debug_macro   0x0000000000004b4a      0x187 ./out/obj/baremetal.o
 .debug_macro   0x0000000000004cd1      0x30d ./out/obj/baremetal.o
 .debug_macro   0x0000000000004fde       0x10 ./out/obj/baremetal.o
 .debug_macro   0x0000000000004fee       0x35 ./out/obj/baremetal.o
 .debug_macro   0x0000000000005023      0x456 ./out/obj/gprs.o
 .debug_macro   0x0000000000005479      0x47c ./out/obj/gps.o
 .debug_macro   0x00000000000058f5       0x17 ./out/obj/crp.o
 .debug_macro   0x000000000000590c      0x31e ./out/lib/sapi_bm.a(sAPI_AnalogIO.o)
 .debug_macro   0x0000000000005c2a       0x2e ./out/lib/sapi_bm.a(sAPI_AnalogIO.o)
 .debug_macro   0x0000000000005c58      0x30b ./out/lib/sapi_bm.a(sAPI_Board.o)
 .debug_macro   0x0000000000005f63      0x327 ./out/lib/sapi_bm.a(sAPI_Delay.o)
 .debug_macro   0x000000000000628a      0x322 ./out/lib/sapi_bm.a(sAPI_DigitalIO.o)
 .debug_macro   0x00000000000065ac      0x346 ./out/lib/sapi_bm.a(sAPI_Pwm.o)
 .debug_macro   0x00000000000068f2      0x324 ./out/lib/sapi_bm.a(sAPI_Sct.o)
 .debug_macro   0x0000000000006c16      0x322 ./out/lib/sapi_bm.a(sAPI_Tick.o)
 .debug_macro   0x0000000000006f38      0x472 ./out/lib/sapi_bm.a(sAPI_Uart.o)
 .debug_macro   0x00000000000073aa      0x310 ./out/lib/sapi_bm.a(sAPI_DataTypes.o)
 .debug_macro   0x00000000000076ba      0x301 ./out/lib/ext_drivers.a(adc_18xx_43xx.o)
 .debug_macro   0x00000000000079bb      0x301 ./out/lib/ext_drivers.a(chip_18xx_43xx.o)
 .debug_macro   0x0000000000007cbc      0x307 ./out/lib/ext_drivers.a(clock_18xx_43xx.o)
 .debug_macro   0x0000000000007fc3       0x23 ./out/lib/ext_drivers.a(cr_startup_lpc43xx.o)
 .debug_macro   0x0000000000007fe6      0x301 ./out/lib/ext_drivers.a(dac_18xx_43xx.o)
 .debug_macro   0x00000000000082e7      0x301 ./out/lib/ext_drivers.a(gpio_18xx_43xx.o)
 .debug_macro   0x00000000000085e8      0x301 ./out/lib/ext_drivers.a(sct_18xx_43xx.o)
 .debug_macro   0x00000000000088e9      0x301 ./out/lib/ext_drivers.a(sct_pwm_18xx_43xx.o)
 .debug_macro   0x0000000000008bea      0x301 ./out/lib/ext_drivers.a(sysinit.o)
 .debug_macro   0x0000000000008eeb      0x301 ./out/lib/ext_drivers.a(sysinit_18xx_43xx.o)
 .debug_macro   0x00000000000091ec      0x301 ./out/lib/ext_drivers.a(uart_18xx_43xx.o)
 .debug_macro   0x00000000000094ed       0xe7 ./out/lib/ext_drivers.a(fpu_init.o)
 .debug_macro   0x00000000000095d4       0x1b ./out/lib/sapi_bm.a(sAPI_IsrVector.o)
 .debug_macro   0x00000000000095ef      0x32a ./out/lib/sapi_bm.a(sAPI_Timer.o)

.debug_line     0x0000000000000000     0xcf8d
 .debug_line    0x0000000000000000      0xab7 ./out/obj/baremetal.o
 .debug_line    0x0000000000000ab7      0x9d8 ./out/obj/gprs.o
 .debug_line    0x000000000000148f      0xb40 ./out/obj/gps.o
 .debug_line    0x0000000000001fcf       0x4c ./out/obj/crp.o
 .debug_line    0x000000000000201b      0x802 ./out/lib/sapi_bm.a(sAPI_AnalogIO.o)
 .debug_line    0x000000000000281d      0x76c ./out/lib/sapi_bm.a(sAPI_Board.o)
 .debug_line    0x0000000000002f89      0x7f7 ./out/lib/sapi_bm.a(sAPI_Delay.o)
 .debug_line    0x0000000000003780      0x85f ./out/lib/sapi_bm.a(sAPI_DigitalIO.o)
 .debug_line    0x0000000000003fdf      0x843 ./out/lib/sapi_bm.a(sAPI_Pwm.o)
 .debug_line    0x0000000000004822      0x8b1 ./out/lib/sapi_bm.a(sAPI_Sct.o)
 .debug_line    0x00000000000050d3      0x810 ./out/lib/sapi_bm.a(sAPI_Tick.o)
 .debug_line    0x00000000000058e3      0xabc ./out/lib/sapi_bm.a(sAPI_Uart.o)
 .debug_line    0x000000000000639f      0x774 ./out/lib/sapi_bm.a(sAPI_DataTypes.o)
 .debug_line    0x0000000000006b13      0x8ad ./out/lib/ext_drivers.a(adc_18xx_43xx.o)
 .debug_line    0x00000000000073c0      0x7c6 ./out/lib/ext_drivers.a(chip_18xx_43xx.o)
 .debug_line    0x0000000000007b86      0xbc3 ./out/lib/ext_drivers.a(clock_18xx_43xx.o)
 .debug_line    0x0000000000008749       0xe3 ./out/lib/ext_drivers.a(cr_startup_lpc43xx.o)
 .debug_line    0x000000000000882c      0x796 ./out/lib/ext_drivers.a(dac_18xx_43xx.o)
 .debug_line    0x0000000000008fc2      0x817 ./out/lib/ext_drivers.a(gpio_18xx_43xx.o)
 .debug_line    0x00000000000097d9      0x797 ./out/lib/ext_drivers.a(sct_18xx_43xx.o)
 .debug_line    0x0000000000009f70      0x7e3 ./out/lib/ext_drivers.a(sct_pwm_18xx_43xx.o)
 .debug_line    0x000000000000a753      0x75a ./out/lib/ext_drivers.a(sysinit.o)
 .debug_line    0x000000000000aead      0x834 ./out/lib/ext_drivers.a(sysinit_18xx_43xx.o)
 .debug_line    0x000000000000b6e1      0xaa3 ./out/lib/ext_drivers.a(uart_18xx_43xx.o)
 .debug_line    0x000000000000c184      0x372 ./out/lib/ext_drivers.a(fpu_init.o)
 .debug_line    0x000000000000c4f6       0xb0 ./out/lib/sapi_bm.a(sAPI_IsrVector.o)
 .debug_line    0x000000000000c5a6      0x9e7 ./out/lib/sapi_bm.a(sAPI_Timer.o)

.debug_str      0x0000000000000000    0x1af30
 .debug_str     0x0000000000000000    0x180cd ./out/obj/baremetal.o
                                      0x1836f (size before relaxing)
 .debug_str     0x00000000000180cd       0xfa ./out/obj/gprs.o
                                      0x17fa1 (size before relaxing)
 .debug_str     0x00000000000181c7      0x362 ./out/obj/gps.o
                                      0x1820e (size before relaxing)
 .debug_str     0x0000000000018529       0x4b ./out/obj/crp.o
                                       0x2552 (size before relaxing)
 .debug_str     0x0000000000018574      0x2a1 ./out/lib/sapi_bm.a(sAPI_AnalogIO.o)
                                      0x14b1e (size before relaxing)
 .debug_str     0x0000000000018815       0x2f ./out/lib/sapi_bm.a(sAPI_Board.o)
                                      0x147ae (size before relaxing)
 .debug_str     0x0000000000018844       0x88 ./out/lib/sapi_bm.a(sAPI_Delay.o)
                                      0x148c6 (size before relaxing)
 .debug_str     0x00000000000188cc      0x1d9 ./out/lib/sapi_bm.a(sAPI_DigitalIO.o)
                                      0x15482 (size before relaxing)
 .debug_str     0x0000000000018aa5       0xfe ./out/lib/sapi_bm.a(sAPI_Pwm.o)
                                      0x153dc (size before relaxing)
 .debug_str     0x0000000000018ba3      0x334 ./out/lib/sapi_bm.a(sAPI_Sct.o)
                                      0x15698 (size before relaxing)
 .debug_str     0x0000000000018ed7      0x481 ./out/lib/sapi_bm.a(sAPI_Tick.o)
                                      0x15721 (size before relaxing)
 .debug_str     0x0000000000019358      0x1f3 ./out/lib/sapi_bm.a(sAPI_Uart.o)
                                      0x17b5f (size before relaxing)
 .debug_str     0x000000000001954b       0x38 ./out/lib/sapi_bm.a(sAPI_DataTypes.o)
                                      0x14802 (size before relaxing)
 .debug_str     0x0000000000019583      0x2a6 ./out/lib/ext_drivers.a(adc_18xx_43xx.o)
                                      0x15017 (size before relaxing)
 .debug_str     0x0000000000019829      0x275 ./out/lib/ext_drivers.a(chip_18xx_43xx.o)
                                      0x154ea (size before relaxing)
 .debug_str     0x0000000000019a9e      0x635 ./out/lib/ext_drivers.a(clock_18xx_43xx.o)
                                      0x15a77 (size before relaxing)
 .debug_str     0x000000000001a0d3      0x175 ./out/lib/ext_drivers.a(cr_startup_lpc43xx.o)
                                       0x2687 (size before relaxing)
 .debug_str     0x000000000001a248       0xd3 ./out/lib/ext_drivers.a(dac_18xx_43xx.o)
                                      0x14c42 (size before relaxing)
 .debug_str     0x000000000001a31b      0x139 ./out/lib/ext_drivers.a(gpio_18xx_43xx.o)
                                      0x148f6 (size before relaxing)
 .debug_str     0x000000000001a454       0x94 ./out/lib/ext_drivers.a(sct_18xx_43xx.o)
                                      0x14e04 (size before relaxing)
 .debug_str     0x000000000001a4e8       0xb3 ./out/lib/ext_drivers.a(sct_pwm_18xx_43xx.o)
                                      0x14e90 (size before relaxing)
 .debug_str     0x000000000001a59b       0x33 ./out/lib/ext_drivers.a(sysinit.o)
                                      0x151f3 (size before relaxing)
 .debug_str     0x000000000001a5ce      0x109 ./out/lib/ext_drivers.a(sysinit_18xx_43xx.o)
                                      0x154b9 (size before relaxing)
 .debug_str     0x000000000001a6d7      0x328 ./out/lib/ext_drivers.a(uart_18xx_43xx.o)
                                      0x15632 (size before relaxing)
 .debug_str     0x000000000001a9ff       0xd7 ./out/lib/ext_drivers.a(fpu_init.o)
                                       0x9089 (size before relaxing)
 .debug_str     0x000000000001aad6       0xa6 ./out/lib/sapi_bm.a(sAPI_IsrVector.o)
                                       0x25c5 (size before relaxing)
 .debug_str     0x000000000001ab7c      0x3b4 ./out/lib/sapi_bm.a(sAPI_Timer.o)
                                      0x15a17 (size before relaxing)

.comment        0x0000000000000000       0x6e
 .comment       0x0000000000000000       0x6e ./out/obj/baremetal.o
                                         0x6f (size before relaxing)
 .comment       0x000000000000006e       0x6f ./out/obj/gprs.o
 .comment       0x000000000000006e       0x6f ./out/obj/gps.o
 .comment       0x000000000000006e       0x6f ./out/obj/crp.o
 .comment       0x000000000000006e       0x6f ./out/lib/sapi_bm.a(sAPI_AnalogIO.o)
 .comment       0x000000000000006e       0x6f ./out/lib/sapi_bm.a(sAPI_Board.o)
 .comment       0x000000000000006e       0x6f ./out/lib/sapi_bm.a(sAPI_Delay.o)
 .comment       0x000000000000006e       0x6f ./out/lib/sapi_bm.a(sAPI_DigitalIO.o)
 .comment       0x000000000000006e       0x6f ./out/lib/sapi_bm.a(sAPI_Pwm.o)
 .comment       0x000000000000006e       0x6f ./out/lib/sapi_bm.a(sAPI_Sct.o)
 .comment       0x000000000000006e       0x6f ./out/lib/sapi_bm.a(sAPI_Tick.o)
 .comment       0x000000000000006e       0x6f ./out/lib/sapi_bm.a(sAPI_Uart.o)
 .comment       0x000000000000006e       0x6f ./out/lib/sapi_bm.a(sAPI_DataTypes.o)
 .comment       0x000000000000006e       0x6f ./out/lib/ext_drivers.a(adc_18xx_43xx.o)
 .comment       0x000000000000006e       0x6f ./out/lib/ext_drivers.a(chip_18xx_43xx.o)
 .comment       0x000000000000006e       0x6f ./out/lib/ext_drivers.a(clock_18xx_43xx.o)
 .comment       0x000000000000006e       0x6f ./out/lib/ext_drivers.a(cr_startup_lpc43xx.o)
 .comment       0x000000000000006e       0x6f ./out/lib/ext_drivers.a(dac_18xx_43xx.o)
 .comment       0x000000000000006e       0x6f ./out/lib/ext_drivers.a(gpio_18xx_43xx.o)
 .comment       0x000000000000006e       0x6f ./out/lib/ext_drivers.a(sct_18xx_43xx.o)
 .comment       0x000000000000006e       0x6f ./out/lib/ext_drivers.a(sct_pwm_18xx_43xx.o)
 .comment       0x000000000000006e       0x6f ./out/lib/ext_drivers.a(sysinit.o)
 .comment       0x000000000000006e       0x6f ./out/lib/ext_drivers.a(sysinit_18xx_43xx.o)
 .comment       0x000000000000006e       0x6f ./out/lib/ext_drivers.a(uart_18xx_43xx.o)
 .comment       0x000000000000006e       0x6f ./out/lib/ext_drivers.a(fpu_init.o)
 .comment       0x000000000000006e       0x6f ./out/lib/sapi_bm.a(sAPI_IsrVector.o)
 .comment       0x000000000000006e       0x6f ./out/lib/sapi_bm.a(sAPI_Timer.o)

.ARM.attributes
                0x0000000000000000       0x35
 .ARM.attributes
                0x0000000000000000       0x37 ./out/obj/baremetal.o
 .ARM.attributes
                0x0000000000000037       0x37 ./out/obj/gprs.o
 .ARM.attributes
                0x000000000000006e       0x37 ./out/obj/gps.o
 .ARM.attributes
                0x00000000000000a5       0x37 ./out/obj/crp.o
 .ARM.attributes
                0x00000000000000dc       0x37 ./out/lib/sapi_bm.a(sAPI_AnalogIO.o)
 .ARM.attributes
                0x0000000000000113       0x37 ./out/lib/sapi_bm.a(sAPI_Board.o)
 .ARM.attributes
                0x000000000000014a       0x37 ./out/lib/sapi_bm.a(sAPI_Delay.o)
 .ARM.attributes
                0x0000000000000181       0x37 ./out/lib/sapi_bm.a(sAPI_DigitalIO.o)
 .ARM.attributes
                0x00000000000001b8       0x37 ./out/lib/sapi_bm.a(sAPI_Pwm.o)
 .ARM.attributes
                0x00000000000001ef       0x37 ./out/lib/sapi_bm.a(sAPI_Sct.o)
 .ARM.attributes
                0x0000000000000226       0x37 ./out/lib/sapi_bm.a(sAPI_Tick.o)
 .ARM.attributes
                0x000000000000025d       0x37 ./out/lib/sapi_bm.a(sAPI_Uart.o)
 .ARM.attributes
                0x0000000000000294       0x37 ./out/lib/sapi_bm.a(sAPI_DataTypes.o)
 .ARM.attributes
                0x00000000000002cb       0x37 ./out/lib/ext_drivers.a(adc_18xx_43xx.o)
 .ARM.attributes
                0x0000000000000302       0x37 ./out/lib/ext_drivers.a(chip_18xx_43xx.o)
 .ARM.attributes
                0x0000000000000339       0x37 ./out/lib/ext_drivers.a(clock_18xx_43xx.o)
 .ARM.attributes
                0x0000000000000370       0x37 ./out/lib/ext_drivers.a(cr_startup_lpc43xx.o)
 .ARM.attributes
                0x00000000000003a7       0x37 ./out/lib/ext_drivers.a(dac_18xx_43xx.o)
 .ARM.attributes
                0x00000000000003de       0x37 ./out/lib/ext_drivers.a(gpio_18xx_43xx.o)
 .ARM.attributes
                0x0000000000000415       0x37 ./out/lib/ext_drivers.a(sct_18xx_43xx.o)
 .ARM.attributes
                0x000000000000044c       0x37 ./out/lib/ext_drivers.a(sct_pwm_18xx_43xx.o)
 .ARM.attributes
                0x0000000000000483       0x37 ./out/lib/ext_drivers.a(sysinit.o)
 .ARM.attributes
                0x00000000000004ba       0x37 ./out/lib/ext_drivers.a(sysinit_18xx_43xx.o)
 .ARM.attributes
                0x00000000000004f1       0x37 ./out/lib/ext_drivers.a(uart_18xx_43xx.o)
 .ARM.attributes
                0x0000000000000528       0x37 ./out/lib/ext_drivers.a(fpu_init.o)
 .ARM.attributes
                0x000000000000055f       0x37 ./out/lib/sapi_bm.a(sAPI_IsrVector.o)
 .ARM.attributes
                0x0000000000000596       0x37 ./out/lib/sapi_bm.a(sAPI_Timer.o)
 .ARM.attributes
                0x00000000000005cd       0x22 /usr/local/Caskroom/gcc-arm-embedded/5_4-2016q2,20160622/gcc-arm-none-eabi-5_4-2016q2/bin/../lib/gcc/arm-none-eabi/5.4.1/armv7e-m/softfp/libgcc.a(_arm_addsubdf3.o)
 .ARM.attributes
                0x00000000000005ef       0x22 /usr/local/Caskroom/gcc-arm-embedded/5_4-2016q2,20160622/gcc-arm-none-eabi-5_4-2016q2/bin/../lib/gcc/arm-none-eabi/5.4.1/armv7e-m/softfp/libgcc.a(_arm_muldivdf3.o)
 .ARM.attributes
                0x0000000000000611       0x22 /usr/local/Caskroom/gcc-arm-embedded/5_4-2016q2,20160622/gcc-arm-none-eabi-5_4-2016q2/bin/../lib/gcc/arm-none-eabi/5.4.1/armv7e-m/softfp/libgcc.a(_arm_fixunsdfsi.o)
 .ARM.attributes
                0x0000000000000633       0x22 /usr/local/Caskroom/gcc-arm-embedded/5_4-2016q2,20160622/gcc-arm-none-eabi-5_4-2016q2/bin/../lib/gcc/arm-none-eabi/5.4.1/armv7e-m/softfp/libgcc.a(_aeabi_uldivmod.o)
 .ARM.attributes
                0x0000000000000655       0x32 /usr/local/Caskroom/gcc-arm-embedded/5_4-2016q2,20160622/gcc-arm-none-eabi-5_4-2016q2/bin/../lib/gcc/arm-none-eabi/5.4.1/armv7e-m/softfp/libgcc.a(_udivmoddi4.o)
 .ARM.attributes
                0x0000000000000687       0x22 /usr/local/Caskroom/gcc-arm-embedded/5_4-2016q2,20160622/gcc-arm-none-eabi-5_4-2016q2/bin/../lib/gcc/arm-none-eabi/5.4.1/armv7e-m/softfp/libgcc.a(_dvmd_tls.o)
 .ARM.attributes
                0x00000000000006a9       0x32 /usr/local/Caskroom/gcc-arm-embedded/5_4-2016q2,20160622/gcc-arm-none-eabi-5_4-2016q2/bin/../lib/gcc/arm-none-eabi/5.4.1/../../../../arm-none-eabi/lib/armv7e-m/softfp/libc.a(lib_a-atoi.o)
 .ARM.attributes
                0x00000000000006db       0x32 /usr/local/Caskroom/gcc-arm-embedded/5_4-2016q2,20160622/gcc-arm-none-eabi-5_4-2016q2/bin/../lib/gcc/arm-none-eabi/5.4.1/../../../../arm-none-eabi/lib/armv7e-m/softfp/libc.a(lib_a-memset.o)
 .ARM.attributes
                0x000000000000070d       0x32 /usr/local/Caskroom/gcc-arm-embedded/5_4-2016q2,20160622/gcc-arm-none-eabi-5_4-2016q2/bin/../lib/gcc/arm-none-eabi/5.4.1/../../../../arm-none-eabi/lib/armv7e-m/softfp/libc.a(lib_a-strcat.o)
 .ARM.attributes
                0x000000000000073f       0x32 /usr/local/Caskroom/gcc-arm-embedded/5_4-2016q2,20160622/gcc-arm-none-eabi-5_4-2016q2/bin/../lib/gcc/arm-none-eabi/5.4.1/../../../../arm-none-eabi/lib/armv7e-m/softfp/libc.a(lib_a-strchr.o)
 .ARM.attributes
                0x0000000000000771       0x20 /usr/local/Caskroom/gcc-arm-embedded/5_4-2016q2,20160622/gcc-arm-none-eabi-5_4-2016q2/bin/../lib/gcc/arm-none-eabi/5.4.1/../../../../arm-none-eabi/lib/armv7e-m/softfp/libc.a(lib_a-strcmp.o)
 .ARM.attributes
                0x0000000000000791       0x32 /usr/local/Caskroom/gcc-arm-embedded/5_4-2016q2,20160622/gcc-arm-none-eabi-5_4-2016q2/bin/../lib/gcc/arm-none-eabi/5.4.1/../../../../arm-none-eabi/lib/armv7e-m/softfp/libc.a(lib_a-strcpy.o)
 .ARM.attributes
                0x00000000000007c3       0x20 /usr/local/Caskroom/gcc-arm-embedded/5_4-2016q2,20160622/gcc-arm-none-eabi-5_4-2016q2/bin/../lib/gcc/arm-none-eabi/5.4.1/../../../../arm-none-eabi/lib/armv7e-m/softfp/libc.a(lib_a-strlen.o)
 .ARM.attributes
                0x00000000000007e3       0x32 /usr/local/Caskroom/gcc-arm-embedded/5_4-2016q2,20160622/gcc-arm-none-eabi-5_4-2016q2/bin/../lib/gcc/arm-none-eabi/5.4.1/../../../../arm-none-eabi/lib/armv7e-m/softfp/libc.a(lib_a-strstr.o)
 .ARM.attributes
                0x0000000000000815       0x32 /usr/local/Caskroom/gcc-arm-embedded/5_4-2016q2,20160622/gcc-arm-none-eabi-5_4-2016q2/bin/../lib/gcc/arm-none-eabi/5.4.1/../../../../arm-none-eabi/lib/armv7e-m/softfp/libc.a(lib_a-strtol.o)
 .ARM.attributes
                0x0000000000000847       0x32 /usr/local/Caskroom/gcc-arm-embedded/5_4-2016q2,20160622/gcc-arm-none-eabi-5_4-2016q2/bin/../lib/gcc/arm-none-eabi/5.4.1/../../../../arm-none-eabi/lib/armv7e-m/softfp/libc.a(lib_a-ctype_.o)
 .ARM.attributes
                0x0000000000000879       0x32 /usr/local/Caskroom/gcc-arm-embedded/5_4-2016q2,20160622/gcc-arm-none-eabi-5_4-2016q2/bin/../lib/gcc/arm-none-eabi/5.4.1/../../../../arm-none-eabi/lib/armv7e-m/softfp/libc.a(lib_a-impure.o)
 .ARM.attributes
                0x00000000000008ab       0x20 /usr/local/Caskroom/gcc-arm-embedded/5_4-2016q2,20160622/gcc-arm-none-eabi-5_4-2016q2/bin/../lib/gcc/arm-none-eabi/5.4.1/../../../../arm-none-eabi/lib/armv7e-m/softfp/libc.a(lib_a-memchr.o)
 .ARM.attributes
                0x00000000000008cb       0x32 /usr/local/Caskroom/gcc-arm-embedded/5_4-2016q2,20160622/gcc-arm-none-eabi-5_4-2016q2/bin/../lib/gcc/arm-none-eabi/5.4.1/../../../../arm-none-eabi/lib/armv7e-m/softfp/libc.a(lib_a-memcmp.o)

.debug_frame    0x0000000000000000     0x2968
 .debug_frame   0x0000000000000000      0x12c ./out/obj/baremetal.o
 .debug_frame   0x000000000000012c       0x94 ./out/obj/gprs.o
 .debug_frame   0x00000000000001c0      0x288 ./out/obj/gps.o
 .debug_frame   0x0000000000000448       0xa4 ./out/lib/sapi_bm.a(sAPI_AnalogIO.o)
 .debug_frame   0x00000000000004ec       0x2c ./out/lib/sapi_bm.a(sAPI_Board.o)
 .debug_frame   0x0000000000000518       0xec ./out/lib/sapi_bm.a(sAPI_Delay.o)
 .debug_frame   0x0000000000000604      0x148 ./out/lib/sapi_bm.a(sAPI_DigitalIO.o)
 .debug_frame   0x000000000000074c      0x108 ./out/lib/sapi_bm.a(sAPI_Pwm.o)
 .debug_frame   0x0000000000000854      0x24c ./out/lib/sapi_bm.a(sAPI_Sct.o)
 .debug_frame   0x0000000000000aa0       0xf0 ./out/lib/sapi_bm.a(sAPI_Tick.o)
 .debug_frame   0x0000000000000b90      0x290 ./out/lib/sapi_bm.a(sAPI_Uart.o)
 .debug_frame   0x0000000000000e20       0x38 ./out/lib/sapi_bm.a(sAPI_DataTypes.o)
 .debug_frame   0x0000000000000e58      0x264 ./out/lib/ext_drivers.a(adc_18xx_43xx.o)
 .debug_frame   0x00000000000010bc       0xa0 ./out/lib/ext_drivers.a(chip_18xx_43xx.o)
 .debug_frame   0x000000000000115c      0x568 ./out/lib/ext_drivers.a(clock_18xx_43xx.o)
 .debug_frame   0x00000000000016c4       0x80 ./out/lib/ext_drivers.a(cr_startup_lpc43xx.o)
 .debug_frame   0x0000000000001744       0xa8 ./out/lib/ext_drivers.a(dac_18xx_43xx.o)
 .debug_frame   0x00000000000017ec      0x198 ./out/lib/ext_drivers.a(gpio_18xx_43xx.o)
 .debug_frame   0x0000000000001984       0xa8 ./out/lib/ext_drivers.a(sct_18xx_43xx.o)
 .debug_frame   0x0000000000001a2c      0x120 ./out/lib/ext_drivers.a(sct_pwm_18xx_43xx.o)
 .debug_frame   0x0000000000001b4c       0x34 ./out/lib/ext_drivers.a(sysinit.o)
 .debug_frame   0x0000000000001b80       0xf4 ./out/lib/ext_drivers.a(sysinit_18xx_43xx.o)
 .debug_frame   0x0000000000001c74      0x4e4 ./out/lib/ext_drivers.a(uart_18xx_43xx.o)
 .debug_frame   0x0000000000002158       0x38 ./out/lib/ext_drivers.a(fpu_init.o)
 .debug_frame   0x0000000000002190       0xd0 ./out/lib/sapi_bm.a(sAPI_IsrVector.o)
 .debug_frame   0x0000000000002260      0x3e4 ./out/lib/sapi_bm.a(sAPI_Timer.o)
 .debug_frame   0x0000000000002644       0x2c /usr/local/Caskroom/gcc-arm-embedded/5_4-2016q2,20160622/gcc-arm-none-eabi-5_4-2016q2/bin/../lib/gcc/arm-none-eabi/5.4.1/armv7e-m/softfp/libgcc.a(_aeabi_uldivmod.o)
 .debug_frame   0x0000000000002670       0x34 /usr/local/Caskroom/gcc-arm-embedded/5_4-2016q2,20160622/gcc-arm-none-eabi-5_4-2016q2/bin/../lib/gcc/arm-none-eabi/5.4.1/armv7e-m/softfp/libgcc.a(_udivmoddi4.o)
 .debug_frame   0x00000000000026a4       0x30 /usr/local/Caskroom/gcc-arm-embedded/5_4-2016q2,20160622/gcc-arm-none-eabi-5_4-2016q2/bin/../lib/gcc/arm-none-eabi/5.4.1/../../../../arm-none-eabi/lib/armv7e-m/softfp/libc.a(lib_a-atoi.o)
 .debug_frame   0x00000000000026d4       0x34 /usr/local/Caskroom/gcc-arm-embedded/5_4-2016q2,20160622/gcc-arm-none-eabi-5_4-2016q2/bin/../lib/gcc/arm-none-eabi/5.4.1/../../../../arm-none-eabi/lib/armv7e-m/softfp/libc.a(lib_a-memset.o)
 .debug_frame   0x0000000000002708       0x28 /usr/local/Caskroom/gcc-arm-embedded/5_4-2016q2,20160622/gcc-arm-none-eabi-5_4-2016q2/bin/../lib/gcc/arm-none-eabi/5.4.1/../../../../arm-none-eabi/lib/armv7e-m/softfp/libc.a(lib_a-strcat.o)
 .debug_frame   0x0000000000002730       0x4c /usr/local/Caskroom/gcc-arm-embedded/5_4-2016q2,20160622/gcc-arm-none-eabi-5_4-2016q2/bin/../lib/gcc/arm-none-eabi/5.4.1/../../../../arm-none-eabi/lib/armv7e-m/softfp/libc.a(lib_a-strchr.o)
 .debug_frame   0x000000000000277c       0x68 /usr/local/Caskroom/gcc-arm-embedded/5_4-2016q2,20160622/gcc-arm-none-eabi-5_4-2016q2/bin/../lib/gcc/arm-none-eabi/5.4.1/../../../../arm-none-eabi/lib/armv7e-m/softfp/libc.a(lib_a-strcmp.o)
 .debug_frame   0x00000000000027e4       0x20 /usr/local/Caskroom/gcc-arm-embedded/5_4-2016q2,20160622/gcc-arm-none-eabi-5_4-2016q2/bin/../lib/gcc/arm-none-eabi/5.4.1/../../../../arm-none-eabi/lib/armv7e-m/softfp/libc.a(lib_a-strcpy.o)
 .debug_frame   0x0000000000002804       0xd8 /usr/local/Caskroom/gcc-arm-embedded/5_4-2016q2,20160622/gcc-arm-none-eabi-5_4-2016q2/bin/../lib/gcc/arm-none-eabi/5.4.1/../../../../arm-none-eabi/lib/armv7e-m/softfp/libc.a(lib_a-strstr.o)
 .debug_frame   0x00000000000028dc       0x54 /usr/local/Caskroom/gcc-arm-embedded/5_4-2016q2,20160622/gcc-arm-none-eabi-5_4-2016q2/bin/../lib/gcc/arm-none-eabi/5.4.1/../../../../arm-none-eabi/lib/armv7e-m/softfp/libc.a(lib_a-strtol.o)
 .debug_frame   0x0000000000002930       0x38 /usr/local/Caskroom/gcc-arm-embedded/5_4-2016q2,20160622/gcc-arm-none-eabi-5_4-2016q2/bin/../lib/gcc/arm-none-eabi/5.4.1/../../../../arm-none-eabi/lib/armv7e-m/softfp/libc.a(lib_a-memcmp.o)
